Archive member included to satisfy reference by file (symbol)

/opt/st/stm32cubeide_1.10.0/plugins/com.st.stm32cube.ide.mcu.externaltools.gnu-tools-for-stm32.10.3-2021.10.linux64_1.0.0.202111181127/tools/bin/../lib/gcc/arm-none-eabi/10.3.1/../../../../arm-none-eabi/lib/thumb/v7e-m+fp/hard/libstdc++_nano.a(pure.o)
                              ./Core/Src/mainpp.o (__cxa_pure_virtual)
/opt/st/stm32cubeide_1.10.0/plugins/com.st.stm32cube.ide.mcu.externaltools.gnu-tools-for-stm32.10.3-2021.10.linux64_1.0.0.202111181127/tools/bin/../lib/gcc/arm-none-eabi/10.3.1/../../../../arm-none-eabi/lib/thumb/v7e-m+fp/hard/libstdc++_nano.a(eh_terminate.o)
                              /opt/st/stm32cubeide_1.10.0/plugins/com.st.stm32cube.ide.mcu.externaltools.gnu-tools-for-stm32.10.3-2021.10.linux64_1.0.0.202111181127/tools/bin/../lib/gcc/arm-none-eabi/10.3.1/../../../../arm-none-eabi/lib/thumb/v7e-m+fp/hard/libstdc++_nano.a(pure.o) (std::terminate())
/opt/st/stm32cubeide_1.10.0/plugins/com.st.stm32cube.ide.mcu.externaltools.gnu-tools-for-stm32.10.3-2021.10.linux64_1.0.0.202111181127/tools/bin/../lib/gcc/arm-none-eabi/10.3.1/../../../../arm-none-eabi/lib/thumb/v7e-m+fp/hard/libstdc++_nano.a(eh_unex_handler.o)
                              /opt/st/stm32cubeide_1.10.0/plugins/com.st.stm32cube.ide.mcu.externaltools.gnu-tools-for-stm32.10.3-2021.10.linux64_1.0.0.202111181127/tools/bin/../lib/gcc/arm-none-eabi/10.3.1/../../../../arm-none-eabi/lib/thumb/v7e-m+fp/hard/libstdc++_nano.a(eh_terminate.o) (__cxxabiv1::__unexpected_handler)
/opt/st/stm32cubeide_1.10.0/plugins/com.st.stm32cube.ide.mcu.externaltools.gnu-tools-for-stm32.10.3-2021.10.linux64_1.0.0.202111181127/tools/bin/../lib/gcc/arm-none-eabi/10.3.1/../../../../arm-none-eabi/lib/thumb/v7e-m+fp/hard/libstdc++_nano.a(eh_term_handler.o)
                              /opt/st/stm32cubeide_1.10.0/plugins/com.st.stm32cube.ide.mcu.externaltools.gnu-tools-for-stm32.10.3-2021.10.linux64_1.0.0.202111181127/tools/bin/../lib/gcc/arm-none-eabi/10.3.1/../../../../arm-none-eabi/lib/thumb/v7e-m+fp/hard/libstdc++_nano.a(eh_terminate.o) (__cxxabiv1::__terminate_handler)
/opt/st/stm32cubeide_1.10.0/plugins/com.st.stm32cube.ide.mcu.externaltools.gnu-tools-for-stm32.10.3-2021.10.linux64_1.0.0.202111181127/tools/bin/../lib/gcc/arm-none-eabi/10.3.1/../../../../arm-none-eabi/lib/thumb/v7e-m+fp/hard/libc_nano.a(lib_a-abort.o)
                              /opt/st/stm32cubeide_1.10.0/plugins/com.st.stm32cube.ide.mcu.externaltools.gnu-tools-for-stm32.10.3-2021.10.linux64_1.0.0.202111181127/tools/bin/../lib/gcc/arm-none-eabi/10.3.1/../../../../arm-none-eabi/lib/thumb/v7e-m+fp/hard/libstdc++_nano.a(eh_terminate.o) (abort)
/opt/st/stm32cubeide_1.10.0/plugins/com.st.stm32cube.ide.mcu.externaltools.gnu-tools-for-stm32.10.3-2021.10.linux64_1.0.0.202111181127/tools/bin/../lib/gcc/arm-none-eabi/10.3.1/../../../../arm-none-eabi/lib/thumb/v7e-m+fp/hard/libc_nano.a(lib_a-errno.o)
                              ./Core/Src/syscalls.o (__errno)
/opt/st/stm32cubeide_1.10.0/plugins/com.st.stm32cube.ide.mcu.externaltools.gnu-tools-for-stm32.10.3-2021.10.linux64_1.0.0.202111181127/tools/bin/../lib/gcc/arm-none-eabi/10.3.1/../../../../arm-none-eabi/lib/thumb/v7e-m+fp/hard/libc_nano.a(lib_a-exit.o)
                              /opt/st/stm32cubeide_1.10.0/plugins/com.st.stm32cube.ide.mcu.externaltools.gnu-tools-for-stm32.10.3-2021.10.linux64_1.0.0.202111181127/tools/bin/../lib/gcc/arm-none-eabi/10.3.1/../../../../arm-none-eabi/lib/thumb/v7e-m+fp/hard/crt0.o (exit)
/opt/st/stm32cubeide_1.10.0/plugins/com.st.stm32cube.ide.mcu.externaltools.gnu-tools-for-stm32.10.3-2021.10.linux64_1.0.0.202111181127/tools/bin/../lib/gcc/arm-none-eabi/10.3.1/../../../../arm-none-eabi/lib/thumb/v7e-m+fp/hard/libc_nano.a(lib_a-impure.o)
                              /opt/st/stm32cubeide_1.10.0/plugins/com.st.stm32cube.ide.mcu.externaltools.gnu-tools-for-stm32.10.3-2021.10.linux64_1.0.0.202111181127/tools/bin/../lib/gcc/arm-none-eabi/10.3.1/../../../../arm-none-eabi/lib/thumb/v7e-m+fp/hard/libc_nano.a(lib_a-exit.o) (_global_impure_ptr)
/opt/st/stm32cubeide_1.10.0/plugins/com.st.stm32cube.ide.mcu.externaltools.gnu-tools-for-stm32.10.3-2021.10.linux64_1.0.0.202111181127/tools/bin/../lib/gcc/arm-none-eabi/10.3.1/../../../../arm-none-eabi/lib/thumb/v7e-m+fp/hard/libc_nano.a(lib_a-init.o)
                              /opt/st/stm32cubeide_1.10.0/plugins/com.st.stm32cube.ide.mcu.externaltools.gnu-tools-for-stm32.10.3-2021.10.linux64_1.0.0.202111181127/tools/bin/../lib/gcc/arm-none-eabi/10.3.1/../../../../arm-none-eabi/lib/thumb/v7e-m+fp/hard/crt0.o (__libc_init_array)
/opt/st/stm32cubeide_1.10.0/plugins/com.st.stm32cube.ide.mcu.externaltools.gnu-tools-for-stm32.10.3-2021.10.linux64_1.0.0.202111181127/tools/bin/../lib/gcc/arm-none-eabi/10.3.1/../../../../arm-none-eabi/lib/thumb/v7e-m+fp/hard/libc_nano.a(lib_a-memcpy-stub.o)
                              ./Core/Src/mainpp.o (memcpy)
[...]
Memory Configuration

Name             Origin             Length             Attributes
RAM              0x0000000020000000 0x0000000000018000 xrw
FLASH            0x0000000008000000 0x0000000000080000 xr
*default*        0x0000000000000000 0xffffffffffffffff

Linker script and memory map

LOAD /opt/st/stm32cubeide_1.10.0/plugins/com.st.stm32cube.ide.mcu.externaltools.gnu-tools-for-stm32.10.3-2021.10.linux64_1.0.0.202111181127/tools/bin/../lib/gcc/arm-none-eabi/10.3.1/thumb/v7e-m+fp/hard/crti.o
LOAD /opt/st/stm32cubeide_1.10.0/plugins/com.st.stm32cube.ide.mcu.externaltools.gnu-tools-for-stm32.10.3-2021.10.linux64_1.0.0.202111181127/tools/bin/../lib/gcc/arm-none-eabi/10.3.1/thumb/v7e-m+fp/hard/crtbegin.o
LOAD /opt/st/stm32cubeide_1.10.0/plugins/com.st.stm32cube.ide.mcu.externaltools.gnu-tools-for-stm32.10.3-2021.10.linux64_1.0.0.202111181127/tools/bin/../lib/gcc/arm-none-eabi/10.3.1/../../../../arm-none-eabi/lib/thumb/v7e-m+fp/hard/crt0.o
LOAD ./Core/Inc/duration.o
LOAD ./Core/Inc/time.o
LOAD ./Core/Src/main.o
LOAD ./Core/Src/mainpp.o
LOAD ./Core/Src/stm32f4xx_hal_msp.o
LOAD ./Core/Src/stm32f4xx_it.o
LOAD ./Core/Src/syscalls.o
LOAD ./Core/Src/sysmem.o
LOAD ./Core/Src/system_stm32f4xx.o
LOAD ./Core/Startup/startup_stm32f401retx.o
LOAD ./Drivers/STM32F4xx_HAL_Driver/Src/stm32f4xx_hal.o
LOAD ./Drivers/STM32F4xx_HAL_Driver/Src/stm32f4xx_hal_cortex.o
LOAD ./Drivers/STM32F4xx_HAL_Driver/Src/stm32f4xx_hal_dma.o
LOAD ./Drivers/STM32F4xx_HAL_Driver/Src/stm32f4xx_hal_dma_ex.o
LOAD ./Drivers/STM32F4xx_HAL_Driver/Src/stm32f4xx_hal_exti.o
LOAD ./Drivers/STM32F4xx_HAL_Driver/Src/stm32f4xx_hal_flash.o
LOAD ./Drivers/STM32F4xx_HAL_Driver/Src/stm32f4xx_hal_flash_ex.o
LOAD ./Drivers/STM32F4xx_HAL_Driver/Src/stm32f4xx_hal_flash_ramfunc.o
LOAD ./Drivers/STM32F4xx_HAL_Driver/Src/stm32f4xx_hal_gpio.o
LOAD ./Drivers/STM32F4xx_HAL_Driver/Src/stm32f4xx_hal_pwr.o
LOAD ./Drivers/STM32F4xx_HAL_Driver/Src/stm32f4xx_hal_pwr_ex.o
LOAD ./Drivers/STM32F4xx_HAL_Driver/Src/stm32f4xx_hal_rcc.o
LOAD ./Drivers/STM32F4xx_HAL_Driver/Src/stm32f4xx_hal_rcc_ex.o
LOAD ./Drivers/STM32F4xx_HAL_Driver/Src/stm32f4xx_hal_tim.o
LOAD ./Drivers/STM32F4xx_HAL_Driver/Src/stm32f4xx_hal_tim_ex.o
LOAD ./Drivers/STM32F4xx_HAL_Driver/Src/stm32f4xx_hal_uart.o
START GROUP
LOAD /opt/st/stm32cubeide_1.10.0/plugins/com.st.stm32cube.ide.mcu.externaltools.gnu-tools-for-stm32.10.3-2021.10.linux64_1.0.0.202111181127/tools/bin/../lib/gcc/arm-none-eabi/10.3.1/../../../../arm-none-eabi/lib/thumb/v7e-m+fp/hard/libstdc++_nano.a
LOAD /opt/st/stm32cubeide_1.10.0/plugins/com.st.stm32cube.ide.mcu.externaltools.gnu-tools-for-stm32.10.3-2021.10.linux64_1.0.0.202111181127/tools/bin/../lib/gcc/arm-none-eabi/10.3.1/../../../../arm-none-eabi/lib/thumb/v7e-m+fp/hard/libsupc++_nano.a
END GROUP
LOAD /opt/st/stm32cubeide_1.10.0/plugins/com.st.stm32cube.ide.mcu.externaltools.gnu-tools-for-stm32.10.3-2021.10.linux64_1.0.0.202111181127/tools/bin/../lib/gcc/arm-none-eabi/10.3.1/../../../../arm-none-eabi/lib/thumb/v7e-m+fp/hard/libstdc++_nano.a
LOAD /opt/st/stm32cubeide_1.10.0/plugins/com.st.stm32cube.ide.mcu.externaltools.gnu-tools-for-stm32.10.3-2021.10.linux64_1.0.0.202111181127/tools/bin/../lib/gcc/arm-none-eabi/10.3.1/../../../../arm-none-eabi/lib/thumb/v7e-m+fp/hard/libm.a
LOAD /opt/st/stm32cubeide_1.10.0/plugins/com.st.stm32cube.ide.mcu.externaltools.gnu-tools-for-stm32.10.3-2021.10.linux64_1.0.0.202111181127/tools/bin/../lib/gcc/arm-none-eabi/10.3.1/../../../../arm-none-eabi/lib/thumb/v7e-m+fp/hard/libc_nano.a
START GROUP
LOAD /opt/st/stm32cubeide_1.10.0/plugins/com.st.stm32cube.ide.mcu.externaltools.gnu-tools-for-stm32.10.3-2021.10.linux64_1.0.0.202111181127/tools/bin/../lib/gcc/arm-none-eabi/10.3.1/thumb/v7e-m+fp/hard/libgcc.a
LOAD /opt/st/stm32cubeide_1.10.0/plugins/com.st.stm32cube.ide.mcu.externaltools.gnu-tools-for-stm32.10.3-2021.10.linux64_1.0.0.202111181127/tools/bin/../lib/gcc/arm-none-eabi/10.3.1/../../../../arm-none-eabi/lib/thumb/v7e-m+fp/hard/libc_nano.a
END GROUP
START GROUP
LOAD /opt/st/stm32cubeide_1.10.0/plugins/com.st.stm32cube.ide.mcu.externaltools.gnu-tools-for-stm32.10.3-2021.10.linux64_1.0.0.202111181127/tools/bin/../lib/gcc/arm-none-eabi/10.3.1/thumb/v7e-m+fp/hard/libgcc.a
LOAD /opt/st/stm32cubeide_1.10.0/plugins/com.st.stm32cube.ide.mcu.externaltools.gnu-tools-for-stm32.10.3-2021.10.linux64_1.0.0.202111181127/tools/bin/../lib/gcc/arm-none-eabi/10.3.1/../../../../arm-none-eabi/lib/thumb/v7e-m+fp/hard/libc_nano.a
LOAD /opt/st/stm32cubeide_1.10.0/plugins/com.st.stm32cube.ide.mcu.externaltools.gnu-tools-for-stm32.10.3-2021.10.linux64_1.0.0.202111181127/tools/bin/../lib/gcc/arm-none-eabi/10.3.1/../../../../arm-none-eabi/lib/thumb/v7e-m+fp/hard/libnosys.a
END GROUP
START GROUP
LOAD /opt/st/stm32cubeide_1.10.0/plugins/com.st.stm32cube.ide.mcu.externaltools.gnu-tools-for-stm32.10.3-2021.10.linux64_1.0.0.202111181127/tools/bin/../lib/gcc/arm-none-eabi/10.3.1/thumb/v7e-m+fp/hard/libgcc.a
LOAD /opt/st/stm32cubeide_1.10.0/plugins/com.st.stm32cube.ide.mcu.externaltools.gnu-tools-for-stm32.10.3-2021.10.linux64_1.0.0.202111181127/tools/bin/../lib/gcc/arm-none-eabi/10.3.1/../../../../arm-none-eabi/lib/thumb/v7e-m+fp/hard/libc_nano.a
LOAD /opt/st/stm32cubeide_1.10.0/plugins/com.st.stm32cube.ide.mcu.externaltools.gnu-tools-for-stm32.10.3-2021.10.linux64_1.0.0.202111181127/tools/bin/../lib/gcc/arm-none-eabi/10.3.1/../../../../arm-none-eabi/lib/thumb/v7e-m+fp/hard/libnosys.a
END GROUP
LOAD /opt/st/stm32cubeide_1.10.0/plugins/com.st.stm32cube.ide.mcu.externaltools.gnu-tools-for-stm32.10.3-2021.10.linux64_1.0.0.202111181127/tools/bin/../lib/gcc/arm-none-eabi/10.3.1/thumb/v7e-m+fp/hard/crtend.o
LOAD /opt/st/stm32cubeide_1.10.0/plugins/com.st.stm32cube.ide.mcu.externaltools.gnu-tools-for-stm32.10.3-2021.10.linux64_1.0.0.202111181127/tools/bin/../lib/gcc/arm-none-eabi/10.3.1/thumb/v7e-m+fp/hard/crtn.o
                0x0000000020018000                _estack = (ORIGIN (RAM) + LENGTH (RAM))
                0x0000000000000200                _Min_Heap_Size = 0x200
                0x0000000000000400                _Min_Stack_Size = 0x400

.isr_vector     0x0000000008000000      0x194
                0x0000000008000000                . = ALIGN (0x4)
 *(.isr_vector)
 .isr_vector    0x0000000008000000      0x194 ./Core/Startup/startup_stm32f401retx.o
                0x0000000008000000                g_pfnVectors
                0x0000000008000194                . = ALIGN (0x4)

.text           0x0000000008000194     0x66dc
                0x0000000008000194                . = ALIGN (0x4)
 *(.text)
 .text          0x0000000008000194       0x40 /opt/st/stm32cubeide_1.10.0/plugins/com.st.stm32cube.ide.mcu.externaltools.gnu-tools-for-stm32.10.3-2021.10.linux64_1.0.0.202111181127/tools/bin/../lib/gcc/arm-none-eabi/10.3.1/thumb/v7e-m+fp/hard/crtbegin.o
 .text          0x00000000080001d4       0x10 /opt/st/stm32cubeide_1.10.0/plugins/com.st.stm32cube.ide.mcu.externaltools.gnu-tools-for-stm32.10.3-2021.10.linux64_1.0.0.202111181127/tools/bin/../lib/gcc/arm-none-eabi/10.3.1/../../../../arm-none-eabi/lib/thumb/v7e-m+fp/hard/libc_nano.a(lib_a-strlen.o)
                0x00000000080001d4                strlen
 .text          0x00000000080001e4       0x30 /opt/st/stm32cubeide_1.10.0/plugins/com.st.stm32cube.ide.mcu.externaltools.gnu-tools-for-stm32.10.3-2021.10.linux64_1.0.0.202111181127/tools/bin/../lib/gcc/arm-none-eabi/10.3.1/thumb/v7e-m+fp/hard/libgcc.a(_aeabi_uldivmod.o)
                0x00000000080001e4                __aeabi_uldivmod
 .text          0x0000000008000214      0x2d0 /opt/st/stm32cubeide_1.10.0/plugins/com.st.stm32cube.ide.mcu.externaltools.gnu-tools-for-stm32.10.3-2021.10.linux64_1.0.0.202111181127/tools/bin/../lib/gcc/arm-none-eabi/10.3.1/thumb/v7e-m+fp/hard/libgcc.a(_udivmoddi4.o)
                0x0000000008000214                __udivmoddi4
 .text          0x00000000080004e4        0x4 /opt/st/stm32cubeide_1.10.0/plugins/com.st.stm32cube.ide.mcu.externaltools.gnu-tools-for-stm32.10.3-2021.10.linux64_1.0.0.202111181127/tools/bin/../lib/gcc/arm-none-eabi/10.3.1/thumb/v7e-m+fp/hard/libgcc.a(_dvmd_tls.o)
                0x00000000080004e4                __aeabi_ldiv0
                0x00000000080004e4                __aeabi_idiv0
 *(.text*)
 .text._ZN3ros16normalizeSecNSecERmS0_
                0x00000000080004e8       0x58 ./Core/Inc/time.o
                0x00000000080004e8                ros::normalizeSecNSec(unsigned long&, unsigned long&)
 .text.main     0x0000000008000540       0x2a ./Core/Src/main.o
                0x0000000008000540                main
 *fill*         0x000000000800056a        0x2 
 .text.SystemClock_Config
                0x000000000800056c       0xd8 ./Core/Src/main.o
                0x000000000800056c                SystemClock_Config
 .text.MX_TIM1_Init
                0x0000000008000644      0x188 ./Core/Src/main.o
 .text.MX_TIM2_Init
                0x00000000080007cc       0x9c ./Core/Src/main.o
 .text.MX_USART2_UART_Init
                0x0000000008000868       0x54 ./Core/Src/main.o
 .text.MX_DMA_Init
                0x00000000080008bc       0x50 ./Core/Src/main.o
 .text.MX_GPIO_Init
                0x000000000800090c       0xdc ./Core/Src/main.o
 .text.Error_Handler
                0x00000000080009e8        0xa ./Core/Src/main.o
                0x00000000080009e8                Error_Handler
 .text._ZN3ros4TimeC2Ev
                0x00000000080009f2       0x22 ./Core/Src/mainpp.o
                0x00000000080009f2                ros::Time::Time()
                0x00000000080009f2                ros::Time::Time()
 .text._ZN3ros3MsgC2Ev
                0x0000000008000a14       0x20 ./Core/Src/mainpp.o
                0x0000000008000a14                ros::Msg::Msg()
                0x0000000008000a14                ros::Msg::Msg()
 .text._ZN8std_msgs4TimeC2Ev
                0x0000000008000a34       0x30 ./Core/Src/mainpp.o
                0x0000000008000a34                std_msgs::Time::Time()
                0x0000000008000a34                std_msgs::Time::Time()
 .text._ZNK8std_msgs4Time9serializeEPh
                0x0000000008000a64       0xb0 ./Core/Src/mainpp.o
                0x0000000008000a64                std_msgs::Time::serialize(unsigned char*) const
 .text._ZN8std_msgs4Time11deserializeEPh
                0x0000000008000b14       0xc8 ./Core/Src/mainpp.o
                0x0000000008000b14                std_msgs::Time::deserialize(unsigned char*)
 .text._ZN8std_msgs4Time7getTypeEv
                0x0000000008000bdc       0x1c ./Core/Src/mainpp.o
                0x0000000008000bdc                std_msgs::Time::getType()
 .text._ZN8std_msgs4Time6getMD5Ev
                0x0000000008000bf8       0x1c ./Core/Src/mainpp.o
                0x0000000008000bf8                std_msgs::Time::getMD5()
 .text._ZN14rosserial_msgs9TopicInfoC2Ev
                0x0000000008000c14       0x48 ./Core/Src/mainpp.o
                0x0000000008000c14                rosserial_msgs::TopicInfo::TopicInfo()
                0x0000000008000c14                rosserial_msgs::TopicInfo::TopicInfo()
 .text._ZNK14rosserial_msgs9TopicInfo9serializeEPh
                0x0000000008000c5c      0x136 ./Core/Src/mainpp.o
                0x0000000008000c5c                rosserial_msgs::TopicInfo::serialize(unsigned char*) const
 .text._ZN14rosserial_msgs9TopicInfo11deserializeEPh
                0x0000000008000d92      0x1d0 ./Core/Src/mainpp.o
                0x0000000008000d92                rosserial_msgs::TopicInfo::deserialize(unsigned char*)
 *fill*         0x0000000008000f62        0x2 
 .text._ZN14rosserial_msgs9TopicInfo7getTypeEv
                0x0000000008000f64       0x1c ./Core/Src/mainpp.o
                0x0000000008000f64                rosserial_msgs::TopicInfo::getType()
 .text._ZN14rosserial_msgs9TopicInfo6getMD5Ev
                0x0000000008000f80       0x1c ./Core/Src/mainpp.o
                0x0000000008000f80                rosserial_msgs::TopicInfo::getMD5()
 .text._ZN14rosserial_msgs3LogC2Ev
                0x0000000008000f9c       0x34 ./Core/Src/mainpp.o
                0x0000000008000f9c                rosserial_msgs::Log::Log()
                0x0000000008000f9c                rosserial_msgs::Log::Log()
 .text._ZNK14rosserial_msgs3Log9serializeEPh
                0x0000000008000fd0       0x64 ./Core/Src/mainpp.o
                0x0000000008000fd0                rosserial_msgs::Log::serialize(unsigned char*) const
 .text._ZN14rosserial_msgs3Log11deserializeEPh
                0x0000000008001034       0x90 ./Core/Src/mainpp.o
                0x0000000008001034                rosserial_msgs::Log::deserialize(unsigned char*)
 .text._ZN14rosserial_msgs3Log7getTypeEv
                0x00000000080010c4       0x1c ./Core/Src/mainpp.o
                0x00000000080010c4                rosserial_msgs::Log::getType()
 .text._ZN14rosserial_msgs3Log6getMD5Ev
                0x00000000080010e0       0x1c ./Core/Src/mainpp.o
                0x00000000080010e0                rosserial_msgs::Log::getMD5()
 .text._ZN14rosserial_msgs20RequestParamResponseC2Ev
                0x00000000080010fc       0x48 ./Core/Src/mainpp.o
                0x00000000080010fc                rosserial_msgs::RequestParamResponse::RequestParamResponse()
                0x00000000080010fc                rosserial_msgs::RequestParamResponse::RequestParamResponse()
 .text._ZNK14rosserial_msgs20RequestParamResponse9serializeEPh
                0x0000000008001144      0x222 ./Core/Src/mainpp.o
                0x0000000008001144                rosserial_msgs::RequestParamResponse::serialize(unsigned char*) const
 .text._ZN14rosserial_msgs20RequestParamResponse11deserializeEPh
                0x0000000008001366      0x2e2 ./Core/Src/mainpp.o
                0x0000000008001366                rosserial_msgs::RequestParamResponse::deserialize(unsigned char*)
 .text._ZN14rosserial_msgs20RequestParamResponse7getTypeEv
                0x0000000008001648       0x1c ./Core/Src/mainpp.o
                0x0000000008001648                rosserial_msgs::RequestParamResponse::getType()
 .text._ZN14rosserial_msgs20RequestParamResponse6getMD5Ev
                0x0000000008001664       0x1c ./Core/Src/mainpp.o
                0x0000000008001664                rosserial_msgs::RequestParamResponse::getMD5()
 .text._ZN3ros9Publisher15getEndpointTypeEv
                0x0000000008001680       0x18 ./Core/Src/mainpp.o
                0x0000000008001680                ros::Publisher::getEndpointType()
 .text._ZN13STM32Hardware10getRdmaIndEv
                0x0000000008001698       0x26 ./Core/Src/mainpp.o
                0x0000000008001698                STM32Hardware::getRdmaInd()
 *fill*         0x00000000080016be        0x2 
 .text._ZN13STM32HardwareC2Ev
                0x00000000080016c0       0x38 ./Core/Src/mainpp.o
                0x00000000080016c0                STM32Hardware::STM32Hardware()
                0x00000000080016c0                STM32Hardware::STM32Hardware()
 .text._ZN13STM32Hardware4initEv
                0x00000000080016f8       0x16 ./Core/Src/mainpp.o
                0x00000000080016f8                STM32Hardware::init()
 .text._ZN13STM32Hardware10reset_rbufEv
                0x000000000800170e       0x22 ./Core/Src/mainpp.o
                0x000000000800170e                STM32Hardware::reset_rbuf()
 .text._ZN13STM32Hardware4readEv
                0x0000000008001730       0x5a ./Core/Src/mainpp.o
                0x0000000008001730                STM32Hardware::read()
 *fill*         0x000000000800178a        0x2 
 .text._ZN13STM32Hardware5flushEv
                0x000000000800178c       0xbc ./Core/Src/mainpp.o
                0x000000000800178c                STM32Hardware::flush()
 .text._ZN13STM32Hardware5writeEPhi
                0x0000000008001848       0x8c ./Core/Src/mainpp.o
                0x0000000008001848                STM32Hardware::write(unsigned char*, int)
 .text._ZN13STM32Hardware4timeEv
                0x00000000080018d4       0x16 ./Core/Src/mainpp.o
                0x00000000080018d4                STM32Hardware::time()
 *fill*         0x00000000080018ea        0x2 
 .text._ZN8std_msgs5UInt8C2Ev
                0x00000000080018ec       0x2c ./Core/Src/mainpp.o
                0x00000000080018ec                std_msgs::UInt8::UInt8()
                0x00000000080018ec                std_msgs::UInt8::UInt8()
 .text._ZNK8std_msgs5UInt89serializeEPh
                0x0000000008001918       0x2e ./Core/Src/mainpp.o
                0x0000000008001918                std_msgs::UInt8::serialize(unsigned char*) const
 .text._ZN8std_msgs5UInt811deserializeEPh
                0x0000000008001946       0x2e ./Core/Src/mainpp.o
                0x0000000008001946                std_msgs::UInt8::deserialize(unsigned char*)
 .text._ZN8std_msgs5UInt87getTypeEv
                0x0000000008001974       0x1c ./Core/Src/mainpp.o
                0x0000000008001974                std_msgs::UInt8::getType()
 .text._ZN8std_msgs5UInt86getMD5Ev
                0x0000000008001990       0x1c ./Core/Src/mainpp.o
                0x0000000008001990                std_msgs::UInt8::getMD5()
 .text.HAL_UART_TxCpltCallback
                0x00000000080019ac       0x24 ./Core/Src/mainpp.o
                0x00000000080019ac                HAL_UART_TxCpltCallback
 .text.HAL_UART_RxCpltCallback
                0x00000000080019d0       0x24 ./Core/Src/mainpp.o
                0x00000000080019d0                HAL_UART_RxCpltCallback
 .text.setup    0x00000000080019f4       0x90 ./Core/Src/mainpp.o
                0x00000000080019f4                setup
 .text.loop     0x0000000008001a84       0x28 ./Core/Src/mainpp.o
                0x0000000008001a84                loop
 .text._Z7led0_cbRKN8std_msgs5UInt8E
                0x0000000008001aac       0x44 ./Core/Src/mainpp.o
                0x0000000008001aac                led0_cb(std_msgs::UInt8 const&)
 .text._Z7led1_cbRKN8std_msgs5UInt8E
                0x0000000008001af0       0x44 ./Core/Src/mainpp.o
                0x0000000008001af0                led1_cb(std_msgs::UInt8 const&)
 .text._Z7led2_cbRKN8std_msgs5UInt8E
                0x0000000008001b34       0x34 ./Core/Src/mainpp.o
                0x0000000008001b34                led2_cb(std_msgs::UInt8 const&)
 .text._Z7led3_cbRKN8std_msgs5UInt8E
                0x0000000008001b68       0x34 ./Core/Src/mainpp.o
                0x0000000008001b68                led3_cb(std_msgs::UInt8 const&)
 .text._ZN3ros3Msg8varToArrIPhmEEvT_T0_
                0x0000000008001b9c       0x3c ./Core/Src/mainpp.o
                0x0000000008001b9c                void ros::Msg::varToArr<unsigned char*, unsigned long>(unsigned char*, unsigned long)
 .text._ZN3ros3Msg8arrToVarImPhEEvRT_T0_
                0x0000000008001bd8       0x4a ./Core/Src/mainpp.o
                0x0000000008001bd8                void ros::Msg::arrToVar<unsigned long, unsigned char*>(unsigned long&, unsigned char*)
 *fill*         0x0000000008001c22        0x2 
 .text._ZN3ros15NodeHandleBase_C2Ev
                0x0000000008001c24       0x20 ./Core/Src/mainpp.o
                0x0000000008001c24                ros::NodeHandleBase_::NodeHandleBase_()
                0x0000000008001c24                ros::NodeHandleBase_::NodeHandleBase_()
 .text._ZN3ros11NodeHandle_I13STM32HardwareLi25ELi25ELi512ELi512EEC2Ev
                0x0000000008001c44      0x100 ./Core/Src/mainpp.o
                0x0000000008001c44                ros::NodeHandle_<STM32Hardware, 25, 25, 512, 512>::NodeHandle_()
                0x0000000008001c44                ros::NodeHandle_<STM32Hardware, 25, 25, 512, 512>::NodeHandle_()
 .text._ZN3ros11Subscriber_C2Ev
                0x0000000008001d44       0x20 ./Core/Src/mainpp.o
                0x0000000008001d44                ros::Subscriber_::Subscriber_()
                0x0000000008001d44                ros::Subscriber_::Subscriber_()
 .text._ZN3ros10SubscriberIN8std_msgs5UInt8EvEC2EPKcPFvRKS2_Ei
                0x0000000008001d64       0x48 ./Core/Src/mainpp.o
                0x0000000008001d64                ros::Subscriber<std_msgs::UInt8, void>::Subscriber(char const*, void (*)(std_msgs::UInt8 const&), int)
                0x0000000008001d64                ros::Subscriber<std_msgs::UInt8, void>::Subscriber(char const*, void (*)(std_msgs::UInt8 const&), int)
 .text._ZN3ros11NodeHandle_I13STM32HardwareLi25ELi25ELi512ELi512EE11getHardwareEv
                0x0000000008001dac       0x18 ./Core/Src/mainpp.o
                0x0000000008001dac                ros::NodeHandle_<STM32Hardware, 25, 25, 512, 512>::getHardware()
 .text._ZN3ros11NodeHandle_I13STM32HardwareLi25ELi25ELi512ELi512EE8initNodeEv
                0x0000000008001dc4       0x3a ./Core/Src/mainpp.o
                0x0000000008001dc4                ros::NodeHandle_<STM32Hardware, 25, 25, 512, 512>::initNode()
 .text._ZN3ros11NodeHandle_I13STM32HardwareLi25ELi25ELi512ELi512EE9subscribeINS_10SubscriberIN8std_msgs5UInt8EvEEEEbRT_
                0x0000000008001dfe       0x56 ./Core/Src/mainpp.o
                0x0000000008001dfe                bool ros::NodeHandle_<STM32Hardware, 25, 25, 512, 512>::subscribe<ros::Subscriber<std_msgs::UInt8, void> >(ros::Subscriber<std_msgs::UInt8, void>&)
 .text._ZN3ros11NodeHandle_I13STM32HardwareLi25ELi25ELi512ELi512EE8spinOnceEv
                0x0000000008001e54      0x3b2 ./Core/Src/mainpp.o
                0x0000000008001e54                ros::NodeHandle_<STM32Hardware, 25, 25, 512, 512>::spinOnce()
 .text._ZN3ros11NodeHandle_I13STM32HardwareLi25ELi25ELi512ELi512EE15requestSyncTimeEv
                0x0000000008002206       0x3c ./Core/Src/mainpp.o
                0x0000000008002206                ros::NodeHandle_<STM32Hardware, 25, 25, 512, 512>::requestSyncTime()
 .text._ZN3ros11NodeHandle_I13STM32HardwareLi25ELi25ELi512ELi512EE15negotiateTopicsEv
                0x0000000008002242      0x1be ./Core/Src/mainpp.o
                0x0000000008002242                ros::NodeHandle_<STM32Hardware, 25, 25, 512, 512>::negotiateTopics()
 .text._ZN3ros11NodeHandle_I13STM32HardwareLi25ELi25ELi512ELi512EE8syncTimeEPh
                0x0000000008002400       0x98 ./Core/Src/mainpp.o
                0x0000000008002400                ros::NodeHandle_<STM32Hardware, 25, 25, 512, 512>::syncTime(unsigned char*)
 .text._ZN3ros11NodeHandle_I13STM32HardwareLi25ELi25ELi512ELi512EE7publishEiPKNS_3MsgE
                0x0000000008002498      0x128 ./Core/Src/mainpp.o
                0x0000000008002498                ros::NodeHandle_<STM32Hardware, 25, 25, 512, 512>::publish(int, ros::Msg const*)
 .text._ZN3ros11NodeHandle_I13STM32HardwareLi25ELi25ELi512ELi512EE6setNowERNS_4TimeE
                0x00000000080025c0       0x80 ./Core/Src/mainpp.o
                0x00000000080025c0                ros::NodeHandle_<STM32Hardware, 25, 25, 512, 512>::setNow(ros::Time&)
 .text._ZN3ros11NodeHandle_I13STM32HardwareLi25ELi25ELi512ELi512EE8logerrorEPKc
                0x0000000008002640       0x1c ./Core/Src/mainpp.o
                0x0000000008002640                ros::NodeHandle_<STM32Hardware, 25, 25, 512, 512>::logerror(char const*)
 .text._ZN3ros11NodeHandle_I13STM32HardwareLi25ELi25ELi512ELi512EE3logEcPKc
                0x000000000800265c       0x38 ./Core/Src/mainpp.o
                0x000000000800265c                ros::NodeHandle_<STM32Hardware, 25, 25, 512, 512>::log(char, char const*)
 .text._Z41__static_initialization_and_destruction_0ii
                0x0000000008002694       0x8c ./Core/Src/mainpp.o
 .text._ZN3ros10SubscriberIN8std_msgs5UInt8EvE8callbackEPh
                0x0000000008002720       0x2a ./Core/Src/mainpp.o
                0x0000000008002720                ros::Subscriber<std_msgs::UInt8, void>::callback(unsigned char*)
 .text._ZN3ros10SubscriberIN8std_msgs5UInt8EvE15getEndpointTypeEv
                0x000000000800274a       0x18 ./Core/Src/mainpp.o
                0x000000000800274a                ros::Subscriber<std_msgs::UInt8, void>::getEndpointType()
 .text._ZN3ros10SubscriberIN8std_msgs5UInt8EvE10getMsgTypeEv
                0x0000000008002762       0x1c ./Core/Src/mainpp.o
                0x0000000008002762                ros::Subscriber<std_msgs::UInt8, void>::getMsgType()
 .text._ZN3ros10SubscriberIN8std_msgs5UInt8EvE9getMsgMD5Ev
                0x000000000800277e       0x1c ./Core/Src/mainpp.o
                0x000000000800277e                ros::Subscriber<std_msgs::UInt8, void>::getMsgMD5()
 .text._ZN3ros11NodeHandle_I13STM32HardwareLi25ELi25ELi512ELi512EE9connectedEv
                0x000000000800279a       0x1a ./Core/Src/mainpp.o
                0x000000000800279a                ros::NodeHandle_<STM32Hardware, 25, 25, 512, 512>::connected()
 .text._GLOBAL__sub_I_nh
                0x00000000080027b4       0x10 ./Core/Src/mainpp.o
 .text.HAL_MspInit
                0x00000000080027c4       0x50 ./Core/Src/stm32f4xx_hal_msp.o
                0x00000000080027c4                HAL_MspInit
 .text.HAL_TIM_Base_MspInit
                0x0000000008002814       0x6c ./Core/Src/stm32f4xx_hal_msp.o
                0x0000000008002814                HAL_TIM_Base_MspInit
 .text.HAL_TIM_MspPostInit
                0x0000000008002880       0x74 ./Core/Src/stm32f4xx_hal_msp.o
                0x0000000008002880                HAL_TIM_MspPostInit
 .text.HAL_UART_MspInit
                0x00000000080028f4      0x168 ./Core/Src/stm32f4xx_hal_msp.o
                0x00000000080028f4                HAL_UART_MspInit
 .text.NMI_Handler
                0x0000000008002a5c        0x6 ./Core/Src/stm32f4xx_it.o
                0x0000000008002a5c                NMI_Handler
 .text.HardFault_Handler
                0x0000000008002a62        0x6 ./Core/Src/stm32f4xx_it.o
                0x0000000008002a62                HardFault_Handler
 .text.MemManage_Handler
                0x0000000008002a68        0x6 ./Core/Src/stm32f4xx_it.o
                0x0000000008002a68                MemManage_Handler
 .text.BusFault_Handler
                0x0000000008002a6e        0x6 ./Core/Src/stm32f4xx_it.o
                0x0000000008002a6e                BusFault_Handler
 .text.UsageFault_Handler
                0x0000000008002a74        0x6 ./Core/Src/stm32f4xx_it.o
                0x0000000008002a74                UsageFault_Handler
 .text.SVC_Handler
                0x0000000008002a7a        0xe ./Core/Src/stm32f4xx_it.o
                0x0000000008002a7a                SVC_Handler
 .text.DebugMon_Handler
                0x0000000008002a88        0xe ./Core/Src/stm32f4xx_it.o
                0x0000000008002a88                DebugMon_Handler
 .text.PendSV_Handler
                0x0000000008002a96        0xe ./Core/Src/stm32f4xx_it.o
                0x0000000008002a96                PendSV_Handler
 .text.SysTick_Handler
                0x0000000008002aa4        0xc ./Core/Src/stm32f4xx_it.o
                0x0000000008002aa4                SysTick_Handler
 .text.DMA1_Stream5_IRQHandler
                0x0000000008002ab0       0x14 ./Core/Src/stm32f4xx_it.o
                0x0000000008002ab0                DMA1_Stream5_IRQHandler
 .text.DMA1_Stream6_IRQHandler
                0x0000000008002ac4       0x14 ./Core/Src/stm32f4xx_it.o
                0x0000000008002ac4                DMA1_Stream6_IRQHandler
 .text.USART2_IRQHandler
                0x0000000008002ad8       0x14 ./Core/Src/stm32f4xx_it.o
                0x0000000008002ad8                USART2_IRQHandler
 .text._getpid  0x0000000008002aec       0x10 ./Core/Src/syscalls.o
                0x0000000008002aec                _getpid
 .text._kill    0x0000000008002afc       0x20 ./Core/Src/syscalls.o
                0x0000000008002afc                _kill
 .text._exit    0x0000000008002b1c       0x14 ./Core/Src/syscalls.o
                0x0000000008002b1c                _exit
 .text._sbrk    0x0000000008002b30       0x6c ./Core/Src/sysmem.o
                0x0000000008002b30                _sbrk
 .text.SystemInit
                0x0000000008002b9c       0x24 ./Core/Src/system_stm32f4xx.o
                0x0000000008002b9c                SystemInit
 .text.Reset_Handler
                0x0000000008002bc0       0x50 ./Core/Startup/startup_stm32f401retx.o
                0x0000000008002bc0                Reset_Handler
 .text.Default_Handler
                0x0000000008002c10        0x2 ./Core/Startup/startup_stm32f401retx.o
                0x0000000008002c10                RTC_Alarm_IRQHandler
                0x0000000008002c10                EXTI2_IRQHandler
                0x0000000008002c10                SPI4_IRQHandler
                0x0000000008002c10                TIM1_CC_IRQHandler
                0x0000000008002c10                DMA2_Stream5_IRQHandler
                0x0000000008002c10                PVD_IRQHandler
                0x0000000008002c10                SDIO_IRQHandler
                0x0000000008002c10                TAMP_STAMP_IRQHandler
                0x0000000008002c10                EXTI3_IRQHandler
                0x0000000008002c10                TIM1_UP_TIM10_IRQHandler
                0x0000000008002c10                I2C3_ER_IRQHandler
                0x0000000008002c10                EXTI0_IRQHandler
                0x0000000008002c10                I2C2_EV_IRQHandler
                0x0000000008002c10                DMA1_Stream2_IRQHandler
                0x0000000008002c10                FPU_IRQHandler
                0x0000000008002c10                DMA2_Stream2_IRQHandler
                0x0000000008002c10                SPI1_IRQHandler
                0x0000000008002c10                TIM1_BRK_TIM9_IRQHandler
                0x0000000008002c10                DMA2_Stream3_IRQHandler
                0x0000000008002c10                USART6_IRQHandler
                0x0000000008002c10                DMA2_Stream0_IRQHandler
                0x0000000008002c10                TIM4_IRQHandler
                0x0000000008002c10                I2C1_EV_IRQHandler
                0x0000000008002c10                DMA1_Stream1_IRQHandler
                0x0000000008002c10                TIM3_IRQHandler
                0x0000000008002c10                RCC_IRQHandler
                0x0000000008002c10                Default_Handler
                0x0000000008002c10                EXTI15_10_IRQHandler
                0x0000000008002c10                ADC_IRQHandler
                0x0000000008002c10                DMA1_Stream7_IRQHandler
                0x0000000008002c10                TIM5_IRQHandler
                0x0000000008002c10                DMA2_Stream7_IRQHandler
                0x0000000008002c10                I2C3_EV_IRQHandler
                0x0000000008002c10                EXTI9_5_IRQHandler
                0x0000000008002c10                RTC_WKUP_IRQHandler
                0x0000000008002c10                SPI2_IRQHandler
                0x0000000008002c10                DMA1_Stream0_IRQHandler
                0x0000000008002c10                EXTI4_IRQHandler
                0x0000000008002c10                WWDG_IRQHandler
                0x0000000008002c10                TIM2_IRQHandler
                0x0000000008002c10                OTG_FS_WKUP_IRQHandler
                0x0000000008002c10                TIM1_TRG_COM_TIM11_IRQHandler
                0x0000000008002c10                EXTI1_IRQHandler
                0x0000000008002c10                I2C2_ER_IRQHandler
                0x0000000008002c10                DMA2_Stream1_IRQHandler
                0x0000000008002c10                FLASH_IRQHandler
                0x0000000008002c10                DMA2_Stream4_IRQHandler
                0x0000000008002c10                USART1_IRQHandler
                0x0000000008002c10                OTG_FS_IRQHandler
                0x0000000008002c10                SPI3_IRQHandler
                0x0000000008002c10                DMA1_Stream4_IRQHandler
                0x0000000008002c10                I2C1_ER_IRQHandler
                0x0000000008002c10                DMA2_Stream6_IRQHandler
                0x0000000008002c10                DMA1_Stream3_IRQHandler
 *fill*         0x0000000008002c12        0x2 
 .text.HAL_Init
                0x0000000008002c14       0x44 ./Drivers/STM32F4xx_HAL_Driver/Src/stm32f4xx_hal.o
                0x0000000008002c14                HAL_Init
 .text.HAL_InitTick
                0x0000000008002c58       0x60 ./Drivers/STM32F4xx_HAL_Driver/Src/stm32f4xx_hal.o
                0x0000000008002c58                HAL_InitTick
 .text.HAL_IncTick
                0x0000000008002cb8       0x28 ./Drivers/STM32F4xx_HAL_Driver/Src/stm32f4xx_hal.o
                0x0000000008002cb8                HAL_IncTick
 .text.HAL_GetTick
                0x0000000008002ce0       0x18 ./Drivers/STM32F4xx_HAL_Driver/Src/stm32f4xx_hal.o
                0x0000000008002ce0                HAL_GetTick
 .text.HAL_Delay
                0x0000000008002cf8       0x48 ./Drivers/STM32F4xx_HAL_Driver/Src/stm32f4xx_hal.o
                0x0000000008002cf8                HAL_Delay
 .text.__NVIC_SetPriorityGrouping
                0x0000000008002d40       0x48 ./Drivers/STM32F4xx_HAL_Driver/Src/stm32f4xx_hal_cortex.o
 .text.__NVIC_GetPriorityGrouping
                0x0000000008002d88       0x1c ./Drivers/STM32F4xx_HAL_Driver/Src/stm32f4xx_hal_cortex.o
 .text.__NVIC_EnableIRQ
                0x0000000008002da4       0x3c ./Drivers/STM32F4xx_HAL_Driver/Src/stm32f4xx_hal_cortex.o
 .text.__NVIC_SetPriority
                0x0000000008002de0       0x54 ./Drivers/STM32F4xx_HAL_Driver/Src/stm32f4xx_hal_cortex.o
 .text.NVIC_EncodePriority
                0x0000000008002e34       0x66 ./Drivers/STM32F4xx_HAL_Driver/Src/stm32f4xx_hal_cortex.o
 *fill*         0x0000000008002e9a        0x2 
 .text.SysTick_Config
                0x0000000008002e9c       0x44 ./Drivers/STM32F4xx_HAL_Driver/Src/stm32f4xx_hal_cortex.o
 .text.HAL_NVIC_SetPriorityGrouping
                0x0000000008002ee0       0x16 ./Drivers/STM32F4xx_HAL_Driver/Src/stm32f4xx_hal_cortex.o
                0x0000000008002ee0                HAL_NVIC_SetPriorityGrouping
 .text.HAL_NVIC_SetPriority
                0x0000000008002ef6       0x38 ./Drivers/STM32F4xx_HAL_Driver/Src/stm32f4xx_hal_cortex.o
                0x0000000008002ef6                HAL_NVIC_SetPriority
 .text.HAL_NVIC_EnableIRQ
                0x0000000008002f2e       0x1c ./Drivers/STM32F4xx_HAL_Driver/Src/stm32f4xx_hal_cortex.o
                0x0000000008002f2e                HAL_NVIC_EnableIRQ
 .text.HAL_SYSTICK_Config
                0x0000000008002f4a       0x18 ./Drivers/STM32F4xx_HAL_Driver/Src/stm32f4xx_hal_cortex.o
                0x0000000008002f4a                HAL_SYSTICK_Config
 *fill*         0x0000000008002f62        0x2 
 .text.HAL_DMA_Init
                0x0000000008002f64      0x15c ./Drivers/STM32F4xx_HAL_Driver/Src/stm32f4xx_hal_dma.o
                0x0000000008002f64                HAL_DMA_Init
 .text.HAL_DMA_Start_IT
                0x00000000080030c0       0xb0 ./Drivers/STM32F4xx_HAL_Driver/Src/stm32f4xx_hal_dma.o
                0x00000000080030c0                HAL_DMA_Start_IT
 .text.HAL_DMA_Abort
                0x0000000008003170       0xe0 ./Drivers/STM32F4xx_HAL_Driver/Src/stm32f4xx_hal_dma.o
                0x0000000008003170                HAL_DMA_Abort
 .text.HAL_DMA_Abort_IT
                0x0000000008003250       0x44 ./Drivers/STM32F4xx_HAL_Driver/Src/stm32f4xx_hal_dma.o
                0x0000000008003250                HAL_DMA_Abort_IT
 .text.HAL_DMA_IRQHandler
                0x0000000008003294      0x314 ./Drivers/STM32F4xx_HAL_Driver/Src/stm32f4xx_hal_dma.o
                0x0000000008003294                HAL_DMA_IRQHandler
 .text.DMA_SetConfig
                0x00000000080035a8       0x5c ./Drivers/STM32F4xx_HAL_Driver/Src/stm32f4xx_hal_dma.o
 .text.DMA_CalcBaseAndBitshift
                0x0000000008003604       0x6c ./Drivers/STM32F4xx_HAL_Driver/Src/stm32f4xx_hal_dma.o
 .text.DMA_CheckFifoParam
                0x0000000008003670       0xf8 ./Drivers/STM32F4xx_HAL_Driver/Src/stm32f4xx_hal_dma.o
 .text.HAL_GPIO_Init
                0x0000000008003768      0x308 ./Drivers/STM32F4xx_HAL_Driver/Src/stm32f4xx_hal_gpio.o
                0x0000000008003768                HAL_GPIO_Init
 .text.HAL_GPIO_WritePin
                0x0000000008003a70       0x32 ./Drivers/STM32F4xx_HAL_Driver/Src/stm32f4xx_hal_gpio.o
                0x0000000008003a70                HAL_GPIO_WritePin
 .text.HAL_GPIO_TogglePin
                0x0000000008003aa2       0x34 ./Drivers/STM32F4xx_HAL_Driver/Src/stm32f4xx_hal_gpio.o
                0x0000000008003aa2                HAL_GPIO_TogglePin
 *fill*         0x0000000008003ad6        0x2 
 .text.HAL_RCC_OscConfig
                0x0000000008003ad8      0x4f0 ./Drivers/STM32F4xx_HAL_Driver/Src/stm32f4xx_hal_rcc.o
                0x0000000008003ad8                HAL_RCC_OscConfig
 .text.HAL_RCC_ClockConfig
                0x0000000008003fc8      0x1cc ./Drivers/STM32F4xx_HAL_Driver/Src/stm32f4xx_hal_rcc.o
                0x0000000008003fc8                HAL_RCC_ClockConfig
 .text.HAL_RCC_GetSysClockFreq
                0x0000000008004194      0x20c ./Drivers/STM32F4xx_HAL_Driver/Src/stm32f4xx_hal_rcc.o
                0x0000000008004194                HAL_RCC_GetSysClockFreq
 .text.HAL_RCC_GetHCLKFreq
                0x00000000080043a0       0x18 ./Drivers/STM32F4xx_HAL_Driver/Src/stm32f4xx_hal_rcc.o
                0x00000000080043a0                HAL_RCC_GetHCLKFreq
 .text.HAL_RCC_GetPCLK1Freq
                0x00000000080043b8       0x28 ./Drivers/STM32F4xx_HAL_Driver/Src/stm32f4xx_hal_rcc.o
                0x00000000080043b8                HAL_RCC_GetPCLK1Freq
 .text.HAL_RCC_GetPCLK2Freq
                0x00000000080043e0       0x28 ./Drivers/STM32F4xx_HAL_Driver/Src/stm32f4xx_hal_rcc.o
                0x00000000080043e0                HAL_RCC_GetPCLK2Freq
 .text.HAL_TIM_Base_Init
                0x0000000008004408       0x9e ./Drivers/STM32F4xx_HAL_Driver/Src/stm32f4xx_hal_tim.o
                0x0000000008004408                HAL_TIM_Base_Init
 .text.HAL_TIM_PWM_Init
                0x00000000080044a6       0x9e ./Drivers/STM32F4xx_HAL_Driver/Src/stm32f4xx_hal_tim.o
                0x00000000080044a6                HAL_TIM_PWM_Init
 .text.HAL_TIM_PWM_MspInit
                0x0000000008004544       0x14 ./Drivers/STM32F4xx_HAL_Driver/Src/stm32f4xx_hal_tim.o
                0x0000000008004544                HAL_TIM_PWM_MspInit
 .text.HAL_TIM_PWM_Start
                0x0000000008004558      0x160 ./Drivers/STM32F4xx_HAL_Driver/Src/stm32f4xx_hal_tim.o
                0x0000000008004558                HAL_TIM_PWM_Start
 .text.HAL_TIM_PWM_ConfigChannel
                0x00000000080046b8      0x184 ./Drivers/STM32F4xx_HAL_Driver/Src/stm32f4xx_hal_tim.o
                0x00000000080046b8                HAL_TIM_PWM_ConfigChannel
 .text.HAL_TIM_ConfigClockSource
                0x000000000800483c      0x18e ./Drivers/STM32F4xx_HAL_Driver/Src/stm32f4xx_hal_tim.o
                0x000000000800483c                HAL_TIM_ConfigClockSource
 *fill*         0x00000000080049ca        0x2 
 .text.TIM_Base_SetConfig
                0x00000000080049cc      0x100 ./Drivers/STM32F4xx_HAL_Driver/Src/stm32f4xx_hal_tim.o
                0x00000000080049cc                TIM_Base_SetConfig
 .text.TIM_OC1_SetConfig
                0x0000000008004acc       0xcc ./Drivers/STM32F4xx_HAL_Driver/Src/stm32f4xx_hal_tim.o
 .text.TIM_OC2_SetConfig
                0x0000000008004b98       0xd8 ./Drivers/STM32F4xx_HAL_Driver/Src/stm32f4xx_hal_tim.o
                0x0000000008004b98                TIM_OC2_SetConfig
 .text.TIM_OC3_SetConfig
                0x0000000008004c70       0xd4 ./Drivers/STM32F4xx_HAL_Driver/Src/stm32f4xx_hal_tim.o
 .text.TIM_OC4_SetConfig
                0x0000000008004d44       0xa0 ./Drivers/STM32F4xx_HAL_Driver/Src/stm32f4xx_hal_tim.o
 .text.TIM_TI1_ConfigInputStage
                0x0000000008004de4       0x5e ./Drivers/STM32F4xx_HAL_Driver/Src/stm32f4xx_hal_tim.o
 .text.TIM_TI2_ConfigInputStage
                0x0000000008004e42       0x60 ./Drivers/STM32F4xx_HAL_Driver/Src/stm32f4xx_hal_tim.o
 .text.TIM_ITRx_SetConfig
                0x0000000008004ea2       0x36 ./Drivers/STM32F4xx_HAL_Driver/Src/stm32f4xx_hal_tim.o
 .text.TIM_ETR_SetConfig
                0x0000000008004ed8       0x40 ./Drivers/STM32F4xx_HAL_Driver/Src/stm32f4xx_hal_tim.o
                0x0000000008004ed8                TIM_ETR_SetConfig
 .text.TIM_CCxChannelCmd
                0x0000000008004f18       0x4a ./Drivers/STM32F4xx_HAL_Driver/Src/stm32f4xx_hal_tim.o
                0x0000000008004f18                TIM_CCxChannelCmd
 *fill*         0x0000000008004f62        0x2 
 .text.HAL_TIMEx_MasterConfigSynchronization
                0x0000000008004f64       0xdc ./Drivers/STM32F4xx_HAL_Driver/Src/stm32f4xx_hal_tim_ex.o
                0x0000000008004f64                HAL_TIMEx_MasterConfigSynchronization
 .text.HAL_TIMEx_ConfigBreakDeadTime
                0x0000000008005040       0xa4 ./Drivers/STM32F4xx_HAL_Driver/Src/stm32f4xx_hal_tim_ex.o
                0x0000000008005040                HAL_TIMEx_ConfigBreakDeadTime
 .text.HAL_UART_Init
                0x00000000080050e4       0x9a ./Drivers/STM32F4xx_HAL_Driver/Src/stm32f4xx_hal_uart.o
                0x00000000080050e4                HAL_UART_Init
 *fill*         0x000000000800517e        0x2 
 .text.HAL_UART_Transmit_DMA
                0x0000000008005180       0xfc ./Drivers/STM32F4xx_HAL_Driver/Src/stm32f4xx_hal_uart.o
                0x0000000008005180                HAL_UART_Transmit_DMA
 .text.HAL_UART_Receive_DMA
                0x000000000800527c       0x60 ./Drivers/STM32F4xx_HAL_Driver/Src/stm32f4xx_hal_uart.o
                0x000000000800527c                HAL_UART_Receive_DMA
 .text.HAL_UART_IRQHandler
                0x00000000080052dc      0x51c ./Drivers/STM32F4xx_HAL_Driver/Src/stm32f4xx_hal_uart.o
                0x00000000080052dc                HAL_UART_IRQHandler
 .text.HAL_UART_TxHalfCpltCallback
                0x00000000080057f8       0x14 ./Drivers/STM32F4xx_HAL_Driver/Src/stm32f4xx_hal_uart.o
                0x00000000080057f8                HAL_UART_TxHalfCpltCallback
 .text.HAL_UART_RxHalfCpltCallback
                0x000000000800580c       0x14 ./Drivers/STM32F4xx_HAL_Driver/Src/stm32f4xx_hal_uart.o
                0x000000000800580c                HAL_UART_RxHalfCpltCallback
 .text.HAL_UART_ErrorCallback
                0x0000000008005820       0x14 ./Drivers/STM32F4xx_HAL_Driver/Src/stm32f4xx_hal_uart.o
                0x0000000008005820                HAL_UART_ErrorCallback
 .text.HAL_UARTEx_RxEventCallback
                0x0000000008005834       0x18 ./Drivers/STM32F4xx_HAL_Driver/Src/stm32f4xx_hal_uart.o
                0x0000000008005834                HAL_UARTEx_RxEventCallback
 .text.UART_DMATransmitCplt
                0x000000000800584c       0x9a ./Drivers/STM32F4xx_HAL_Driver/Src/stm32f4xx_hal_uart.o
 .text.UART_DMATxHalfCplt
                0x00000000080058e6       0x1c ./Drivers/STM32F4xx_HAL_Driver/Src/stm32f4xx_hal_uart.o
 .text.UART_DMAReceiveCplt
                0x0000000008005902      0x126 ./Drivers/STM32F4xx_HAL_Driver/Src/stm32f4xx_hal_uart.o
 .text.UART_DMARxHalfCplt
                0x0000000008005a28       0x36 ./Drivers/STM32F4xx_HAL_Driver/Src/stm32f4xx_hal_uart.o
 .text.UART_DMAError
                0x0000000008005a5e       0x94 ./Drivers/STM32F4xx_HAL_Driver/Src/stm32f4xx_hal_uart.o
 *fill*         0x0000000008005af2        0x2 
 .text.UART_Start_Receive_DMA
                0x0000000008005af4      0x13c ./Drivers/STM32F4xx_HAL_Driver/Src/stm32f4xx_hal_uart.o
                0x0000000008005af4                UART_Start_Receive_DMA
 .text.UART_EndTxTransfer
                0x0000000008005c30       0x50 ./Drivers/STM32F4xx_HAL_Driver/Src/stm32f4xx_hal_uart.o
 .text.UART_EndRxTransfer
                0x0000000008005c80       0xc6 ./Drivers/STM32F4xx_HAL_Driver/Src/stm32f4xx_hal_uart.o
 .text.UART_DMAAbortOnError
                0x0000000008005d46       0x28 ./Drivers/STM32F4xx_HAL_Driver/Src/stm32f4xx_hal_uart.o
 .text.UART_Transmit_IT
                0x0000000008005d6e       0xa0 ./Drivers/STM32F4xx_HAL_Driver/Src/stm32f4xx_hal_uart.o
 .text.UART_EndTransmit_IT
                0x0000000008005e0e       0x30 ./Drivers/STM32F4xx_HAL_Driver/Src/stm32f4xx_hal_uart.o
 .text.UART_Receive_IT
                0x0000000008005e3e      0x176 ./Drivers/STM32F4xx_HAL_Driver/Src/stm32f4xx_hal_uart.o
 .text.UART_SetConfig
                0x0000000008005fb4      0x4e8 ./Drivers/STM32F4xx_HAL_Driver/Src/stm32f4xx_hal_uart.o
 .text.__cxa_pure_virtual
                0x000000000800649c        0x6 /opt/st/stm32cubeide_1.10.0/plugins/com.st.stm32cube.ide.mcu.externaltools.gnu-tools-for-stm32.10.3-2021.10.linux64_1.0.0.202111181127/tools/bin/../lib/gcc/arm-none-eabi/10.3.1/../../../../arm-none-eabi/lib/thumb/v7e-m+fp/hard/libstdc++_nano.a(pure.o)
                0x000000000800649c                __cxa_pure_virtual
 .text._ZN10__cxxabiv111__terminateEPFvvE
                0x00000000080064a2        0x8 /opt/st/stm32cubeide_1.10.0/plugins/com.st.stm32cube.ide.mcu.externaltools.gnu-tools-for-stm32.10.3-2021.10.linux64_1.0.0.202111181127/tools/bin/../lib/gcc/arm-none-eabi/10.3.1/../../../../arm-none-eabi/lib/thumb/v7e-m+fp/hard/libstdc++_nano.a(eh_terminate.o)
                0x00000000080064a2                __cxxabiv1::__terminate(void (*)())
 *fill*         0x00000000080064aa        0x2 
 .text._ZSt13get_terminatev
                0x00000000080064ac       0x10 /opt/st/stm32cubeide_1.10.0/plugins/com.st.stm32cube.ide.mcu.externaltools.gnu-tools-for-stm32.10.3-2021.10.linux64_1.0.0.202111181127/tools/bin/../lib/gcc/arm-none-eabi/10.3.1/../../../../arm-none-eabi/lib/thumb/v7e-m+fp/hard/libstdc++_nano.a(eh_terminate.o)
                0x00000000080064ac                std::get_terminate()
 .text._ZSt9terminatev
                0x00000000080064bc        0xa /opt/st/stm32cubeide_1.10.0/plugins/com.st.stm32cube.ide.mcu.externaltools.gnu-tools-for-stm32.10.3-2021.10.linux64_1.0.0.202111181127/tools/bin/../lib/gcc/arm-none-eabi/10.3.1/../../../../arm-none-eabi/lib/thumb/v7e-m+fp/hard/libstdc++_nano.a(eh_terminate.o)
                0x00000000080064bc                std::terminate()
 .text.abort    0x00000000080064c6        0xe /opt/st/stm32cubeide_1.10.0/plugins/com.st.stm32cube.ide.mcu.externaltools.gnu-tools-for-stm32.10.3-2021.10.linux64_1.0.0.202111181127/tools/bin/../lib/gcc/arm-none-eabi/10.3.1/../../../../arm-none-eabi/lib/thumb/v7e-m+fp/hard/libc_nano.a(lib_a-abort.o)
                0x00000000080064c6                abort
 .text.__errno  0x00000000080064d4        0xc /opt/st/stm32cubeide_1.10.0/plugins/com.st.stm32cube.ide.mcu.externaltools.gnu-tools-for-stm32.10.3-2021.10.linux64_1.0.0.202111181127/tools/bin/../lib/gcc/arm-none-eabi/10.3.1/../../../../arm-none-eabi/lib/thumb/v7e-m+fp/hard/libc_nano.a(lib_a-errno.o)
                0x00000000080064d4                __errno
 .text.__libc_init_array
                0x00000000080064e0       0x48 /opt/st/stm32cubeide_1.10.0/plugins/com.st.stm32cube.ide.mcu.externaltools.gnu-tools-for-stm32.10.3-2021.10.linux64_1.0.0.202111181127/tools/bin/../lib/gcc/arm-none-eabi/10.3.1/../../../../arm-none-eabi/lib/thumb/v7e-m+fp/hard/libc_nano.a(lib_a-init.o)
                0x00000000080064e0                __libc_init_array
 .text.memcpy   0x0000000008006528       0x1c /opt/st/stm32cubeide_1.10.0/plugins/com.st.stm32cube.ide.mcu.externaltools.gnu-tools-for-stm32.10.3-2021.10.linux64_1.0.0.202111181127/tools/bin/../lib/gcc/arm-none-eabi/10.3.1/../../../../arm-none-eabi/lib/thumb/v7e-m+fp/hard/libc_nano.a(lib_a-memcpy-stub.o)
                0x0000000008006528                memcpy
 .text.memset   0x0000000008006544       0x10 /opt/st/stm32cubeide_1.10.0/plugins/com.st.stm32cube.ide.mcu.externaltools.gnu-tools-for-stm32.10.3-2021.10.linux64_1.0.0.202111181127/tools/bin/../lib/gcc/arm-none-eabi/10.3.1/../../../../arm-none-eabi/lib/thumb/v7e-m+fp/hard/libc_nano.a(lib_a-memset.o)
                0x0000000008006544                memset
 .text.realloc  0x0000000008006554       0x10 /opt/st/stm32cubeide_1.10.0/plugins/com.st.stm32cube.ide.mcu.externaltools.gnu-tools-for-stm32.10.3-2021.10.linux64_1.0.0.202111181127/tools/bin/../lib/gcc/arm-none-eabi/10.3.1/../../../../arm-none-eabi/lib/thumb/v7e-m+fp/hard/libc_nano.a(lib_a-realloc.o)
                0x0000000008006554                realloc
 .text._raise_r
                0x0000000008006564       0x50 /opt/st/stm32cubeide_1.10.0/plugins/com.st.stm32cube.ide.mcu.externaltools.gnu-tools-for-stm32.10.3-2021.10.linux64_1.0.0.202111181127/tools/bin/../lib/gcc/arm-none-eabi/10.3.1/../../../../arm-none-eabi/lib/thumb/v7e-m+fp/hard/libc_nano.a(lib_a-signal.o)
                0x0000000008006564                _raise_r
 .text.raise    0x00000000080065b4       0x10 /opt/st/stm32cubeide_1.10.0/plugins/com.st.stm32cube.ide.mcu.externaltools.gnu-tools-for-stm32.10.3-2021.10.linux64_1.0.0.202111181127/tools/bin/../lib/gcc/arm-none-eabi/10.3.1/../../../../arm-none-eabi/lib/thumb/v7e-m+fp/hard/libc_nano.a(lib_a-signal.o)
                0x00000000080065b4                raise
 .text._kill_r  0x00000000080065c4       0x24 /opt/st/stm32cubeide_1.10.0/plugins/com.st.stm32cube.ide.mcu.externaltools.gnu-tools-for-stm32.10.3-2021.10.linux64_1.0.0.202111181127/tools/bin/../lib/gcc/arm-none-eabi/10.3.1/../../../../arm-none-eabi/lib/thumb/v7e-m+fp/hard/libc_nano.a(lib_a-signalr.o)
                0x00000000080065c4                _kill_r
 .text._getpid_r
                0x00000000080065e8        0x4 /opt/st/stm32cubeide_1.10.0/plugins/com.st.stm32cube.ide.mcu.externaltools.gnu-tools-for-stm32.10.3-2021.10.linux64_1.0.0.202111181127/tools/bin/../lib/gcc/arm-none-eabi/10.3.1/../../../../arm-none-eabi/lib/thumb/v7e-m+fp/hard/libc_nano.a(lib_a-signalr.o)
                0x00000000080065e8                _getpid_r
 .text.sbrk_aligned
                0x00000000080065ec       0x40 /opt/st/stm32cubeide_1.10.0/plugins/com.st.stm32cube.ide.mcu.externaltools.gnu-tools-for-stm32.10.3-2021.10.linux64_1.0.0.202111181127/tools/bin/../lib/gcc/arm-none-eabi/10.3.1/../../../../arm-none-eabi/lib/thumb/v7e-m+fp/hard/libc_nano.a(lib_a-nano-mallocr.o)
 .text._malloc_r
                0x000000000800662c       0xe8 /opt/st/stm32cubeide_1.10.0/plugins/com.st.stm32cube.ide.mcu.externaltools.gnu-tools-for-stm32.10.3-2021.10.linux64_1.0.0.202111181127/tools/bin/../lib/gcc/arm-none-eabi/10.3.1/../../../../arm-none-eabi/lib/thumb/v7e-m+fp/hard/libc_nano.a(lib_a-nano-mallocr.o)
                0x000000000800662c                _malloc_r
 .text._realloc_r
                0x0000000008006714       0x5e /opt/st/stm32cubeide_1.10.0/plugins/com.st.stm32cube.ide.mcu.externaltools.gnu-tools-for-stm32.10.3-2021.10.linux64_1.0.0.202111181127/tools/bin/../lib/gcc/arm-none-eabi/10.3.1/../../../../arm-none-eabi/lib/thumb/v7e-m+fp/hard/libc_nano.a(lib_a-nano-reallocr.o)
                0x0000000008006714                _realloc_r
 *fill*         0x0000000008006772        0x2 
 .text._sbrk_r  0x0000000008006774       0x20 /opt/st/stm32cubeide_1.10.0/plugins/com.st.stm32cube.ide.mcu.externaltools.gnu-tools-for-stm32.10.3-2021.10.linux64_1.0.0.202111181127/tools/bin/../lib/gcc/arm-none-eabi/10.3.1/../../../../arm-none-eabi/lib/thumb/v7e-m+fp/hard/libc_nano.a(lib_a-sbrkr.o)
                0x0000000008006774                _sbrk_r
 .text.__malloc_lock
                0x0000000008006794        0xc /opt/st/stm32cubeide_1.10.0/plugins/com.st.stm32cube.ide.mcu.externaltools.gnu-tools-for-stm32.10.3-2021.10.linux64_1.0.0.202111181127/tools/bin/../lib/gcc/arm-none-eabi/10.3.1/../../../../arm-none-eabi/lib/thumb/v7e-m+fp/hard/libc_nano.a(lib_a-mlock.o)
                0x0000000008006794                __malloc_lock
 .text.__malloc_unlock
                0x00000000080067a0        0xc /opt/st/stm32cubeide_1.10.0/plugins/com.st.stm32cube.ide.mcu.externaltools.gnu-tools-for-stm32.10.3-2021.10.linux64_1.0.0.202111181127/tools/bin/../lib/gcc/arm-none-eabi/10.3.1/../../../../arm-none-eabi/lib/thumb/v7e-m+fp/hard/libc_nano.a(lib_a-mlock.o)
                0x00000000080067a0                __malloc_unlock
 .text._free_r  0x00000000080067ac       0x98 /opt/st/stm32cubeide_1.10.0/plugins/com.st.stm32cube.ide.mcu.externaltools.gnu-tools-for-stm32.10.3-2021.10.linux64_1.0.0.202111181127/tools/bin/../lib/gcc/arm-none-eabi/10.3.1/../../../../arm-none-eabi/lib/thumb/v7e-m+fp/hard/libc_nano.a(lib_a-nano-freer.o)
                0x00000000080067ac                _free_r
 .text._malloc_usable_size_r
                0x0000000008006844       0x10 /opt/st/stm32cubeide_1.10.0/plugins/com.st.stm32cube.ide.mcu.externaltools.gnu-tools-for-stm32.10.3-2021.10.linux64_1.0.0.202111181127/tools/bin/../lib/gcc/arm-none-eabi/10.3.1/../../../../arm-none-eabi/lib/thumb/v7e-m+fp/hard/libc_nano.a(lib_a-nano-msizer.o)
                0x0000000008006844                _malloc_usable_size_r
 .text.__retarget_lock_acquire_recursive
                0x0000000008006854        0x2 /opt/st/stm32cubeide_1.10.0/plugins/com.st.stm32cube.ide.mcu.externaltools.gnu-tools-for-stm32.10.3-2021.10.linux64_1.0.0.202111181127/tools/bin/../lib/gcc/arm-none-eabi/10.3.1/../../../../arm-none-eabi/lib/thumb/v7e-m+fp/hard/libc_nano.a(lib_a-lock.o)
                0x0000000008006854                __retarget_lock_acquire_recursive
 .text.__retarget_lock_release_recursive
                0x0000000008006856        0x2 /opt/st/stm32cubeide_1.10.0/plugins/com.st.stm32cube.ide.mcu.externaltools.gnu-tools-for-stm32.10.3-2021.10.linux64_1.0.0.202111181127/tools/bin/../lib/gcc/arm-none-eabi/10.3.1/../../../../arm-none-eabi/lib/thumb/v7e-m+fp/hard/libc_nano.a(lib_a-lock.o)
                0x0000000008006856                __retarget_lock_release_recursive
 *(.glue_7)
 .glue_7        0x0000000008006858        0x0 linker stubs
 *(.glue_7t)
 .glue_7t       0x0000000008006858        0x0 linker stubs
 *(.eh_frame)
 .eh_frame      0x0000000008006858        0x0 /opt/st/stm32cubeide_1.10.0/plugins/com.st.stm32cube.ide.mcu.externaltools.gnu-tools-for-stm32.10.3-2021.10.linux64_1.0.0.202111181127/tools/bin/../lib/gcc/arm-none-eabi/10.3.1/thumb/v7e-m+fp/hard/crtbegin.o
 *(.init)
 .init          0x0000000008006858        0x4 /opt/st/stm32cubeide_1.10.0/plugins/com.st.stm32cube.ide.mcu.externaltools.gnu-tools-for-stm32.10.3-2021.10.linux64_1.0.0.202111181127/tools/bin/../lib/gcc/arm-none-eabi/10.3.1/thumb/v7e-m+fp/hard/crti.o
                0x0000000008006858                _init
 .init          0x000000000800685c        0x8 /opt/st/stm32cubeide_1.10.0/plugins/com.st.stm32cube.ide.mcu.externaltools.gnu-tools-for-stm32.10.3-2021.10.linux64_1.0.0.202111181127/tools/bin/../lib/gcc/arm-none-eabi/10.3.1/thumb/v7e-m+fp/hard/crtn.o
 *(.fini)
 .fini          0x0000000008006864        0x4 /opt/st/stm32cubeide_1.10.0/plugins/com.st.stm32cube.ide.mcu.externaltools.gnu-tools-for-stm32.10.3-2021.10.linux64_1.0.0.202111181127/tools/bin/../lib/gcc/arm-none-eabi/10.3.1/thumb/v7e-m+fp/hard/crti.o
                0x0000000008006864                _fini
 .fini          0x0000000008006868        0x8 /opt/st/stm32cubeide_1.10.0/plugins/com.st.stm32cube.ide.mcu.externaltools.gnu-tools-for-stm32.10.3-2021.10.linux64_1.0.0.202111181127/tools/bin/../lib/gcc/arm-none-eabi/10.3.1/thumb/v7e-m+fp/hard/crtn.o
                0x0000000008006870                . = ALIGN (0x4)
                0x0000000008006870                _etext = .

.vfp11_veneer   0x0000000008006870        0x0
 .vfp11_veneer  0x0000000008006870        0x0 linker stubs

.v4_bx          0x0000000008006870        0x0
 .v4_bx         0x0000000008006870        0x0 linker stubs

.iplt           0x0000000008006870        0x0
 .iplt          0x0000000008006870        0x0 /opt/st/stm32cubeide_1.10.0/plugins/com.st.stm32cube.ide.mcu.externaltools.gnu-tools-for-stm32.10.3-2021.10.linux64_1.0.0.202111181127/tools/bin/../lib/gcc/arm-none-eabi/10.3.1/thumb/v7e-m+fp/hard/crtbegin.o

.rodata         0x0000000008006870      0x288
                0x0000000008006870                . = ALIGN (0x4)
 *(.rodata)
 .rodata        0x0000000008006870      0x161 ./Core/Src/mainpp.o
 *(.rodata*)
 *fill*         0x00000000080069d1        0x3 
 .rodata._ZN14rosserial_msgsL12REQUESTPARAME
                0x00000000080069d4       0x1c ./Core/Src/mainpp.o
 .rodata._ZTVN3ros10SubscriberIN8std_msgs5UInt8EvEE
                0x00000000080069f0       0x18 ./Core/Src/mainpp.o
                0x00000000080069f0                vtable for ros::Subscriber<std_msgs::UInt8, void>
 .rodata._ZTVN3ros11NodeHandle_I13STM32HardwareLi25ELi25ELi512ELi512EEE
                0x0000000008006a08       0x14 ./Core/Src/mainpp.o
                0x0000000008006a08                vtable for ros::NodeHandle_<STM32Hardware, 25, 25, 512, 512>
 .rodata._ZTVN8std_msgs5UInt8E
                0x0000000008006a1c       0x18 ./Core/Src/mainpp.o
                0x0000000008006a1c                vtable for std_msgs::UInt8
 .rodata._ZTVN3ros11Subscriber_E
                0x0000000008006a34       0x18 ./Core/Src/mainpp.o
                0x0000000008006a34                vtable for ros::Subscriber_
 .rodata._ZTVN3ros15NodeHandleBase_E
                0x0000000008006a4c       0x14 ./Core/Src/mainpp.o
                0x0000000008006a4c                vtable for ros::NodeHandleBase_
 .rodata._ZTVN14rosserial_msgs20RequestParamResponseE
                0x0000000008006a60       0x18 ./Core/Src/mainpp.o
                0x0000000008006a60                vtable for rosserial_msgs::RequestParamResponse
 .rodata._ZTVN14rosserial_msgs3LogE
                0x0000000008006a78       0x18 ./Core/Src/mainpp.o
                0x0000000008006a78                vtable for rosserial_msgs::Log
 .rodata._ZTVN14rosserial_msgs9TopicInfoE
                0x0000000008006a90       0x18 ./Core/Src/mainpp.o
                0x0000000008006a90                vtable for rosserial_msgs::TopicInfo
 .rodata._ZTVN8std_msgs4TimeE
                0x0000000008006aa8       0x18 ./Core/Src/mainpp.o
                0x0000000008006aa8                vtable for std_msgs::Time
 .rodata._ZTVN3ros3MsgE
                0x0000000008006ac0       0x18 ./Core/Src/mainpp.o
                0x0000000008006ac0                vtable for ros::Msg
 .rodata.AHBPrescTable
                0x0000000008006ad8       0x10 ./Core/Src/system_stm32f4xx.o
                0x0000000008006ad8                AHBPrescTable
 .rodata.APBPrescTable
                0x0000000008006ae8        0x8 ./Core/Src/system_stm32f4xx.o
                0x0000000008006ae8                APBPrescTable
 .rodata.flagBitshiftOffset.0
                0x0000000008006af0        0x8 ./Drivers/STM32F4xx_HAL_Driver/Src/stm32f4xx_hal_dma.o
                0x0000000008006af8                . = ALIGN (0x4)

.ARM.extab      0x0000000008006af8        0x0
                0x0000000008006af8                . = ALIGN (0x4)
 *(.ARM.extab* .gnu.linkonce.armextab.*)
                0x0000000008006af8                . = ALIGN (0x4)

.ARM            0x0000000008006af8        0x8
                0x0000000008006af8                . = ALIGN (0x4)
                0x0000000008006af8                __exidx_start = .
 *(.ARM.exidx*)
 .ARM.exidx     0x0000000008006af8        0x8 /opt/st/stm32cubeide_1.10.0/plugins/com.st.stm32cube.ide.mcu.externaltools.gnu-tools-for-stm32.10.3-2021.10.linux64_1.0.0.202111181127/tools/bin/../lib/gcc/arm-none-eabi/10.3.1/thumb/v7e-m+fp/hard/libgcc.a(_udivmoddi4.o)
                0x0000000008006b00                __exidx_end = .
                0x0000000008006b00                . = ALIGN (0x4)

.rel.dyn        0x0000000008006b00        0x0
 .rel.iplt      0x0000000008006b00        0x0 /opt/st/stm32cubeide_1.10.0/plugins/com.st.stm32cube.ide.mcu.externaltools.gnu-tools-for-stm32.10.3-2021.10.linux64_1.0.0.202111181127/tools/bin/../lib/gcc/arm-none-eabi/10.3.1/thumb/v7e-m+fp/hard/crtbegin.o

.preinit_array  0x0000000008006b00        0x0
                0x0000000008006b00                . = ALIGN (0x4)
                0x0000000008006b00                PROVIDE (__preinit_array_start = .)
 *(.preinit_array*)
                0x0000000008006b00                PROVIDE (__preinit_array_end = .)
                0x0000000008006b00                . = ALIGN (0x4)

.init_array     0x0000000008006b00        0x8
                0x0000000008006b00                . = ALIGN (0x4)
                0x0000000008006b00                PROVIDE (__init_array_start = .)
 *(SORT_BY_NAME(.init_array.*))
 *(.init_array*)
 .init_array    0x0000000008006b00        0x4 /opt/st/stm32cubeide_1.10.0/plugins/com.st.stm32cube.ide.mcu.externaltools.gnu-tools-for-stm32.10.3-2021.10.linux64_1.0.0.202111181127/tools/bin/../lib/gcc/arm-none-eabi/10.3.1/thumb/v7e-m+fp/hard/crtbegin.o
 .init_array    0x0000000008006b04        0x4 ./Core/Src/mainpp.o
                0x0000000008006b08                PROVIDE (__init_array_end = .)
                0x0000000008006b08                . = ALIGN (0x4)

.fini_array     0x0000000008006b08        0x4
                0x0000000008006b08                . = ALIGN (0x4)
                [!provide]                        PROVIDE (__fini_array_start = .)
 *(SORT_BY_NAME(.fini_array.*))
 *(.fini_array*)
 .fini_array    0x0000000008006b08        0x4 /opt/st/stm32cubeide_1.10.0/plugins/com.st.stm32cube.ide.mcu.externaltools.gnu-tools-for-stm32.10.3-2021.10.linux64_1.0.0.202111181127/tools/bin/../lib/gcc/arm-none-eabi/10.3.1/thumb/v7e-m+fp/hard/crtbegin.o
                [!provide]                        PROVIDE (__fini_array_end = .)
                0x0000000008006b0c                . = ALIGN (0x4)
                0x0000000008006b0c                _sidata = LOADADDR (.data)

.data           0x0000000020000000       0x74 load address 0x0000000008006b0c
                0x0000000020000000                . = ALIGN (0x4)
                0x0000000020000000                _sdata = .
 *(.data)
 *(.data*)
 .data.SystemCoreClock
                0x0000000020000000        0x4 ./Core/Src/system_stm32f4xx.o
                0x0000000020000000                SystemCoreClock
 .data.uwTickPrio
                0x0000000020000004        0x4 ./Drivers/STM32F4xx_HAL_Driver/Src/stm32f4xx_hal.o
                0x0000000020000004                uwTickPrio
 .data.uwTickFreq
                0x0000000020000008        0x1 ./Drivers/STM32F4xx_HAL_Driver/Src/stm32f4xx_hal.o
                0x0000000020000008                uwTickFreq
 *fill*         0x0000000020000009        0x3 
 .data._ZN10__cxxabiv119__terminate_handlerE
                0x000000002000000c        0x4 /opt/st/stm32cubeide_1.10.0/plugins/com.st.stm32cube.ide.mcu.externaltools.gnu-tools-for-stm32.10.3-2021.10.linux64_1.0.0.202111181127/tools/bin/../lib/gcc/arm-none-eabi/10.3.1/../../../../arm-none-eabi/lib/thumb/v7e-m+fp/hard/libstdc++_nano.a(eh_term_handler.o)
                0x000000002000000c                __cxxabiv1::__terminate_handler
 .data._impure_ptr
                0x0000000020000010        0x4 /opt/st/stm32cubeide_1.10.0/plugins/com.st.stm32cube.ide.mcu.externaltools.gnu-tools-for-stm32.10.3-2021.10.linux64_1.0.0.202111181127/tools/bin/../lib/gcc/arm-none-eabi/10.3.1/../../../../arm-none-eabi/lib/thumb/v7e-m+fp/hard/libc_nano.a(lib_a-impure.o)
                0x0000000020000010                _impure_ptr
 .data.impure_data
                0x0000000020000014       0x60 /opt/st/stm32cubeide_1.10.0/plugins/com.st.stm32cube.ide.mcu.externaltools.gnu-tools-for-stm32.10.3-2021.10.linux64_1.0.0.202111181127/tools/bin/../lib/gcc/arm-none-eabi/10.3.1/../../../../arm-none-eabi/lib/thumb/v7e-m+fp/hard/libc_nano.a(lib_a-impure.o)
 *(.RamFunc)
 *(.RamFunc*)
                0x0000000020000074                . = ALIGN (0x4)
                0x0000000020000074                _edata = .

.igot.plt       0x0000000020000074        0x0 load address 0x0000000008006b80
 .igot.plt      0x0000000020000074        0x0 /opt/st/stm32cubeide_1.10.0/plugins/com.st.stm32cube.ide.mcu.externaltools.gnu-tools-for-stm32.10.3-2021.10.linux64_1.0.0.202111181127/tools/bin/../lib/gcc/arm-none-eabi/10.3.1/thumb/v7e-m+fp/hard/crtbegin.o
                0x0000000020000074                . = ALIGN (0x4)

.bss            0x0000000020000074      0xb94 load address 0x0000000008006b80
                0x0000000020000074                _sbss = .
                0x0000000020000074                __bss_start__ = _sbss
 *(.bss)
 .bss           0x0000000020000074       0x1c /opt/st/stm32cubeide_1.10.0/plugins/com.st.stm32cube.ide.mcu.externaltools.gnu-tools-for-stm32.10.3-2021.10.linux64_1.0.0.202111181127/tools/bin/../lib/gcc/arm-none-eabi/10.3.1/thumb/v7e-m+fp/hard/crtbegin.o
 *(.bss*)
 .bss.htim1     0x0000000020000090       0x48 ./Core/Src/main.o
                0x0000000020000090                htim1
 .bss.htim2     0x00000000200000d8       0x48 ./Core/Src/main.o
                0x00000000200000d8                htim2
 .bss.huart2    0x0000000020000120       0x44 ./Core/Src/main.o
                0x0000000020000120                huart2
 .bss.hdma_usart2_tx
                0x0000000020000164       0x60 ./Core/Src/main.o
                0x0000000020000164                hdma_usart2_tx
 .bss.hdma_usart2_rx
                0x00000000200001c4       0x60 ./Core/Src/main.o
                0x00000000200001c4                hdma_usart2_rx
 .bss._ZZN13STM32Hardware5flushEvE5mutex
                0x0000000020000224        0x1 ./Core/Src/mainpp.o
                0x0000000020000224                STM32Hardware::flush()::mutex
 *fill*         0x0000000020000225        0x3 
 .bss.nh        0x0000000020000228      0x93c ./Core/Src/mainpp.o
                0x0000000020000228                nh
 .bss.sConfigOC
                0x0000000020000b64       0x1c ./Core/Src/mainpp.o
                0x0000000020000b64                sConfigOC
 .bss.led0_sub  0x0000000020000b80       0x1c ./Core/Src/mainpp.o
                0x0000000020000b80                led0_sub
 .bss.led1_sub  0x0000000020000b9c       0x1c ./Core/Src/mainpp.o
                0x0000000020000b9c                led1_sub
 .bss.led2_sub  0x0000000020000bb8       0x1c ./Core/Src/mainpp.o
                0x0000000020000bb8                led2_sub
 .bss.led3_sub  0x0000000020000bd4       0x1c ./Core/Src/mainpp.o
                0x0000000020000bd4                led3_sub
 .bss.__sbrk_heap_end
                0x0000000020000bf0        0x4 ./Core/Src/sysmem.o
 .bss.uwTick    0x0000000020000bf4        0x4 ./Drivers/STM32F4xx_HAL_Driver/Src/stm32f4xx_hal.o
                0x0000000020000bf4                uwTick
 .bss.__malloc_free_list
                0x0000000020000bf8        0x4 /opt/st/stm32cubeide_1.10.0/plugins/com.st.stm32cube.ide.mcu.externaltools.gnu-tools-for-stm32.10.3-2021.10.linux64_1.0.0.202111181127/tools/bin/../lib/gcc/arm-none-eabi/10.3.1/../../../../arm-none-eabi/lib/thumb/v7e-m+fp/hard/libc_nano.a(lib_a-nano-mallocr.o)
                0x0000000020000bf8                __malloc_free_list
 .bss.__malloc_sbrk_start
                0x0000000020000bfc        0x4 /opt/st/stm32cubeide_1.10.0/plugins/com.st.stm32cube.ide.mcu.externaltools.gnu-tools-for-stm32.10.3-2021.10.linux64_1.0.0.202111181127/tools/bin/../lib/gcc/arm-none-eabi/10.3.1/../../../../arm-none-eabi/lib/thumb/v7e-m+fp/hard/libc_nano.a(lib_a-nano-mallocr.o)
                0x0000000020000bfc                __malloc_sbrk_start
 .bss.errno     0x0000000020000c00        0x4 /opt/st/stm32cubeide_1.10.0/plugins/com.st.stm32cube.ide.mcu.externaltools.gnu-tools-for-stm32.10.3-2021.10.linux64_1.0.0.202111181127/tools/bin/../lib/gcc/arm-none-eabi/10.3.1/../../../../arm-none-eabi/lib/thumb/v7e-m+fp/hard/libc_nano.a(lib_a-reent.o)
                0x0000000020000c00                errno
 .bss.__lock___malloc_recursive_mutex
                0x0000000020000c04        0x1 /opt/st/stm32cubeide_1.10.0/plugins/com.st.stm32cube.ide.mcu.externaltools.gnu-tools-for-stm32.10.3-2021.10.linux64_1.0.0.202111181127/tools/bin/../lib/gcc/arm-none-eabi/10.3.1/../../../../arm-none-eabi/lib/thumb/v7e-m+fp/hard/libc_nano.a(lib_a-lock.o)
                0x0000000020000c04                __lock___malloc_recursive_mutex
 *(COMMON)
                0x0000000020000c08                . = ALIGN (0x4)
 *fill*         0x0000000020000c05        0x3 
                0x0000000020000c08                _ebss = .
                0x0000000020000c08                __bss_end__ = _ebss

._user_heap_stack
                0x0000000020000c08      0x600 load address 0x0000000008006b80
                0x0000000020000c08                . = ALIGN (0x8)
                [!provide]                        PROVIDE (end = .)
                0x0000000020000c08                PROVIDE (_end = .)
                0x0000000020000e08                . = (. + _Min_Heap_Size)
 *fill*         0x0000000020000c08      0x200 
                0x0000000020001208                . = (. + _Min_Stack_Size)
 *fill*         0x0000000020000e08      0x400 
                0x0000000020001208                . = ALIGN (0x8)

/DISCARD/
 libc.a(*)
 libm.a(*)
 libgcc.a(*)

.ARM.attributes
                0x0000000000000000       0x30
 *(.ARM.attributes)
 .ARM.attributes
                0x0000000000000000       0x1e /opt/st/stm32cubeide_1.10.0/plugins/com.st.stm32cube.ide.mcu.externaltools.gnu-tools-for-stm32.10.3-2021.10.linux64_1.0.0.202111181127/tools/bin/../lib/gcc/arm-none-eabi/10.3.1/thumb/v7e-m+fp/hard/crti.o
 .ARM.attributes
                0x000000000000001e       0x34 /opt/st/stm32cubeide_1.10.0/plugins/com.st.stm32cube.ide.mcu.externaltools.gnu-tools-for-stm32.10.3-2021.10.linux64_1.0.0.202111181127/tools/bin/../lib/gcc/arm-none-eabi/10.3.1/thumb/v7e-m+fp/hard/crtbegin.o
 .ARM.attributes
                0x0000000000000052       0x34 ./Core/Inc/time.o
 .ARM.attributes
                0x0000000000000086       0x34 ./Core/Src/main.o
 .ARM.attributes
                0x00000000000000ba       0x34 ./Core/Src/mainpp.o
 .ARM.attributes
                0x00000000000000ee       0x34 ./Core/Src/stm32f4xx_hal_msp.o
 .ARM.attributes
                0x0000000000000122       0x34 ./Core/Src/stm32f4xx_it.o
 .ARM.attributes
                0x0000000000000156       0x34 ./Core/Src/syscalls.o
 .ARM.attributes
                0x000000000000018a       0x34 ./Core/Src/sysmem.o
 .ARM.attributes
                0x00000000000001be       0x34 ./Core/Src/system_stm32f4xx.o
 .ARM.attributes
                0x00000000000001f2       0x21 ./Core/Startup/startup_stm32f401retx.o
 .ARM.attributes
                0x0000000000000213       0x34 ./Drivers/STM32F4xx_HAL_Driver/Src/stm32f4xx_hal.o
 .ARM.attributes
                0x0000000000000247       0x34 ./Drivers/STM32F4xx_HAL_Driver/Src/stm32f4xx_hal_cortex.o
 .ARM.attributes
                0x000000000000027b       0x34 ./Drivers/STM32F4xx_HAL_Driver/Src/stm32f4xx_hal_dma.o
 .ARM.attributes
                0x00000000000002af       0x34 ./Drivers/STM32F4xx_HAL_Driver/Src/stm32f4xx_hal_gpio.o
 .ARM.attributes
                0x00000000000002e3       0x34 ./Drivers/STM32F4xx_HAL_Driver/Src/stm32f4xx_hal_rcc.o
 .ARM.attributes
                0x0000000000000317       0x34 ./Drivers/STM32F4xx_HAL_Driver/Src/stm32f4xx_hal_tim.o
 .ARM.attributes
                0x000000000000034b       0x34 ./Drivers/STM32F4xx_HAL_Driver/Src/stm32f4xx_hal_tim_ex.o
 .ARM.attributes
                0x000000000000037f       0x34 ./Drivers/STM32F4xx_HAL_Driver/Src/stm32f4xx_hal_uart.o
 .ARM.attributes
                0x00000000000003b3       0x34 /opt/st/stm32cubeide_1.10.0/plugins/com.st.stm32cube.ide.mcu.externaltools.gnu-tools-for-stm32.10.3-2021.10.linux64_1.0.0.202111181127/tools/bin/../lib/gcc/arm-none-eabi/10.3.1/../../../../arm-none-eabi/lib/thumb/v7e-m+fp/hard/libstdc++_nano.a(pure.o)
 .ARM.attributes
                0x00000000000003e7       0x34 /opt/st/stm32cubeide_1.10.0/plugins/com.st.stm32cube.ide.mcu.externaltools.gnu-tools-for-stm32.10.3-2021.10.linux64_1.0.0.202111181127/tools/bin/../lib/gcc/arm-none-eabi/10.3.1/../../../../arm-none-eabi/lib/thumb/v7e-m+fp/hard/libstdc++_nano.a(eh_terminate.o)
 .ARM.attributes
                0x000000000000041b       0x34 /opt/st/stm32cubeide_1.10.0/plugins/com.st.stm32cube.ide.mcu.externaltools.gnu-tools-for-stm32.10.3-2021.10.linux64_1.0.0.202111181127/tools/bin/../lib/gcc/arm-none-eabi/10.3.1/../../../../arm-none-eabi/lib/thumb/v7e-m+fp/hard/libstdc++_nano.a(eh_term_handler.o)
 .ARM.attributes
                0x000000000000044f       0x34 /opt/st/stm32cubeide_1.10.0/plugins/com.st.stm32cube.ide.mcu.externaltools.gnu-tools-for-stm32.10.3-2021.10.linux64_1.0.0.202111181127/tools/bin/../lib/gcc/arm-none-eabi/10.3.1/../../../../arm-none-eabi/lib/thumb/v7e-m+fp/hard/libc_nano.a(lib_a-abort.o)
 .ARM.attributes
                0x0000000000000483       0x34 /opt/st/stm32cubeide_1.10.0/plugins/com.st.stm32cube.ide.mcu.externaltools.gnu-tools-for-stm32.10.3-2021.10.linux64_1.0.0.202111181127/tools/bin/../lib/gcc/arm-none-eabi/10.3.1/../../../../arm-none-eabi/lib/thumb/v7e-m+fp/hard/libc_nano.a(lib_a-errno.o)
 .ARM.attributes
                0x00000000000004b7       0x34 /opt/st/stm32cubeide_1.10.0/plugins/com.st.stm32cube.ide.mcu.externaltools.gnu-tools-for-stm32.10.3-2021.10.linux64_1.0.0.202111181127/tools/bin/../lib/gcc/arm-none-eabi/10.3.1/../../../../arm-none-eabi/lib/thumb/v7e-m+fp/hard/libc_nano.a(lib_a-impure.o)
 .ARM.attributes
                0x00000000000004eb       0x34 /opt/st/stm32cubeide_1.10.0/plugins/com.st.stm32cube.ide.mcu.externaltools.gnu-tools-for-stm32.10.3-2021.10.linux64_1.0.0.202111181127/tools/bin/../lib/gcc/arm-none-eabi/10.3.1/../../../../arm-none-eabi/lib/thumb/v7e-m+fp/hard/libc_nano.a(lib_a-init.o)
 .ARM.attributes
                0x000000000000051f       0x34 /opt/st/stm32cubeide_1.10.0/plugins/com.st.stm32cube.ide.mcu.externaltools.gnu-tools-for-stm32.10.3-2021.10.linux64_1.0.0.202111181127/tools/bin/../lib/gcc/arm-none-eabi/10.3.1/../../../../arm-none-eabi/lib/thumb/v7e-m+fp/hard/libc_nano.a(lib_a-memcpy-stub.o)
 .ARM.attributes
                0x0000000000000553       0x34 /opt/st/stm32cubeide_1.10.0/plugins/com.st.stm32cube.ide.mcu.externaltools.gnu-tools-for-stm32.10.3-2021.10.linux64_1.0.0.202111181127/tools/bin/../lib/gcc/arm-none-eabi/10.3.1/../../../../arm-none-eabi/lib/thumb/v7e-m+fp/hard/libc_nano.a(lib_a-memset.o)
 .ARM.attributes
                0x0000000000000587       0x34 /opt/st/stm32cubeide_1.10.0/plugins/com.st.stm32cube.ide.mcu.externaltools.gnu-tools-for-stm32.10.3-2021.10.linux64_1.0.0.202111181127/tools/bin/../lib/gcc/arm-none-eabi/10.3.1/../../../../arm-none-eabi/lib/thumb/v7e-m+fp/hard/libc_nano.a(lib_a-realloc.o)
 .ARM.attributes
                0x00000000000005bb       0x34 /opt/st/stm32cubeide_1.10.0/plugins/com.st.stm32cube.ide.mcu.externaltools.gnu-tools-for-stm32.10.3-2021.10.linux64_1.0.0.202111181127/tools/bin/../lib/gcc/arm-none-eabi/10.3.1/../../../../arm-none-eabi/lib/thumb/v7e-m+fp/hard/libc_nano.a(lib_a-signal.o)
 .ARM.attributes
                0x00000000000005ef       0x34 /opt/st/stm32cubeide_1.10.0/plugins/com.st.stm32cube.ide.mcu.externaltools.gnu-tools-for-stm32.10.3-2021.10.linux64_1.0.0.202111181127/tools/bin/../lib/gcc/arm-none-eabi/10.3.1/../../../../arm-none-eabi/lib/thumb/v7e-m+fp/hard/libc_nano.a(lib_a-signalr.o)
 .ARM.attributes
                0x0000000000000623       0x17 /opt/st/stm32cubeide_1.10.0/plugins/com.st.stm32cube.ide.mcu.externaltools.gnu-tools-for-stm32.10.3-2021.10.linux64_1.0.0.202111181127/tools/bin/../lib/gcc/arm-none-eabi/10.3.1/../../../../arm-none-eabi/lib/thumb/v7e-m+fp/hard/libc_nano.a(lib_a-strlen.o)
 .ARM.attributes
                0x000000000000063a       0x34 /opt/st/stm32cubeide_1.10.0/plugins/com.st.stm32cube.ide.mcu.externaltools.gnu-tools-for-stm32.10.3-2021.10.linux64_1.0.0.202111181127/tools/bin/../lib/gcc/arm-none-eabi/10.3.1/../../../../arm-none-eabi/lib/thumb/v7e-m+fp/hard/libc_nano.a(lib_a-nano-mallocr.o)
 .ARM.attributes
                0x000000000000066e       0x34 /opt/st/stm32cubeide_1.10.0/plugins/com.st.stm32cube.ide.mcu.externaltools.gnu-tools-for-stm32.10.3-2021.10.linux64_1.0.0.202111181127/tools/bin/../lib/gcc/arm-none-eabi/10.3.1/../../../../arm-none-eabi/lib/thumb/v7e-m+fp/hard/libc_nano.a(lib_a-nano-reallocr.o)
 .ARM.attributes
                0x00000000000006a2       0x34 /opt/st/stm32cubeide_1.10.0/plugins/com.st.stm32cube.ide.mcu.externaltools.gnu-tools-for-stm32.10.3-2021.10.linux64_1.0.0.202111181127/tools/bin/../lib/gcc/arm-none-eabi/10.3.1/../../../../arm-none-eabi/lib/thumb/v7e-m+fp/hard/libc_nano.a(lib_a-reent.o)
 .ARM.attributes
                0x00000000000006d6       0x34 /opt/st/stm32cubeide_1.10.0/plugins/com.st.stm32cube.ide.mcu.externaltools.gnu-tools-for-stm32.10.3-2021.10.linux64_1.0.0.202111181127/tools/bin/../lib/gcc/arm-none-eabi/10.3.1/../../../../arm-none-eabi/lib/thumb/v7e-m+fp/hard/libc_nano.a(lib_a-sbrkr.o)
 .ARM.attributes
                0x000000000000070a       0x34 /opt/st/stm32cubeide_1.10.0/plugins/com.st.stm32cube.ide.mcu.externaltools.gnu-tools-for-stm32.10.3-2021.10.linux64_1.0.0.202111181127/tools/bin/../lib/gcc/arm-none-eabi/10.3.1/../../../../arm-none-eabi/lib/thumb/v7e-m+fp/hard/libc_nano.a(lib_a-mlock.o)
 .ARM.attributes
                0x000000000000073e       0x34 /opt/st/stm32cubeide_1.10.0/plugins/com.st.stm32cube.ide.mcu.externaltools.gnu-tools-for-stm32.10.3-2021.10.linux64_1.0.0.202111181127/tools/bin/../lib/gcc/arm-none-eabi/10.3.1/../../../../arm-none-eabi/lib/thumb/v7e-m+fp/hard/libc_nano.a(lib_a-nano-freer.o)
 .ARM.attributes
                0x0000000000000772       0x34 /opt/st/stm32cubeide_1.10.0/plugins/com.st.stm32cube.ide.mcu.externaltools.gnu-tools-for-stm32.10.3-2021.10.linux64_1.0.0.202111181127/tools/bin/../lib/gcc/arm-none-eabi/10.3.1/../../../../arm-none-eabi/lib/thumb/v7e-m+fp/hard/libc_nano.a(lib_a-nano-msizer.o)
 .ARM.attributes
                0x00000000000007a6       0x34 /opt/st/stm32cubeide_1.10.0/plugins/com.st.stm32cube.ide.mcu.externaltools.gnu-tools-for-stm32.10.3-2021.10.linux64_1.0.0.202111181127/tools/bin/../lib/gcc/arm-none-eabi/10.3.1/../../../../arm-none-eabi/lib/thumb/v7e-m+fp/hard/libc_nano.a(lib_a-lock.o)
 .ARM.attributes
                0x00000000000007da       0x1e /opt/st/stm32cubeide_1.10.0/plugins/com.st.stm32cube.ide.mcu.externaltools.gnu-tools-for-stm32.10.3-2021.10.linux64_1.0.0.202111181127/tools/bin/../lib/gcc/arm-none-eabi/10.3.1/thumb/v7e-m+fp/hard/libgcc.a(_aeabi_uldivmod.o)
 .ARM.attributes
                0x00000000000007f8       0x34 /opt/st/stm32cubeide_1.10.0/plugins/com.st.stm32cube.ide.mcu.externaltools.gnu-tools-for-stm32.10.3-2021.10.linux64_1.0.0.202111181127/tools/bin/../lib/gcc/arm-none-eabi/10.3.1/thumb/v7e-m+fp/hard/libgcc.a(_udivmoddi4.o)
 .ARM.attributes
                0x000000000000082c       0x1e /opt/st/stm32cubeide_1.10.0/plugins/com.st.stm32cube.ide.mcu.externaltools.gnu-tools-for-stm32.10.3-2021.10.linux64_1.0.0.202111181127/tools/bin/../lib/gcc/arm-none-eabi/10.3.1/thumb/v7e-m+fp/hard/libgcc.a(_dvmd_tls.o)
 .ARM.attributes
                0x000000000000084a       0x1e /opt/st/stm32cubeide_1.10.0/plugins/com.st.stm32cube.ide.mcu.externaltools.gnu-tools-for-stm32.10.3-2021.10.linux64_1.0.0.202111181127/tools/bin/../lib/gcc/arm-none-eabi/10.3.1/thumb/v7e-m+fp/hard/crtn.o
OUTPUT(rosserial_led.elf elf32-littlearm)
LOAD linker stubs
LOAD /opt/st/stm32cubeide_1.10.0/plugins/com.st.stm32cube.ide.mcu.externaltools.gnu-tools-for-stm32.10.3-2021.10.linux64_1.0.0.202111181127/tools/bin/../lib/gcc/arm-none-eabi/10.3.1/../../../../arm-none-eabi/lib/thumb/v7e-m+fp/hard/libc.a
LOAD /opt/st/stm32cubeide_1.10.0/plugins/com.st.stm32cube.ide.mcu.externaltools.gnu-tools-for-stm32.10.3-2021.10.linux64_1.0.0.202111181127/tools/bin/../lib/gcc/arm-none-eabi/10.3.1/../../../../arm-none-eabi/lib/thumb/v7e-m+fp/hard/libm.a
LOAD /opt/st/stm32cubeide_1.10.0/plugins/com.st.stm32cube.ide.mcu.externaltools.gnu-tools-for-stm32.10.3-2021.10.linux64_1.0.0.202111181127/tools/bin/../lib/gcc/arm-none-eabi/10.3.1/thumb/v7e-m+fp/hard/libgcc.a

.debug_info     0x0000000000000000    0x155d2
 .debug_info    0x0000000000000000     0x1b15 ./Core/Inc/time.o
 .debug_info    0x0000000000001b15     0x14f9 ./Core/Src/main.o
 .debug_info    0x000000000000300e     0x5d0b ./Core/Src/mainpp.o
 .debug_info    0x0000000000008d19     0x101d ./Core/Src/stm32f4xx_hal_msp.o
 .debug_info    0x0000000000009d36      0x6ac ./Core/Src/stm32f4xx_it.o
 .debug_info    0x000000000000a3e2      0x6e0 ./Core/Src/syscalls.o
 .debug_info    0x000000000000aac2      0x171 ./Core/Src/sysmem.o
 .debug_info    0x000000000000ac33      0x54f ./Core/Src/system_stm32f4xx.o
 .debug_info    0x000000000000b182       0x22 ./Core/Startup/startup_stm32f401retx.o
 .debug_info    0x000000000000b1a4      0x906 ./Drivers/STM32F4xx_HAL_Driver/Src/stm32f4xx_hal.o
 .debug_info    0x000000000000baaa      0xd85 ./Drivers/STM32F4xx_HAL_Driver/Src/stm32f4xx_hal_cortex.o
 .debug_info    0x000000000000c82f      0x947 ./Drivers/STM32F4xx_HAL_Driver/Src/stm32f4xx_hal_dma.o
 .debug_info    0x000000000000d176      0x78e ./Drivers/STM32F4xx_HAL_Driver/Src/stm32f4xx_hal_gpio.o
 .debug_info    0x000000000000d904      0x98c ./Drivers/STM32F4xx_HAL_Driver/Src/stm32f4xx_hal_rcc.o
 .debug_info    0x000000000000e290     0x2bb6 ./Drivers/STM32F4xx_HAL_Driver/Src/stm32f4xx_hal_tim.o
 .debug_info    0x0000000000010e46     0x15d8 ./Drivers/STM32F4xx_HAL_Driver/Src/stm32f4xx_hal_tim_ex.o
 .debug_info    0x000000000001241e     0x31b4 ./Drivers/STM32F4xx_HAL_Driver/Src/stm32f4xx_hal_uart.o

.debug_abbrev   0x0000000000000000     0x297d
 .debug_abbrev  0x0000000000000000      0x26e ./Core/Inc/time.o
 .debug_abbrev  0x000000000000026e      0x2c6 ./Core/Src/main.o
 .debug_abbrev  0x0000000000000534      0x924 ./Core/Src/mainpp.o
 .debug_abbrev  0x0000000000000e58      0x252 ./Core/Src/stm32f4xx_hal_msp.o
 .debug_abbrev  0x00000000000010aa      0x177 ./Core/Src/stm32f4xx_it.o
 .debug_abbrev  0x0000000000001221      0x1b3 ./Core/Src/syscalls.o
 .debug_abbrev  0x00000000000013d4       0xbb ./Core/Src/sysmem.o
 .debug_abbrev  0x000000000000148f      0x116 ./Core/Src/system_stm32f4xx.o
 .debug_abbrev  0x00000000000015a5       0x12 ./Core/Startup/startup_stm32f401retx.o
 .debug_abbrev  0x00000000000015b7      0x23e ./Drivers/STM32F4xx_HAL_Driver/Src/stm32f4xx_hal.o
 .debug_abbrev  0x00000000000017f5      0x316 ./Drivers/STM32F4xx_HAL_Driver/Src/stm32f4xx_hal_cortex.o
 .debug_abbrev  0x0000000000001b0b      0x21b ./Drivers/STM32F4xx_HAL_Driver/Src/stm32f4xx_hal_dma.o
 .debug_abbrev  0x0000000000001d26      0x1c4 ./Drivers/STM32F4xx_HAL_Driver/Src/stm32f4xx_hal_gpio.o
 .debug_abbrev  0x0000000000001eea      0x2aa ./Drivers/STM32F4xx_HAL_Driver/Src/stm32f4xx_hal_rcc.o
 .debug_abbrev  0x0000000000002194      0x26e ./Drivers/STM32F4xx_HAL_Driver/Src/stm32f4xx_hal_tim.o
 .debug_abbrev  0x0000000000002402      0x276 ./Drivers/STM32F4xx_HAL_Driver/Src/stm32f4xx_hal_tim_ex.o
 .debug_abbrev  0x0000000000002678      0x305 ./Drivers/STM32F4xx_HAL_Driver/Src/stm32f4xx_hal_uart.o

.debug_aranges  0x0000000000000000      0xf50
 .debug_aranges
                0x0000000000000000       0x38 ./Core/Inc/time.o
 .debug_aranges
                0x0000000000000038       0x58 ./Core/Src/main.o
 .debug_aranges
                0x0000000000000090      0x238 ./Core/Src/mainpp.o
 .debug_aranges
                0x00000000000002c8       0x48 ./Core/Src/stm32f4xx_hal_msp.o
 .debug_aranges
                0x0000000000000310       0x78 ./Core/Src/stm32f4xx_it.o
 .debug_aranges
                0x0000000000000388       0xa8 ./Core/Src/syscalls.o
 .debug_aranges
                0x0000000000000430       0x20 ./Core/Src/sysmem.o
 .debug_aranges
                0x0000000000000450       0x28 ./Core/Src/system_stm32f4xx.o
 .debug_aranges
                0x0000000000000478       0x28 ./Core/Startup/startup_stm32f401retx.o
 .debug_aranges
                0x00000000000004a0       0xf0 ./Drivers/STM32F4xx_HAL_Driver/Src/stm32f4xx_hal.o
 .debug_aranges
                0x0000000000000590      0x118 ./Drivers/STM32F4xx_HAL_Driver/Src/stm32f4xx_hal_cortex.o
 .debug_aranges
                0x00000000000006a8       0x90 ./Drivers/STM32F4xx_HAL_Driver/Src/stm32f4xx_hal_dma.o
 .debug_aranges
                0x0000000000000738       0x58 ./Drivers/STM32F4xx_HAL_Driver/Src/stm32f4xx_hal_gpio.o
 .debug_aranges
                0x0000000000000790       0x88 ./Drivers/STM32F4xx_HAL_Driver/Src/stm32f4xx_hal_rcc.o
 .debug_aranges
                0x0000000000000818      0x3d0 ./Drivers/STM32F4xx_HAL_Driver/Src/stm32f4xx_hal_tim.o
 .debug_aranges
                0x0000000000000be8      0x168 ./Drivers/STM32F4xx_HAL_Driver/Src/stm32f4xx_hal_tim_ex.o
 .debug_aranges
                0x0000000000000d50      0x200 ./Drivers/STM32F4xx_HAL_Driver/Src/stm32f4xx_hal_uart.o

.debug_ranges   0x0000000000000000      0xe90
 .debug_ranges  0x0000000000000000       0x28 ./Core/Inc/time.o
 .debug_ranges  0x0000000000000028       0x48 ./Core/Src/main.o
 .debug_ranges  0x0000000000000070      0x240 ./Core/Src/mainpp.o
 .debug_ranges  0x00000000000002b0       0x38 ./Core/Src/stm32f4xx_hal_msp.o
 .debug_ranges  0x00000000000002e8       0x68 ./Core/Src/stm32f4xx_it.o
 .debug_ranges  0x0000000000000350       0x98 ./Core/Src/syscalls.o
 .debug_ranges  0x00000000000003e8       0x10 ./Core/Src/sysmem.o
 .debug_ranges  0x00000000000003f8       0x18 ./Core/Src/system_stm32f4xx.o
 .debug_ranges  0x0000000000000410       0x20 ./Core/Startup/startup_stm32f401retx.o
 .debug_ranges  0x0000000000000430       0xe0 ./Drivers/STM32F4xx_HAL_Driver/Src/stm32f4xx_hal.o
 .debug_ranges  0x0000000000000510      0x108 ./Drivers/STM32F4xx_HAL_Driver/Src/stm32f4xx_hal_cortex.o
 .debug_ranges  0x0000000000000618       0x80 ./Drivers/STM32F4xx_HAL_Driver/Src/stm32f4xx_hal_dma.o
 .debug_ranges  0x0000000000000698       0x48 ./Drivers/STM32F4xx_HAL_Driver/Src/stm32f4xx_hal_gpio.o
 .debug_ranges  0x00000000000006e0       0x78 ./Drivers/STM32F4xx_HAL_Driver/Src/stm32f4xx_hal_rcc.o
 .debug_ranges  0x0000000000000758      0x3c0 ./Drivers/STM32F4xx_HAL_Driver/Src/stm32f4xx_hal_tim.o
 .debug_ranges  0x0000000000000b18      0x158 ./Drivers/STM32F4xx_HAL_Driver/Src/stm32f4xx_hal_tim_ex.o
 .debug_ranges  0x0000000000000c70      0x220 ./Drivers/STM32F4xx_HAL_Driver/Src/stm32f4xx_hal_uart.o

.debug_macro    0x0000000000000000    0x181e9
 .debug_macro   0x0000000000000000      0x1c1 ./Core/Inc/time.o
 .debug_macro   0x00000000000001c1      0x1dd ./Core/Src/main.o
 .debug_macro   0x000000000000039e      0xa78 ./Core/Src/main.o
 .debug_macro   0x0000000000000e16      0x29b ./Core/Src/main.o
 .debug_macro   0x00000000000010b1       0x2e ./Core/Src/main.o
 .debug_macro   0x00000000000010df       0x28 ./Core/Src/main.o
 .debug_macro   0x0000000000001107       0x8e ./Core/Src/main.o
 .debug_macro   0x0000000000001195       0x51 ./Core/Src/main.o
 .debug_macro   0x00000000000011e6       0x1c ./Core/Src/main.o
 .debug_macro   0x0000000000001202       0x22 ./Core/Src/main.o
 .debug_macro   0x0000000000001224       0xd9 ./Core/Src/main.o
 .debug_macro   0x00000000000012fd     0x102d ./Core/Src/main.o
 .debug_macro   0x000000000000232a      0x11f ./Core/Src/main.o
 .debug_macro   0x0000000000002449     0xb86c ./Core/Src/main.o
 .debug_macro   0x000000000000dcb5       0x6d ./Core/Src/main.o
 .debug_macro   0x000000000000dd22     0x367e ./Core/Src/main.o
 .debug_macro   0x00000000000113a0      0x174 ./Core/Src/main.o
 .debug_macro   0x0000000000011514       0x5c ./Core/Src/main.o
 .debug_macro   0x0000000000011570      0x416 ./Core/Src/main.o
 .debug_macro   0x0000000000011986      0x9fe ./Core/Src/main.o
 .debug_macro   0x0000000000012384      0x115 ./Core/Src/main.o
 .debug_macro   0x0000000000012499       0xf8 ./Core/Src/main.o
 .debug_macro   0x0000000000012591       0xa5 ./Core/Src/main.o
 .debug_macro   0x0000000000012636      0x15f ./Core/Src/main.o
 .debug_macro   0x0000000000012795      0x287 ./Core/Src/main.o
 .debug_macro   0x0000000000012a1c       0x5f ./Core/Src/main.o
 .debug_macro   0x0000000000012a7b      0x236 ./Core/Src/main.o
 .debug_macro   0x0000000000012cb1      0x132 ./Core/Src/main.o
 .debug_macro   0x0000000000012de3      0x264 ./Core/Src/main.o
 .debug_macro   0x0000000000013047       0x2e ./Core/Src/main.o
 .debug_macro   0x0000000000013075      0x11a ./Core/Src/main.o
 .debug_macro   0x000000000001318f       0x85 ./Core/Src/main.o
 .debug_macro   0x0000000000013214       0x89 ./Core/Src/main.o
 .debug_macro   0x000000000001329d      0x8e6 ./Core/Src/main.o
 .debug_macro   0x0000000000013b83       0x47 ./Core/Src/main.o
 .debug_macro   0x0000000000013bca      0x295 ./Core/Src/main.o
 .debug_macro   0x0000000000013e5f      0x126 ./Core/Src/main.o
 .debug_macro   0x0000000000013f85       0x7c ./Core/Src/main.o
 .debug_macro   0x0000000000014001      0x419 ./Core/Src/mainpp.o
 .debug_macro   0x000000000001441a     0x102d ./Core/Src/mainpp.o
 .debug_macro   0x0000000000015447       0x52 ./Core/Src/mainpp.o
 .debug_macro   0x0000000000015499       0x10 ./Core/Src/mainpp.o
 .debug_macro   0x00000000000154a9       0x20 ./Core/Src/mainpp.o
 .debug_macro   0x00000000000154c9       0x10 ./Core/Src/mainpp.o
 .debug_macro   0x00000000000154d9       0x1c ./Core/Src/mainpp.o
 .debug_macro   0x00000000000154f5       0xde ./Core/Src/mainpp.o
 .debug_macro   0x00000000000155d3      0x3cd ./Core/Src/mainpp.o
 .debug_macro   0x00000000000159a0       0x10 ./Core/Src/mainpp.o
 .debug_macro   0x00000000000159b0      0x1dd ./Core/Src/stm32f4xx_hal_msp.o
 .debug_macro   0x0000000000015b8d      0x1e7 ./Core/Src/stm32f4xx_it.o
 .debug_macro   0x0000000000015d74      0x24c ./Core/Src/syscalls.o
 .debug_macro   0x0000000000015fc0       0x34 ./Core/Src/syscalls.o
 .debug_macro   0x0000000000015ff4      0x341 ./Core/Src/syscalls.o
 .debug_macro   0x0000000000016335       0x43 ./Core/Src/syscalls.o
 .debug_macro   0x0000000000016378       0x1c ./Core/Src/syscalls.o
 .debug_macro   0x0000000000016394       0x10 ./Core/Src/syscalls.o
 .debug_macro   0x00000000000163a4       0x35 ./Core/Src/syscalls.o
 .debug_macro   0x00000000000163d9       0x10 ./Core/Src/syscalls.o
 .debug_macro   0x00000000000163e9       0x10 ./Core/Src/syscalls.o
 .debug_macro   0x00000000000163f9       0x10 ./Core/Src/syscalls.o
 .debug_macro   0x0000000000016409       0x1c ./Core/Src/syscalls.o
 .debug_macro   0x0000000000016425       0x52 ./Core/Src/syscalls.o
 .debug_macro   0x0000000000016477       0x22 ./Core/Src/syscalls.o
 .debug_macro   0x0000000000016499       0x10 ./Core/Src/syscalls.o
 .debug_macro   0x00000000000164a9       0x52 ./Core/Src/syscalls.o
 .debug_macro   0x00000000000164fb       0xd5 ./Core/Src/syscalls.o
 .debug_macro   0x00000000000165d0       0x1c ./Core/Src/syscalls.o
 .debug_macro   0x00000000000165ec       0x3d ./Core/Src/syscalls.o
 .debug_macro   0x0000000000016629       0x35 ./Core/Src/syscalls.o
 .debug_macro   0x000000000001665e      0x12c ./Core/Src/syscalls.o
 .debug_macro   0x000000000001678a       0x10 ./Core/Src/syscalls.o
 .debug_macro   0x000000000001679a      0x241 ./Core/Src/syscalls.o
 .debug_macro   0x00000000000169db       0x1c ./Core/Src/syscalls.o
 .debug_macro   0x00000000000169f7       0x10 ./Core/Src/syscalls.o
 .debug_macro   0x0000000000016a07       0x10 ./Core/Src/syscalls.o
 .debug_macro   0x0000000000016a17       0x16 ./Core/Src/syscalls.o
 .debug_macro   0x0000000000016a2d      0x145 ./Core/Src/syscalls.o
 .debug_macro   0x0000000000016b72      0x189 ./Core/Src/syscalls.o
 .debug_macro   0x0000000000016cfb       0x16 ./Core/Src/syscalls.o
 .debug_macro   0x0000000000016d11       0xce ./Core/Src/syscalls.o
 .debug_macro   0x0000000000016ddf       0xff ./Core/Src/sysmem.o
 .debug_macro   0x0000000000016ede      0x23b ./Core/Src/sysmem.o
 .debug_macro   0x0000000000017119      0x1ce ./Core/Src/system_stm32f4xx.o
 .debug_macro   0x00000000000172e7      0x22e ./Drivers/STM32F4xx_HAL_Driver/Src/stm32f4xx_hal.o
 .debug_macro   0x0000000000017515      0x1ce ./Drivers/STM32F4xx_HAL_Driver/Src/stm32f4xx_hal_cortex.o
 .debug_macro   0x00000000000176e3      0x1d4 ./Drivers/STM32F4xx_HAL_Driver/Src/stm32f4xx_hal_dma.o
 .debug_macro   0x00000000000178b7      0x1d4 ./Drivers/STM32F4xx_HAL_Driver/Src/stm32f4xx_hal_gpio.o
 .debug_macro   0x0000000000017a8b      0x1f2 ./Drivers/STM32F4xx_HAL_Driver/Src/stm32f4xx_hal_rcc.o
 .debug_macro   0x0000000000017c7d      0x1cf ./Drivers/STM32F4xx_HAL_Driver/Src/stm32f4xx_hal_tim.o
 .debug_macro   0x0000000000017e4c      0x1ce ./Drivers/STM32F4xx_HAL_Driver/Src/stm32f4xx_hal_tim_ex.o
 .debug_macro   0x000000000001801a      0x1cf ./Drivers/STM32F4xx_HAL_Driver/Src/stm32f4xx_hal_uart.o

.debug_line     0x0000000000000000    0x10c13
 .debug_line    0x0000000000000000      0x8eb ./Core/Inc/time.o
 .debug_line    0x00000000000008eb      0x8ac ./Core/Src/main.o
 .debug_line    0x0000000000001197     0x232d ./Core/Src/mainpp.o
 .debug_line    0x00000000000034c4      0x7be ./Core/Src/stm32f4xx_hal_msp.o
 .debug_line    0x0000000000003c82      0x7a2 ./Core/Src/stm32f4xx_it.o
 .debug_line    0x0000000000004424      0x7c7 ./Core/Src/syscalls.o
 .debug_line    0x0000000000004beb      0x4bd ./Core/Src/sysmem.o
 .debug_line    0x00000000000050a8      0x719 ./Core/Src/system_stm32f4xx.o
 .debug_line    0x00000000000057c1       0x88 ./Core/Startup/startup_stm32f401retx.o
 .debug_line    0x0000000000005849      0x97f ./Drivers/STM32F4xx_HAL_Driver/Src/stm32f4xx_hal.o
 .debug_line    0x00000000000061c8      0xc2e ./Drivers/STM32F4xx_HAL_Driver/Src/stm32f4xx_hal_cortex.o
 .debug_line    0x0000000000006df6      0xee3 ./Drivers/STM32F4xx_HAL_Driver/Src/stm32f4xx_hal_dma.o
 .debug_line    0x0000000000007cd9      0xab7 ./Drivers/STM32F4xx_HAL_Driver/Src/stm32f4xx_hal_gpio.o
 .debug_line    0x0000000000008790      0xcfb ./Drivers/STM32F4xx_HAL_Driver/Src/stm32f4xx_hal_rcc.o
 .debug_line    0x000000000000948b     0x344d ./Drivers/STM32F4xx_HAL_Driver/Src/stm32f4xx_hal_tim.o
 .debug_line    0x000000000000c8d8     0x1917 ./Drivers/STM32F4xx_HAL_Driver/Src/stm32f4xx_hal_tim_ex.o
 .debug_line    0x000000000000e1ef     0x2a24 ./Drivers/STM32F4xx_HAL_Driver/Src/stm32f4xx_hal_uart.o

.debug_str      0x0000000000000000    0x948ae
 .debug_str     0x0000000000000000     0x9e72 ./Core/Inc/time.o
                                       0xa181 (size before relaxing)
 .debug_str     0x0000000000009e72    0x82fc4 ./Core/Src/main.o
                                      0x87002 (size before relaxing)
 .debug_str     0x000000000008ce36     0x2a8a ./Core/Src/mainpp.o
                                      0x8f3d5 (size before relaxing)
 .debug_str     0x000000000008f8c0       0xe8 ./Core/Src/stm32f4xx_hal_msp.o
                                      0x86c79 (size before relaxing)
 .debug_str     0x000000000008f9a8      0x132 ./Core/Src/stm32f4xx_it.o
                                      0x8644c (size before relaxing)