Archive member included to satisfy reference by file (symbol)

/opt/st/stm32cubeide_1.10.0/plugins/com.st.stm32cube.ide.mcu.externaltools.gnu-tools-for-stm32.10.3-2021.10.linux64_1.0.0.202111181127/tools/bin/../lib/gcc/arm-none-eabi/10.3.1/../../../../arm-none-eabi/lib/thumb/v7e-m+fp/hard/libstdc++_nano.a(pure.o)
                              ./Core/Src/mainpp.o (__cxa_pure_virtual)
/opt/st/stm32cubeide_1.10.0/plugins/com.st.stm32cube.ide.mcu.externaltools.gnu-tools-for-stm32.10.3-2021.10.linux64_1.0.0.202111181127/tools/bin/../lib/gcc/arm-none-eabi/10.3.1/../../../../arm-none-eabi/lib/thumb/v7e-m+fp/hard/libstdc++_nano.a(eh_terminate.o)
                              /opt/st/stm32cubeide_1.10.0/plugins/com.st.stm32cube.ide.mcu.externaltools.gnu-tools-for-stm32.10.3-2021.10.linux64_1.0.0.202111181127/tools/bin/../lib/gcc/arm-none-eabi/10.3.1/../../../../arm-none-eabi/lib/thumb/v7e-m+fp/hard/libstdc++_nano.a(pure.o) (std::terminate())
/opt/st/stm32cubeide_1.10.0/plugins/com.st.stm32cube.ide.mcu.externaltools.gnu-tools-for-stm32.10.3-2021.10.linux64_1.0.0.202111181127/tools/bin/../lib/gcc/arm-none-eabi/10.3.1/../../../../arm-none-eabi/lib/thumb/v7e-m+fp/hard/libstdc++_nano.a(eh_unex_handler.o)
                              /opt/st/stm32cubeide_1.10.0/plugins/com.st.stm32cube.ide.mcu.externaltools.gnu-tools-for-stm32.10.3-2021.10.linux64_1.0.0.202111181127/tools/bin/../lib/gcc/arm-none-eabi/10.3.1/../../../../arm-none-eabi/lib/thumb/v7e-m+fp/hard/libstdc++_nano.a(eh_terminate.o) (__cxxabiv1::__unexpected_handler)
/opt/st/stm32cubeide_1.10.0/plugins/com.st.stm32cube.ide.mcu.externaltools.gnu-tools-for-stm32.10.3-2021.10.linux64_1.0.0.202111181127/tools/bin/../lib/gcc/arm-none-eabi/10.3.1/../../../../arm-none-eabi/lib/thumb/v7e-m+fp/hard/libstdc++_nano.a(eh_term_handler.o)
                              /opt/st/stm32cubeide_1.10.0/plugins/com.st.stm32cube.ide.mcu.externaltools.gnu-tools-for-stm32.10.3-2021.10.linux64_1.0.0.202111181127/tools/bin/../lib/gcc/arm-none-eabi/10.3.1/../../../../arm-none-eabi/lib/thumb/v7e-m+fp/hard/libstdc++_nano.a(eh_terminate.o) (__cxxabiv1::__terminate_handler)
/opt/st/stm32cubeide_1.10.0/plugins/com.st.stm32cube.ide.mcu.externaltools.gnu-tools-for-stm32.10.3-2021.10.linux64_1.0.0.202111181127/tools/bin/../lib/gcc/arm-none-eabi/10.3.1/../../../../arm-none-eabi/lib/thumb/v7e-m+fp/hard/libc_nano.a(lib_a-abort.o)
                              /opt/st/stm32cubeide_1.10.0/plugins/com.st.stm32cube.ide.mcu.externaltools.gnu-tools-for-stm32.10.3-2021.10.linux64_1.0.0.202111181127/tools/bin/../lib/gcc/arm-none-eabi/10.3.1/../../../../arm-none-eabi/lib/thumb/v7e-m+fp/hard/libstdc++_nano.a(eh_terminate.o) (abort)
/opt/st/stm32cubeide_1.10.0/plugins/com.st.stm32cube.ide.mcu.externaltools.gnu-tools-for-stm32.10.3-2021.10.linux64_1.0.0.202111181127/tools/bin/../lib/gcc/arm-none-eabi/10.3.1/../../../../arm-none-eabi/lib/thumb/v7e-m+fp/hard/libc_nano.a(lib_a-errno.o)
                              ./Core/Src/syscalls.o (__errno)
/opt/st/stm32cubeide_1.10.0/plugins/com.st.stm32cube.ide.mcu.externaltools.gnu-tools-for-stm32.10.3-2021.10.linux64_1.0.0.202111181127/tools/bin/../lib/gcc/arm-none-eabi/10.3.1/../../../../arm-none-eabi/lib/thumb/v7e-m+fp/hard/libc_nano.a(lib_a-exit.o)
                              /opt/st/stm32cubeide_1.10.0/plugins/com.st.stm32cube.ide.mcu.externaltools.gnu-tools-for-stm32.10.3-2021.10.linux64_1.0.0.202111181127/tools/bin/../lib/gcc/arm-none-eabi/10.3.1/../../../../arm-none-eabi/lib/thumb/v7e-m+fp/hard/crt0.o (exit)
/opt/st/stm32cubeide_1.10.0/plugins/com.st.stm32cube.ide.mcu.externaltools.gnu-tools-for-stm32.10.3-2021.10.linux64_1.0.0.202111181127/tools/bin/../lib/gcc/arm-none-eabi/10.3.1/../../../../arm-none-eabi/lib/thumb/v7e-m+fp/hard/libc_nano.a(lib_a-impure.o)
                              /opt/st/stm32cubeide_1.10.0/plugins/com.st.stm32cube.ide.mcu.externaltools.gnu-tools-for-stm32.10.3-2021.10.linux64_1.0.0.202111181127/tools/bin/../lib/gcc/arm-none-eabi/10.3.1/../../../../arm-none-eabi/lib/thumb/v7e-m+fp/hard/libc_nano.a(lib_a-exit.o) (_global_impure_ptr)
/opt/st/stm32cubeide_1.10.0/plugins/com.st.stm32cube.ide.mcu.externaltools.gnu-tools-for-stm32.10.3-2021.10.linux64_1.0.0.202111181127/tools/bin/../lib/gcc/arm-none-eabi/10.3.1/../../../../arm-none-eabi/lib/thumb/v7e-m+fp/hard/libc_nano.a(lib_a-init.o)
                              /opt/st/stm32cubeide_1.10.0/plugins/com.st.stm32cube.ide.mcu.externaltools.gnu-tools-for-stm32.10.3-2021.10.linux64_1.0.0.202111181127/tools/bin/../lib/gcc/arm-none-eabi/10.3.1/../../../../arm-none-eabi/lib/thumb/v7e-m+fp/hard/crt0.o (__libc_init_array)
/opt/st/stm32cubeide_1.10.0/plugins/com.st.stm32cube.ide.mcu.externaltools.gnu-tools-for-stm32.10.3-2021.10.linux64_1.0.0.202111181127/tools/bin/../lib/gcc/arm-none-eabi/10.3.1/../../../../arm-none-eabi/lib/thumb/v7e-m+fp/hard/libc_nano.a(lib_a-memcpy-stub.o)
                              ./Core/Src/mainpp.o (memcpy)
[...]
Memory Configuration

Name             Origin             Length             Attributes
RAM              0x0000000020000000 0x0000000000018000 xrw
FLASH            0x0000000008000000 0x0000000000080000 xr
*default*        0x0000000000000000 0xffffffffffffffff

Linker script and memory map

LOAD /opt/st/stm32cubeide_1.10.0/plugins/com.st.stm32cube.ide.mcu.externaltools.gnu-tools-for-stm32.10.3-2021.10.linux64_1.0.0.202111181127/tools/bin/../lib/gcc/arm-none-eabi/10.3.1/thumb/v7e-m+fp/hard/crti.o
LOAD /opt/st/stm32cubeide_1.10.0/plugins/com.st.stm32cube.ide.mcu.externaltools.gnu-tools-for-stm32.10.3-2021.10.linux64_1.0.0.202111181127/tools/bin/../lib/gcc/arm-none-eabi/10.3.1/thumb/v7e-m+fp/hard/crtbegin.o
LOAD /opt/st/stm32cubeide_1.10.0/plugins/com.st.stm32cube.ide.mcu.externaltools.gnu-tools-for-stm32.10.3-2021.10.linux64_1.0.0.202111181127/tools/bin/../lib/gcc/arm-none-eabi/10.3.1/../../../../arm-none-eabi/lib/thumb/v7e-m+fp/hard/crt0.o
LOAD ./Core/Inc/duration.o
LOAD ./Core/Inc/time.o
LOAD ./Core/Src/main.o
LOAD ./Core/Src/mainpp.o
LOAD ./Core/Src/stm32f4xx_hal_msp.o
LOAD ./Core/Src/stm32f4xx_it.o
LOAD ./Core/Src/syscalls.o
LOAD ./Core/Src/sysmem.o
LOAD ./Core/Src/system_stm32f4xx.o
LOAD ./Core/Startup/startup_stm32f401retx.o
LOAD ./Drivers/STM32F4xx_HAL_Driver/Src/stm32f4xx_hal.o
LOAD ./Drivers/STM32F4xx_HAL_Driver/Src/stm32f4xx_hal_cortex.o
LOAD ./Drivers/STM32F4xx_HAL_Driver/Src/stm32f4xx_hal_dma.o
LOAD ./Drivers/STM32F4xx_HAL_Driver/Src/stm32f4xx_hal_dma_ex.o
LOAD ./Drivers/STM32F4xx_HAL_Driver/Src/stm32f4xx_hal_exti.o
LOAD ./Drivers/STM32F4xx_HAL_Driver/Src/stm32f4xx_hal_flash.o
LOAD ./Drivers/STM32F4xx_HAL_Driver/Src/stm32f4xx_hal_flash_ex.o
LOAD ./Drivers/STM32F4xx_HAL_Driver/Src/stm32f4xx_hal_flash_ramfunc.o
LOAD ./Drivers/STM32F4xx_HAL_Driver/Src/stm32f4xx_hal_gpio.o
LOAD ./Drivers/STM32F4xx_HAL_Driver/Src/stm32f4xx_hal_pwr.o
LOAD ./Drivers/STM32F4xx_HAL_Driver/Src/stm32f4xx_hal_pwr_ex.o
LOAD ./Drivers/STM32F4xx_HAL_Driver/Src/stm32f4xx_hal_rcc.o
LOAD ./Drivers/STM32F4xx_HAL_Driver/Src/stm32f4xx_hal_rcc_ex.o
LOAD ./Drivers/STM32F4xx_HAL_Driver/Src/stm32f4xx_hal_tim.o
LOAD ./Drivers/STM32F4xx_HAL_Driver/Src/stm32f4xx_hal_tim_ex.o
LOAD ./Drivers/STM32F4xx_HAL_Driver/Src/stm32f4xx_hal_uart.o
START GROUP
LOAD /opt/st/stm32cubeide_1.10.0/plugins/com.st.stm32cube.ide.mcu.externaltools.gnu-tools-for-stm32.10.3-2021.10.linux64_1.0.0.202111181127/tools/bin/../lib/gcc/arm-none-eabi/10.3.1/../../../../arm-none-eabi/lib/thumb/v7e-m+fp/hard/libstdc++_nano.a
LOAD /opt/st/stm32cubeide_1.10.0/plugins/com.st.stm32cube.ide.mcu.externaltools.gnu-tools-for-stm32.10.3-2021.10.linux64_1.0.0.202111181127/tools/bin/../lib/gcc/arm-none-eabi/10.3.1/../../../../arm-none-eabi/lib/thumb/v7e-m+fp/hard/libsupc++_nano.a
END GROUP
LOAD /opt/st/stm32cubeide_1.10.0/plugins/com.st.stm32cube.ide.mcu.externaltools.gnu-tools-for-stm32.10.3-2021.10.linux64_1.0.0.202111181127/tools/bin/../lib/gcc/arm-none-eabi/10.3.1/../../../../arm-none-eabi/lib/thumb/v7e-m+fp/hard/libstdc++_nano.a
LOAD /opt/st/stm32cubeide_1.10.0/plugins/com.st.stm32cube.ide.mcu.externaltools.gnu-tools-for-stm32.10.3-2021.10.linux64_1.0.0.202111181127/tools/bin/../lib/gcc/arm-none-eabi/10.3.1/../../../../arm-none-eabi/lib/thumb/v7e-m+fp/hard/libm.a
LOAD /opt/st/stm32cubeide_1.10.0/plugins/com.st.stm32cube.ide.mcu.externaltools.gnu-tools-for-stm32.10.3-2021.10.linux64_1.0.0.202111181127/tools/bin/../lib/gcc/arm-none-eabi/10.3.1/../../../../arm-none-eabi/lib/thumb/v7e-m+fp/hard/libc_nano.a
START GROUP
LOAD /opt/st/stm32cubeide_1.10.0/plugins/com.st.stm32cube.ide.mcu.externaltools.gnu-tools-for-stm32.10.3-2021.10.linux64_1.0.0.202111181127/tools/bin/../lib/gcc/arm-none-eabi/10.3.1/thumb/v7e-m+fp/hard/libgcc.a
LOAD /opt/st/stm32cubeide_1.10.0/plugins/com.st.stm32cube.ide.mcu.externaltools.gnu-tools-for-stm32.10.3-2021.10.linux64_1.0.0.202111181127/tools/bin/../lib/gcc/arm-none-eabi/10.3.1/../../../../arm-none-eabi/lib/thumb/v7e-m+fp/hard/libc_nano.a
END GROUP
START GROUP
LOAD /opt/st/stm32cubeide_1.10.0/plugins/com.st.stm32cube.ide.mcu.externaltools.gnu-tools-for-stm32.10.3-2021.10.linux64_1.0.0.202111181127/tools/bin/../lib/gcc/arm-none-eabi/10.3.1/thumb/v7e-m+fp/hard/libgcc.a
LOAD /opt/st/stm32cubeide_1.10.0/plugins/com.st.stm32cube.ide.mcu.externaltools.gnu-tools-for-stm32.10.3-2021.10.linux64_1.0.0.202111181127/tools/bin/../lib/gcc/arm-none-eabi/10.3.1/../../../../arm-none-eabi/lib/thumb/v7e-m+fp/hard/libc_nano.a
LOAD /opt/st/stm32cubeide_1.10.0/plugins/com.st.stm32cube.ide.mcu.externaltools.gnu-tools-for-stm32.10.3-2021.10.linux64_1.0.0.202111181127/tools/bin/../lib/gcc/arm-none-eabi/10.3.1/../../../../arm-none-eabi/lib/thumb/v7e-m+fp/hard/libnosys.a
END GROUP
START GROUP
LOAD /opt/st/stm32cubeide_1.10.0/plugins/com.st.stm32cube.ide.mcu.externaltools.gnu-tools-for-stm32.10.3-2021.10.linux64_1.0.0.202111181127/tools/bin/../lib/gcc/arm-none-eabi/10.3.1/thumb/v7e-m+fp/hard/libgcc.a
LOAD /opt/st/stm32cubeide_1.10.0/plugins/com.st.stm32cube.ide.mcu.externaltools.gnu-tools-for-stm32.10.3-2021.10.linux64_1.0.0.202111181127/tools/bin/../lib/gcc/arm-none-eabi/10.3.1/../../../../arm-none-eabi/lib/thumb/v7e-m+fp/hard/libc_nano.a
LOAD /opt/st/stm32cubeide_1.10.0/plugins/com.st.stm32cube.ide.mcu.externaltools.gnu-tools-for-stm32.10.3-2021.10.linux64_1.0.0.202111181127/tools/bin/../lib/gcc/arm-none-eabi/10.3.1/../../../../arm-none-eabi/lib/thumb/v7e-m+fp/hard/libnosys.a
END GROUP
LOAD /opt/st/stm32cubeide_1.10.0/plugins/com.st.stm32cube.ide.mcu.externaltools.gnu-tools-for-stm32.10.3-2021.10.linux64_1.0.0.202111181127/tools/bin/../lib/gcc/arm-none-eabi/10.3.1/thumb/v7e-m+fp/hard/crtend.o
LOAD /opt/st/stm32cubeide_1.10.0/plugins/com.st.stm32cube.ide.mcu.externaltools.gnu-tools-for-stm32.10.3-2021.10.linux64_1.0.0.202111181127/tools/bin/../lib/gcc/arm-none-eabi/10.3.1/thumb/v7e-m+fp/hard/crtn.o
                0x0000000020018000                _estack = (ORIGIN (RAM) + LENGTH (RAM))
                0x0000000000000200                _Min_Heap_Size = 0x200
                0x0000000000000400                _Min_Stack_Size = 0x400

.isr_vector     0x0000000008000000      0x194
                0x0000000008000000                . = ALIGN (0x4)
 *(.isr_vector)
 .isr_vector    0x0000000008000000      0x194 ./Core/Startup/startup_stm32f401retx.o
                0x0000000008000000                g_pfnVectors
                0x0000000008000194                . = ALIGN (0x4)

.text           0x0000000008000194     0x662c
                0x0000000008000194                . = ALIGN (0x4)
 *(.text)
 .text          0x0000000008000194       0x40 /opt/st/stm32cubeide_1.10.0/plugins/com.st.stm32cube.ide.mcu.externaltools.gnu-tools-for-stm32.10.3-2021.10.linux64_1.0.0.202111181127/tools/bin/../lib/gcc/arm-none-eabi/10.3.1/thumb/v7e-m+fp/hard/crtbegin.o
 .text          0x00000000080001d4       0x10 /opt/st/stm32cubeide_1.10.0/plugins/com.st.stm32cube.ide.mcu.externaltools.gnu-tools-for-stm32.10.3-2021.10.linux64_1.0.0.202111181127/tools/bin/../lib/gcc/arm-none-eabi/10.3.1/../../../../arm-none-eabi/lib/thumb/v7e-m+fp/hard/libc_nano.a(lib_a-strlen.o)
                0x00000000080001d4                strlen
 .text          0x00000000080001e4       0x30 /opt/st/stm32cubeide_1.10.0/plugins/com.st.stm32cube.ide.mcu.externaltools.gnu-tools-for-stm32.10.3-2021.10.linux64_1.0.0.202111181127/tools/bin/../lib/gcc/arm-none-eabi/10.3.1/thumb/v7e-m+fp/hard/libgcc.a(_aeabi_uldivmod.o)
                0x00000000080001e4                __aeabi_uldivmod
 .text          0x0000000008000214      0x2d0 /opt/st/stm32cubeide_1.10.0/plugins/com.st.stm32cube.ide.mcu.externaltools.gnu-tools-for-stm32.10.3-2021.10.linux64_1.0.0.202111181127/tools/bin/../lib/gcc/arm-none-eabi/10.3.1/thumb/v7e-m+fp/hard/libgcc.a(_udivmoddi4.o)
                0x0000000008000214                __udivmoddi4
 .text          0x00000000080004e4        0x4 /opt/st/stm32cubeide_1.10.0/plugins/com.st.stm32cube.ide.mcu.externaltools.gnu-tools-for-stm32.10.3-2021.10.linux64_1.0.0.202111181127/tools/bin/../lib/gcc/arm-none-eabi/10.3.1/thumb/v7e-m+fp/hard/libgcc.a(_dvmd_tls.o)
                0x00000000080004e4                __aeabi_ldiv0
                0x00000000080004e4                __aeabi_idiv0
 *(.text*)
 .text._ZN3ros16normalizeSecNSecERmS0_
                0x00000000080004e8       0x58 ./Core/Inc/time.o
                0x00000000080004e8                ros::normalizeSecNSec(unsigned long&, unsigned long&)
 .text.main     0x0000000008000540       0x26 ./Core/Src/main.o
                0x0000000008000540                main
 *fill*         0x0000000008000566        0x2 
 .text.SystemClock_Config
                0x0000000008000568       0xd8 ./Core/Src/main.o
                0x0000000008000568                SystemClock_Config
 .text.MX_TIM2_Init
                0x0000000008000640      0x110 ./Core/Src/main.o
 .text.MX_USART2_UART_Init
                0x0000000008000750       0x54 ./Core/Src/main.o
 .text.MX_DMA_Init
                0x00000000080007a4       0x50 ./Core/Src/main.o
 .text.MX_GPIO_Init
                0x00000000080007f4       0xdc ./Core/Src/main.o
 .text.Error_Handler
                0x00000000080008d0        0xa ./Core/Src/main.o
                0x00000000080008d0                Error_Handler
 .text._ZN3ros4TimeC2Ev
                0x00000000080008da       0x22 ./Core/Src/mainpp.o
                0x00000000080008da                ros::Time::Time()
                0x00000000080008da                ros::Time::Time()
 .text._ZN3ros3MsgC2Ev
                0x00000000080008fc       0x20 ./Core/Src/mainpp.o
                0x00000000080008fc                ros::Msg::Msg()
                0x00000000080008fc                ros::Msg::Msg()
 .text._ZN8std_msgs4TimeC2Ev
                0x000000000800091c       0x30 ./Core/Src/mainpp.o
                0x000000000800091c                std_msgs::Time::Time()
                0x000000000800091c                std_msgs::Time::Time()
 .text._ZNK8std_msgs4Time9serializeEPh
                0x000000000800094c       0xb0 ./Core/Src/mainpp.o
                0x000000000800094c                std_msgs::Time::serialize(unsigned char*) const
 .text._ZN8std_msgs4Time11deserializeEPh
                0x00000000080009fc       0xc8 ./Core/Src/mainpp.o
                0x00000000080009fc                std_msgs::Time::deserialize(unsigned char*)
 .text._ZN8std_msgs4Time7getTypeEv
                0x0000000008000ac4       0x1c ./Core/Src/mainpp.o
                0x0000000008000ac4                std_msgs::Time::getType()
 .text._ZN8std_msgs4Time6getMD5Ev
                0x0000000008000ae0       0x1c ./Core/Src/mainpp.o
                0x0000000008000ae0                std_msgs::Time::getMD5()
 .text._ZN14rosserial_msgs9TopicInfoC2Ev
                0x0000000008000afc       0x48 ./Core/Src/mainpp.o
                0x0000000008000afc                rosserial_msgs::TopicInfo::TopicInfo()
                0x0000000008000afc                rosserial_msgs::TopicInfo::TopicInfo()
 .text._ZNK14rosserial_msgs9TopicInfo9serializeEPh
                0x0000000008000b44      0x136 ./Core/Src/mainpp.o
                0x0000000008000b44                rosserial_msgs::TopicInfo::serialize(unsigned char*) const
 .text._ZN14rosserial_msgs9TopicInfo11deserializeEPh
                0x0000000008000c7a      0x1d0 ./Core/Src/mainpp.o
                0x0000000008000c7a                rosserial_msgs::TopicInfo::deserialize(unsigned char*)
 *fill*         0x0000000008000e4a        0x2 
 .text._ZN14rosserial_msgs9TopicInfo7getTypeEv
                0x0000000008000e4c       0x1c ./Core/Src/mainpp.o
                0x0000000008000e4c                rosserial_msgs::TopicInfo::getType()
 .text._ZN14rosserial_msgs9TopicInfo6getMD5Ev
                0x0000000008000e68       0x1c ./Core/Src/mainpp.o
                0x0000000008000e68                rosserial_msgs::TopicInfo::getMD5()
 .text._ZN14rosserial_msgs3LogC2Ev
                0x0000000008000e84       0x34 ./Core/Src/mainpp.o
                0x0000000008000e84                rosserial_msgs::Log::Log()
                0x0000000008000e84                rosserial_msgs::Log::Log()
 .text._ZNK14rosserial_msgs3Log9serializeEPh
                0x0000000008000eb8       0x64 ./Core/Src/mainpp.o
                0x0000000008000eb8                rosserial_msgs::Log::serialize(unsigned char*) const
 .text._ZN14rosserial_msgs3Log11deserializeEPh
                0x0000000008000f1c       0x90 ./Core/Src/mainpp.o
                0x0000000008000f1c                rosserial_msgs::Log::deserialize(unsigned char*)
 .text._ZN14rosserial_msgs3Log7getTypeEv
                0x0000000008000fac       0x1c ./Core/Src/mainpp.o
                0x0000000008000fac                rosserial_msgs::Log::getType()
 .text._ZN14rosserial_msgs3Log6getMD5Ev
                0x0000000008000fc8       0x1c ./Core/Src/mainpp.o
                0x0000000008000fc8                rosserial_msgs::Log::getMD5()
 .text._ZN14rosserial_msgs20RequestParamResponseC2Ev
                0x0000000008000fe4       0x48 ./Core/Src/mainpp.o
                0x0000000008000fe4                rosserial_msgs::RequestParamResponse::RequestParamResponse()
                0x0000000008000fe4                rosserial_msgs::RequestParamResponse::RequestParamResponse()
 .text._ZNK14rosserial_msgs20RequestParamResponse9serializeEPh
                0x000000000800102c      0x222 ./Core/Src/mainpp.o
                0x000000000800102c                rosserial_msgs::RequestParamResponse::serialize(unsigned char*) const
 .text._ZN14rosserial_msgs20RequestParamResponse11deserializeEPh
                0x000000000800124e      0x2e2 ./Core/Src/mainpp.o
                0x000000000800124e                rosserial_msgs::RequestParamResponse::deserialize(unsigned char*)
 .text._ZN14rosserial_msgs20RequestParamResponse7getTypeEv
                0x0000000008001530       0x1c ./Core/Src/mainpp.o
                0x0000000008001530                rosserial_msgs::RequestParamResponse::getType()
 .text._ZN14rosserial_msgs20RequestParamResponse6getMD5Ev
                0x000000000800154c       0x1c ./Core/Src/mainpp.o
                0x000000000800154c                rosserial_msgs::RequestParamResponse::getMD5()
 .text._ZN3ros9Publisher15getEndpointTypeEv
                0x0000000008001568       0x18 ./Core/Src/mainpp.o
                0x0000000008001568                ros::Publisher::getEndpointType()
 .text._ZN13STM32Hardware10getRdmaIndEv
                0x0000000008001580       0x26 ./Core/Src/mainpp.o
                0x0000000008001580                STM32Hardware::getRdmaInd()
 *fill*         0x00000000080015a6        0x2 
 .text._ZN13STM32HardwareC2Ev
                0x00000000080015a8       0x38 ./Core/Src/mainpp.o
                0x00000000080015a8                STM32Hardware::STM32Hardware()
                0x00000000080015a8                STM32Hardware::STM32Hardware()
 .text._ZN13STM32Hardware4initEv
                0x00000000080015e0       0x16 ./Core/Src/mainpp.o
                0x00000000080015e0                STM32Hardware::init()
 .text._ZN13STM32Hardware10reset_rbufEv
                0x00000000080015f6       0x22 ./Core/Src/mainpp.o
                0x00000000080015f6                STM32Hardware::reset_rbuf()
 .text._ZN13STM32Hardware4readEv
                0x0000000008001618       0x5a ./Core/Src/mainpp.o
                0x0000000008001618                STM32Hardware::read()
 *fill*         0x0000000008001672        0x2 
 .text._ZN13STM32Hardware5flushEv
                0x0000000008001674       0xbc ./Core/Src/mainpp.o
                0x0000000008001674                STM32Hardware::flush()
 .text._ZN13STM32Hardware5writeEPhi
                0x0000000008001730       0x8c ./Core/Src/mainpp.o
                0x0000000008001730                STM32Hardware::write(unsigned char*, int)
 .text._ZN13STM32Hardware4timeEv
                0x00000000080017bc       0x16 ./Core/Src/mainpp.o
                0x00000000080017bc                STM32Hardware::time()
 *fill*         0x00000000080017d2        0x2 
 .text._ZN8std_msgs5UInt8C2Ev
                0x00000000080017d4       0x2c ./Core/Src/mainpp.o
                0x00000000080017d4                std_msgs::UInt8::UInt8()
                0x00000000080017d4                std_msgs::UInt8::UInt8()
 .text._ZNK8std_msgs5UInt89serializeEPh
                0x0000000008001800       0x2e ./Core/Src/mainpp.o
                0x0000000008001800                std_msgs::UInt8::serialize(unsigned char*) const
 .text._ZN8std_msgs5UInt811deserializeEPh
                0x000000000800182e       0x2e ./Core/Src/mainpp.o
                0x000000000800182e                std_msgs::UInt8::deserialize(unsigned char*)
 .text._ZN8std_msgs5UInt87getTypeEv
                0x000000000800185c       0x1c ./Core/Src/mainpp.o
                0x000000000800185c                std_msgs::UInt8::getType()
 .text._ZN8std_msgs5UInt86getMD5Ev
                0x0000000008001878       0x1c ./Core/Src/mainpp.o
                0x0000000008001878                std_msgs::UInt8::getMD5()
 .text._ZN8std_msgs4BoolC2Ev
                0x0000000008001894       0x2c ./Core/Src/mainpp.o
                0x0000000008001894                std_msgs::Bool::Bool()
                0x0000000008001894                std_msgs::Bool::Bool()
 .text._ZNK8std_msgs4Bool9serializeEPh
                0x00000000080018c0       0x32 ./Core/Src/mainpp.o
                0x00000000080018c0                std_msgs::Bool::serialize(unsigned char*) const
 .text._ZN8std_msgs4Bool11deserializeEPh
                0x00000000080018f2       0x3c ./Core/Src/mainpp.o
                0x00000000080018f2                std_msgs::Bool::deserialize(unsigned char*)
 *fill*         0x000000000800192e        0x2 
 .text._ZN8std_msgs4Bool7getTypeEv
                0x0000000008001930       0x1c ./Core/Src/mainpp.o
                0x0000000008001930                std_msgs::Bool::getType()
 .text._ZN8std_msgs4Bool6getMD5Ev
                0x000000000800194c       0x1c ./Core/Src/mainpp.o
                0x000000000800194c                std_msgs::Bool::getMD5()
 .text.HAL_UART_TxCpltCallback
                0x0000000008001968       0x24 ./Core/Src/mainpp.o
                0x0000000008001968                HAL_UART_TxCpltCallback
 .text.HAL_UART_RxCpltCallback
                0x000000000800198c       0x24 ./Core/Src/mainpp.o
                0x000000000800198c                HAL_UART_RxCpltCallback
 .text.setup    0x00000000080019b0       0x58 ./Core/Src/mainpp.o
                0x00000000080019b0                setup
 .text.loop     0x0000000008001a08       0x20 ./Core/Src/mainpp.o
                0x0000000008001a08                loop
 .text._Z8pwm_l_cbRKN8std_msgs5UInt8E
                0x0000000008001a28       0x28 ./Core/Src/mainpp.o
                0x0000000008001a28                pwm_l_cb(std_msgs::UInt8 const&)
 .text._Z8pwm_r_cbRKN8std_msgs5UInt8E
                0x0000000008001a50       0x28 ./Core/Src/mainpp.o
                0x0000000008001a50                pwm_r_cb(std_msgs::UInt8 const&)
 .text._Z8dir_l_cbRKN8std_msgs4BoolE
                0x0000000008001a78       0x38 ./Core/Src/mainpp.o
                0x0000000008001a78                dir_l_cb(std_msgs::Bool const&)
 .text._Z8dir_r_cbRKN8std_msgs4BoolE
                0x0000000008001ab0       0x38 ./Core/Src/mainpp.o
                0x0000000008001ab0                dir_r_cb(std_msgs::Bool const&)
 .text._ZN3ros3Msg8varToArrIPhmEEvT_T0_
                0x0000000008001ae8       0x3c ./Core/Src/mainpp.o
                0x0000000008001ae8                void ros::Msg::varToArr<unsigned char*, unsigned long>(unsigned char*, unsigned long)
 .text._ZN3ros3Msg8arrToVarImPhEEvRT_T0_
                0x0000000008001b24       0x4a ./Core/Src/mainpp.o
                0x0000000008001b24                void ros::Msg::arrToVar<unsigned long, unsigned char*>(unsigned long&, unsigned char*)
 *fill*         0x0000000008001b6e        0x2 
 .text._ZN3ros15NodeHandleBase_C2Ev
                0x0000000008001b70       0x20 ./Core/Src/mainpp.o
                0x0000000008001b70                ros::NodeHandleBase_::NodeHandleBase_()
                0x0000000008001b70                ros::NodeHandleBase_::NodeHandleBase_()
 .text._ZN3ros11NodeHandle_I13STM32HardwareLi25ELi25ELi512ELi512EEC2Ev
                0x0000000008001b90      0x100 ./Core/Src/mainpp.o
                0x0000000008001b90                ros::NodeHandle_<STM32Hardware, 25, 25, 512, 512>::NodeHandle_()
                0x0000000008001b90                ros::NodeHandle_<STM32Hardware, 25, 25, 512, 512>::NodeHandle_()
 .text._ZN3ros11Subscriber_C2Ev
                0x0000000008001c90       0x20 ./Core/Src/mainpp.o
                0x0000000008001c90                ros::Subscriber_::Subscriber_()
                0x0000000008001c90                ros::Subscriber_::Subscriber_()
 .text._ZN3ros10SubscriberIN8std_msgs5UInt8EvEC2EPKcPFvRKS2_Ei
                0x0000000008001cb0       0x48 ./Core/Src/mainpp.o
                0x0000000008001cb0                ros::Subscriber<std_msgs::UInt8, void>::Subscriber(char const*, void (*)(std_msgs::UInt8 const&), int)
                0x0000000008001cb0                ros::Subscriber<std_msgs::UInt8, void>::Subscriber(char const*, void (*)(std_msgs::UInt8 const&), int)
 .text._ZN3ros10SubscriberIN8std_msgs4BoolEvEC2EPKcPFvRKS2_Ei
                0x0000000008001cf8       0x48 ./Core/Src/mainpp.o
                0x0000000008001cf8                ros::Subscriber<std_msgs::Bool, void>::Subscriber(char const*, void (*)(std_msgs::Bool const&), int)
                0x0000000008001cf8                ros::Subscriber<std_msgs::Bool, void>::Subscriber(char const*, void (*)(std_msgs::Bool const&), int)
 .text._ZN3ros11NodeHandle_I13STM32HardwareLi25ELi25ELi512ELi512EE11getHardwareEv
                0x0000000008001d40       0x18 ./Core/Src/mainpp.o
                0x0000000008001d40                ros::NodeHandle_<STM32Hardware, 25, 25, 512, 512>::getHardware()
 .text._ZN3ros11NodeHandle_I13STM32HardwareLi25ELi25ELi512ELi512EE8initNodeEv
                0x0000000008001d58       0x3a ./Core/Src/mainpp.o
                0x0000000008001d58                ros::NodeHandle_<STM32Hardware, 25, 25, 512, 512>::initNode()
 .text._ZN3ros11NodeHandle_I13STM32HardwareLi25ELi25ELi512ELi512EE9subscribeINS_10SubscriberIN8std_msgs5UInt8EvEEEEbRT_
                0x0000000008001d92       0x56 ./Core/Src/mainpp.o
                0x0000000008001d92                bool ros::NodeHandle_<STM32Hardware, 25, 25, 512, 512>::subscribe<ros::Subscriber<std_msgs::UInt8, void> >(ros::Subscriber<std_msgs::UInt8, void>&)
 .text._ZN3ros11NodeHandle_I13STM32HardwareLi25ELi25ELi512ELi512EE9subscribeINS_10SubscriberIN8std_msgs4BoolEvEEEEbRT_
                0x0000000008001de8       0x56 ./Core/Src/mainpp.o
                0x0000000008001de8                bool ros::NodeHandle_<STM32Hardware, 25, 25, 512, 512>::subscribe<ros::Subscriber<std_msgs::Bool, void> >(ros::Subscriber<std_msgs::Bool, void>&)
 .text._ZN3ros11NodeHandle_I13STM32HardwareLi25ELi25ELi512ELi512EE8spinOnceEv
                0x0000000008001e3e      0x3b2 ./Core/Src/mainpp.o
                0x0000000008001e3e                ros::NodeHandle_<STM32Hardware, 25, 25, 512, 512>::spinOnce()
 .text._ZN3ros11NodeHandle_I13STM32HardwareLi25ELi25ELi512ELi512EE15requestSyncTimeEv
                0x00000000080021f0       0x3c ./Core/Src/mainpp.o
                0x00000000080021f0                ros::NodeHandle_<STM32Hardware, 25, 25, 512, 512>::requestSyncTime()
 .text._ZN3ros11NodeHandle_I13STM32HardwareLi25ELi25ELi512ELi512EE15negotiateTopicsEv
                0x000000000800222c      0x1be ./Core/Src/mainpp.o
                0x000000000800222c                ros::NodeHandle_<STM32Hardware, 25, 25, 512, 512>::negotiateTopics()
 *fill*         0x00000000080023ea        0x2 
 .text._ZN3ros11NodeHandle_I13STM32HardwareLi25ELi25ELi512ELi512EE8syncTimeEPh
                0x00000000080023ec       0x98 ./Core/Src/mainpp.o
                0x00000000080023ec                ros::NodeHandle_<STM32Hardware, 25, 25, 512, 512>::syncTime(unsigned char*)
 .text._ZN3ros11NodeHandle_I13STM32HardwareLi25ELi25ELi512ELi512EE7publishEiPKNS_3MsgE
                0x0000000008002484      0x128 ./Core/Src/mainpp.o
                0x0000000008002484                ros::NodeHandle_<STM32Hardware, 25, 25, 512, 512>::publish(int, ros::Msg const*)
 .text._ZN3ros11NodeHandle_I13STM32HardwareLi25ELi25ELi512ELi512EE6setNowERNS_4TimeE
                0x00000000080025ac       0x80 ./Core/Src/mainpp.o
                0x00000000080025ac                ros::NodeHandle_<STM32Hardware, 25, 25, 512, 512>::setNow(ros::Time&)
 .text._ZN3ros11NodeHandle_I13STM32HardwareLi25ELi25ELi512ELi512EE8logerrorEPKc
                0x000000000800262c       0x1c ./Core/Src/mainpp.o
                0x000000000800262c                ros::NodeHandle_<STM32Hardware, 25, 25, 512, 512>::logerror(char const*)
 .text._ZN3ros11NodeHandle_I13STM32HardwareLi25ELi25ELi512ELi512EE3logEcPKc
                0x0000000008002648       0x38 ./Core/Src/mainpp.o
                0x0000000008002648                ros::NodeHandle_<STM32Hardware, 25, 25, 512, 512>::log(char, char const*)
 .text._Z41__static_initialization_and_destruction_0ii
                0x0000000008002680       0x8c ./Core/Src/mainpp.o
 .text._ZN3ros10SubscriberIN8std_msgs4BoolEvE8callbackEPh
                0x000000000800270c       0x2a ./Core/Src/mainpp.o
                0x000000000800270c                ros::Subscriber<std_msgs::Bool, void>::callback(unsigned char*)
 .text._ZN3ros10SubscriberIN8std_msgs4BoolEvE15getEndpointTypeEv
                0x0000000008002736       0x18 ./Core/Src/mainpp.o
                0x0000000008002736                ros::Subscriber<std_msgs::Bool, void>::getEndpointType()
 .text._ZN3ros10SubscriberIN8std_msgs4BoolEvE10getMsgTypeEv
                0x000000000800274e       0x1c ./Core/Src/mainpp.o
                0x000000000800274e                ros::Subscriber<std_msgs::Bool, void>::getMsgType()
 .text._ZN3ros10SubscriberIN8std_msgs4BoolEvE9getMsgMD5Ev
                0x000000000800276a       0x1c ./Core/Src/mainpp.o
                0x000000000800276a                ros::Subscriber<std_msgs::Bool, void>::getMsgMD5()
 .text._ZN3ros10SubscriberIN8std_msgs5UInt8EvE8callbackEPh
                0x0000000008002786       0x2a ./Core/Src/mainpp.o
                0x0000000008002786                ros::Subscriber<std_msgs::UInt8, void>::callback(unsigned char*)
 .text._ZN3ros10SubscriberIN8std_msgs5UInt8EvE15getEndpointTypeEv
                0x00000000080027b0       0x18 ./Core/Src/mainpp.o
                0x00000000080027b0                ros::Subscriber<std_msgs::UInt8, void>::getEndpointType()
 .text._ZN3ros10SubscriberIN8std_msgs5UInt8EvE10getMsgTypeEv
                0x00000000080027c8       0x1c ./Core/Src/mainpp.o
                0x00000000080027c8                ros::Subscriber<std_msgs::UInt8, void>::getMsgType()
 .text._ZN3ros10SubscriberIN8std_msgs5UInt8EvE9getMsgMD5Ev
                0x00000000080027e4       0x1c ./Core/Src/mainpp.o
                0x00000000080027e4                ros::Subscriber<std_msgs::UInt8, void>::getMsgMD5()
 .text._ZN3ros11NodeHandle_I13STM32HardwareLi25ELi25ELi512ELi512EE9connectedEv
                0x0000000008002800       0x1a ./Core/Src/mainpp.o
                0x0000000008002800                ros::NodeHandle_<STM32Hardware, 25, 25, 512, 512>::connected()
 .text._GLOBAL__sub_I_nh
                0x000000000800281a       0x10 ./Core/Src/mainpp.o
 *fill*         0x000000000800282a        0x2 
 .text.HAL_MspInit
                0x000000000800282c       0x50 ./Core/Src/stm32f4xx_hal_msp.o
                0x000000000800282c                HAL_MspInit
 .text.HAL_TIM_Base_MspInit
                0x000000000800287c       0x40 ./Core/Src/stm32f4xx_hal_msp.o
                0x000000000800287c                HAL_TIM_Base_MspInit
 .text.HAL_TIM_MspPostInit
                0x00000000080028bc       0x70 ./Core/Src/stm32f4xx_hal_msp.o
                0x00000000080028bc                HAL_TIM_MspPostInit
 .text.HAL_UART_MspInit
                0x000000000800292c      0x16c ./Core/Src/stm32f4xx_hal_msp.o
                0x000000000800292c                HAL_UART_MspInit
 .text.NMI_Handler
                0x0000000008002a98        0x6 ./Core/Src/stm32f4xx_it.o
                0x0000000008002a98                NMI_Handler
 .text.HardFault_Handler
                0x0000000008002a9e        0x6 ./Core/Src/stm32f4xx_it.o
                0x0000000008002a9e                HardFault_Handler
 .text.MemManage_Handler
                0x0000000008002aa4        0x6 ./Core/Src/stm32f4xx_it.o
                0x0000000008002aa4                MemManage_Handler
 .text.BusFault_Handler
                0x0000000008002aaa        0x6 ./Core/Src/stm32f4xx_it.o
                0x0000000008002aaa                BusFault_Handler
 .text.UsageFault_Handler
                0x0000000008002ab0        0x6 ./Core/Src/stm32f4xx_it.o
                0x0000000008002ab0                UsageFault_Handler
 .text.SVC_Handler
                0x0000000008002ab6        0xe ./Core/Src/stm32f4xx_it.o
                0x0000000008002ab6                SVC_Handler
 .text.DebugMon_Handler
                0x0000000008002ac4        0xe ./Core/Src/stm32f4xx_it.o
                0x0000000008002ac4                DebugMon_Handler
 .text.PendSV_Handler
                0x0000000008002ad2        0xe ./Core/Src/stm32f4xx_it.o
                0x0000000008002ad2                PendSV_Handler
 .text.SysTick_Handler
                0x0000000008002ae0        0xc ./Core/Src/stm32f4xx_it.o
                0x0000000008002ae0                SysTick_Handler
 .text.DMA1_Stream5_IRQHandler
                0x0000000008002aec       0x14 ./Core/Src/stm32f4xx_it.o
                0x0000000008002aec                DMA1_Stream5_IRQHandler
 .text.DMA1_Stream6_IRQHandler
                0x0000000008002b00       0x14 ./Core/Src/stm32f4xx_it.o
                0x0000000008002b00                DMA1_Stream6_IRQHandler
 .text.USART2_IRQHandler
                0x0000000008002b14       0x14 ./Core/Src/stm32f4xx_it.o
                0x0000000008002b14                USART2_IRQHandler
 .text._getpid  0x0000000008002b28       0x10 ./Core/Src/syscalls.o
                0x0000000008002b28                _getpid
 .text._kill    0x0000000008002b38       0x20 ./Core/Src/syscalls.o
                0x0000000008002b38                _kill
 .text._exit    0x0000000008002b58       0x14 ./Core/Src/syscalls.o
                0x0000000008002b58                _exit
 .text._sbrk    0x0000000008002b6c       0x6c ./Core/Src/sysmem.o
                0x0000000008002b6c                _sbrk
 .text.SystemInit
                0x0000000008002bd8       0x24 ./Core/Src/system_stm32f4xx.o
                0x0000000008002bd8                SystemInit
 .text.Reset_Handler
                0x0000000008002bfc       0x50 ./Core/Startup/startup_stm32f401retx.o
                0x0000000008002bfc                Reset_Handler
 .text.Default_Handler
                0x0000000008002c4c        0x2 ./Core/Startup/startup_stm32f401retx.o
                0x0000000008002c4c                RTC_Alarm_IRQHandler
                0x0000000008002c4c                EXTI2_IRQHandler
                0x0000000008002c4c                SPI4_IRQHandler
                0x0000000008002c4c                TIM1_CC_IRQHandler
                0x0000000008002c4c                DMA2_Stream5_IRQHandler
                0x0000000008002c4c                PVD_IRQHandler
                0x0000000008002c4c                SDIO_IRQHandler
                0x0000000008002c4c                TAMP_STAMP_IRQHandler
                0x0000000008002c4c                EXTI3_IRQHandler
                0x0000000008002c4c                TIM1_UP_TIM10_IRQHandler
                0x0000000008002c4c                I2C3_ER_IRQHandler
                0x0000000008002c4c                EXTI0_IRQHandler
                0x0000000008002c4c                I2C2_EV_IRQHandler
                0x0000000008002c4c                DMA1_Stream2_IRQHandler
                0x0000000008002c4c                FPU_IRQHandler
                0x0000000008002c4c                DMA2_Stream2_IRQHandler
                0x0000000008002c4c                SPI1_IRQHandler
                0x0000000008002c4c                TIM1_BRK_TIM9_IRQHandler
                0x0000000008002c4c                DMA2_Stream3_IRQHandler
                0x0000000008002c4c                USART6_IRQHandler
                0x0000000008002c4c                DMA2_Stream0_IRQHandler
                0x0000000008002c4c                TIM4_IRQHandler
                0x0000000008002c4c                I2C1_EV_IRQHandler
                0x0000000008002c4c                DMA1_Stream1_IRQHandler
                0x0000000008002c4c                TIM3_IRQHandler
                0x0000000008002c4c                RCC_IRQHandler
                0x0000000008002c4c                Default_Handler
                0x0000000008002c4c                EXTI15_10_IRQHandler
                0x0000000008002c4c                ADC_IRQHandler
                0x0000000008002c4c                DMA1_Stream7_IRQHandler
                0x0000000008002c4c                TIM5_IRQHandler
                0x0000000008002c4c                DMA2_Stream7_IRQHandler
                0x0000000008002c4c                I2C3_EV_IRQHandler
                0x0000000008002c4c                EXTI9_5_IRQHandler
                0x0000000008002c4c                RTC_WKUP_IRQHandler
                0x0000000008002c4c                SPI2_IRQHandler
                0x0000000008002c4c                DMA1_Stream0_IRQHandler
                0x0000000008002c4c                EXTI4_IRQHandler
                0x0000000008002c4c                WWDG_IRQHandler
                0x0000000008002c4c                TIM2_IRQHandler
                0x0000000008002c4c                OTG_FS_WKUP_IRQHandler
                0x0000000008002c4c                TIM1_TRG_COM_TIM11_IRQHandler
                0x0000000008002c4c                EXTI1_IRQHandler
                0x0000000008002c4c                I2C2_ER_IRQHandler
                0x0000000008002c4c                DMA2_Stream1_IRQHandler
                0x0000000008002c4c                FLASH_IRQHandler
                0x0000000008002c4c                DMA2_Stream4_IRQHandler
                0x0000000008002c4c                USART1_IRQHandler
                0x0000000008002c4c                OTG_FS_IRQHandler
                0x0000000008002c4c                SPI3_IRQHandler
                0x0000000008002c4c                DMA1_Stream4_IRQHandler
                0x0000000008002c4c                I2C1_ER_IRQHandler
                0x0000000008002c4c                DMA2_Stream6_IRQHandler
                0x0000000008002c4c                DMA1_Stream3_IRQHandler
 *fill*         0x0000000008002c4e        0x2 
 .text.HAL_Init
                0x0000000008002c50       0x44 ./Drivers/STM32F4xx_HAL_Driver/Src/stm32f4xx_hal.o
                0x0000000008002c50                HAL_Init
 .text.HAL_InitTick
                0x0000000008002c94       0x60 ./Drivers/STM32F4xx_HAL_Driver/Src/stm32f4xx_hal.o
                0x0000000008002c94                HAL_InitTick
 .text.HAL_IncTick
                0x0000000008002cf4       0x28 ./Drivers/STM32F4xx_HAL_Driver/Src/stm32f4xx_hal.o
                0x0000000008002cf4                HAL_IncTick
 .text.HAL_GetTick
                0x0000000008002d1c       0x18 ./Drivers/STM32F4xx_HAL_Driver/Src/stm32f4xx_hal.o
                0x0000000008002d1c                HAL_GetTick
 .text.__NVIC_SetPriorityGrouping
                0x0000000008002d34       0x48 ./Drivers/STM32F4xx_HAL_Driver/Src/stm32f4xx_hal_cortex.o
 .text.__NVIC_GetPriorityGrouping
                0x0000000008002d7c       0x1c ./Drivers/STM32F4xx_HAL_Driver/Src/stm32f4xx_hal_cortex.o
 .text.__NVIC_EnableIRQ
                0x0000000008002d98       0x3c ./Drivers/STM32F4xx_HAL_Driver/Src/stm32f4xx_hal_cortex.o
 .text.__NVIC_SetPriority
                0x0000000008002dd4       0x54 ./Drivers/STM32F4xx_HAL_Driver/Src/stm32f4xx_hal_cortex.o
 .text.NVIC_EncodePriority
                0x0000000008002e28       0x66 ./Drivers/STM32F4xx_HAL_Driver/Src/stm32f4xx_hal_cortex.o
 *fill*         0x0000000008002e8e        0x2 
 .text.SysTick_Config
                0x0000000008002e90       0x44 ./Drivers/STM32F4xx_HAL_Driver/Src/stm32f4xx_hal_cortex.o
 .text.HAL_NVIC_SetPriorityGrouping
                0x0000000008002ed4       0x16 ./Drivers/STM32F4xx_HAL_Driver/Src/stm32f4xx_hal_cortex.o
                0x0000000008002ed4                HAL_NVIC_SetPriorityGrouping
 .text.HAL_NVIC_SetPriority
                0x0000000008002eea       0x38 ./Drivers/STM32F4xx_HAL_Driver/Src/stm32f4xx_hal_cortex.o
                0x0000000008002eea                HAL_NVIC_SetPriority
 .text.HAL_NVIC_EnableIRQ
                0x0000000008002f22       0x1c ./Drivers/STM32F4xx_HAL_Driver/Src/stm32f4xx_hal_cortex.o
                0x0000000008002f22                HAL_NVIC_EnableIRQ
 .text.HAL_SYSTICK_Config
                0x0000000008002f3e       0x18 ./Drivers/STM32F4xx_HAL_Driver/Src/stm32f4xx_hal_cortex.o
                0x0000000008002f3e                HAL_SYSTICK_Config
 *fill*         0x0000000008002f56        0x2 
 .text.HAL_DMA_Init
                0x0000000008002f58      0x15c ./Drivers/STM32F4xx_HAL_Driver/Src/stm32f4xx_hal_dma.o
                0x0000000008002f58                HAL_DMA_Init
 .text.HAL_DMA_Start_IT
                0x00000000080030b4       0xb0 ./Drivers/STM32F4xx_HAL_Driver/Src/stm32f4xx_hal_dma.o
                0x00000000080030b4                HAL_DMA_Start_IT
 .text.HAL_DMA_Abort
                0x0000000008003164       0xe0 ./Drivers/STM32F4xx_HAL_Driver/Src/stm32f4xx_hal_dma.o
                0x0000000008003164                HAL_DMA_Abort
 .text.HAL_DMA_Abort_IT
                0x0000000008003244       0x44 ./Drivers/STM32F4xx_HAL_Driver/Src/stm32f4xx_hal_dma.o
                0x0000000008003244                HAL_DMA_Abort_IT
 .text.HAL_DMA_IRQHandler
                0x0000000008003288      0x314 ./Drivers/STM32F4xx_HAL_Driver/Src/stm32f4xx_hal_dma.o
                0x0000000008003288                HAL_DMA_IRQHandler
 .text.DMA_SetConfig
                0x000000000800359c       0x5c ./Drivers/STM32F4xx_HAL_Driver/Src/stm32f4xx_hal_dma.o
 .text.DMA_CalcBaseAndBitshift
                0x00000000080035f8       0x6c ./Drivers/STM32F4xx_HAL_Driver/Src/stm32f4xx_hal_dma.o
 .text.DMA_CheckFifoParam
                0x0000000008003664       0xf8 ./Drivers/STM32F4xx_HAL_Driver/Src/stm32f4xx_hal_dma.o
 .text.HAL_GPIO_Init
                0x000000000800375c      0x308 ./Drivers/STM32F4xx_HAL_Driver/Src/stm32f4xx_hal_gpio.o
                0x000000000800375c                HAL_GPIO_Init
 .text.HAL_GPIO_WritePin
                0x0000000008003a64       0x32 ./Drivers/STM32F4xx_HAL_Driver/Src/stm32f4xx_hal_gpio.o
                0x0000000008003a64                HAL_GPIO_WritePin
 .text.HAL_GPIO_TogglePin
                0x0000000008003a96       0x34 ./Drivers/STM32F4xx_HAL_Driver/Src/stm32f4xx_hal_gpio.o
                0x0000000008003a96                HAL_GPIO_TogglePin
 *fill*         0x0000000008003aca        0x2 
 .text.HAL_RCC_OscConfig
                0x0000000008003acc      0x4f0 ./Drivers/STM32F4xx_HAL_Driver/Src/stm32f4xx_hal_rcc.o
                0x0000000008003acc                HAL_RCC_OscConfig
 .text.HAL_RCC_ClockConfig
                0x0000000008003fbc      0x1cc ./Drivers/STM32F4xx_HAL_Driver/Src/stm32f4xx_hal_rcc.o
                0x0000000008003fbc                HAL_RCC_ClockConfig
 .text.HAL_RCC_GetSysClockFreq
                0x0000000008004188      0x20c ./Drivers/STM32F4xx_HAL_Driver/Src/stm32f4xx_hal_rcc.o
                0x0000000008004188                HAL_RCC_GetSysClockFreq
 .text.HAL_RCC_GetHCLKFreq
                0x0000000008004394       0x18 ./Drivers/STM32F4xx_HAL_Driver/Src/stm32f4xx_hal_rcc.o
                0x0000000008004394                HAL_RCC_GetHCLKFreq
 .text.HAL_RCC_GetPCLK1Freq
                0x00000000080043ac       0x28 ./Drivers/STM32F4xx_HAL_Driver/Src/stm32f4xx_hal_rcc.o
                0x00000000080043ac                HAL_RCC_GetPCLK1Freq
 .text.HAL_RCC_GetPCLK2Freq
                0x00000000080043d4       0x28 ./Drivers/STM32F4xx_HAL_Driver/Src/stm32f4xx_hal_rcc.o
                0x00000000080043d4                HAL_RCC_GetPCLK2Freq
 .text.HAL_TIM_Base_Init
                0x00000000080043fc       0x9e ./Drivers/STM32F4xx_HAL_Driver/Src/stm32f4xx_hal_tim.o
                0x00000000080043fc                HAL_TIM_Base_Init
 .text.HAL_TIM_PWM_Init
                0x000000000800449a       0x9e ./Drivers/STM32F4xx_HAL_Driver/Src/stm32f4xx_hal_tim.o
                0x000000000800449a                HAL_TIM_PWM_Init
 .text.HAL_TIM_PWM_MspInit
                0x0000000008004538       0x14 ./Drivers/STM32F4xx_HAL_Driver/Src/stm32f4xx_hal_tim.o
                0x0000000008004538                HAL_TIM_PWM_MspInit
 .text.HAL_TIM_PWM_Start
                0x000000000800454c      0x160 ./Drivers/STM32F4xx_HAL_Driver/Src/stm32f4xx_hal_tim.o
                0x000000000800454c                HAL_TIM_PWM_Start
 .text.HAL_TIM_PWM_ConfigChannel
                0x00000000080046ac      0x184 ./Drivers/STM32F4xx_HAL_Driver/Src/stm32f4xx_hal_tim.o
                0x00000000080046ac                HAL_TIM_PWM_ConfigChannel
 .text.HAL_TIM_ConfigClockSource
                0x0000000008004830      0x18e ./Drivers/STM32F4xx_HAL_Driver/Src/stm32f4xx_hal_tim.o
                0x0000000008004830                HAL_TIM_ConfigClockSource
 *fill*         0x00000000080049be        0x2 
 .text.TIM_Base_SetConfig
                0x00000000080049c0      0x100 ./Drivers/STM32F4xx_HAL_Driver/Src/stm32f4xx_hal_tim.o
                0x00000000080049c0                TIM_Base_SetConfig
 .text.TIM_OC1_SetConfig
                0x0000000008004ac0       0xcc ./Drivers/STM32F4xx_HAL_Driver/Src/stm32f4xx_hal_tim.o
 .text.TIM_OC2_SetConfig
                0x0000000008004b8c       0xd8 ./Drivers/STM32F4xx_HAL_Driver/Src/stm32f4xx_hal_tim.o
                0x0000000008004b8c                TIM_OC2_SetConfig
 .text.TIM_OC3_SetConfig
                0x0000000008004c64       0xd4 ./Drivers/STM32F4xx_HAL_Driver/Src/stm32f4xx_hal_tim.o
 .text.TIM_OC4_SetConfig
                0x0000000008004d38       0xa0 ./Drivers/STM32F4xx_HAL_Driver/Src/stm32f4xx_hal_tim.o
 .text.TIM_TI1_ConfigInputStage
                0x0000000008004dd8       0x5e ./Drivers/STM32F4xx_HAL_Driver/Src/stm32f4xx_hal_tim.o
 .text.TIM_TI2_ConfigInputStage
                0x0000000008004e36       0x60 ./Drivers/STM32F4xx_HAL_Driver/Src/stm32f4xx_hal_tim.o
 .text.TIM_ITRx_SetConfig
                0x0000000008004e96       0x36 ./Drivers/STM32F4xx_HAL_Driver/Src/stm32f4xx_hal_tim.o
 .text.TIM_ETR_SetConfig
                0x0000000008004ecc       0x40 ./Drivers/STM32F4xx_HAL_Driver/Src/stm32f4xx_hal_tim.o
                0x0000000008004ecc                TIM_ETR_SetConfig
 .text.TIM_CCxChannelCmd
                0x0000000008004f0c       0x4a ./Drivers/STM32F4xx_HAL_Driver/Src/stm32f4xx_hal_tim.o
                0x0000000008004f0c                TIM_CCxChannelCmd
 *fill*         0x0000000008004f56        0x2 
 .text.HAL_TIMEx_MasterConfigSynchronization
                0x0000000008004f58       0xdc ./Drivers/STM32F4xx_HAL_Driver/Src/stm32f4xx_hal_tim_ex.o
                0x0000000008004f58                HAL_TIMEx_MasterConfigSynchronization
 .text.HAL_UART_Init
                0x0000000008005034       0x9a ./Drivers/STM32F4xx_HAL_Driver/Src/stm32f4xx_hal_uart.o
                0x0000000008005034                HAL_UART_Init
 *fill*         0x00000000080050ce        0x2 
 .text.HAL_UART_Transmit_DMA
                0x00000000080050d0       0xfc ./Drivers/STM32F4xx_HAL_Driver/Src/stm32f4xx_hal_uart.o
                0x00000000080050d0                HAL_UART_Transmit_DMA
 .text.HAL_UART_Receive_DMA
                0x00000000080051cc       0x60 ./Drivers/STM32F4xx_HAL_Driver/Src/stm32f4xx_hal_uart.o
                0x00000000080051cc                HAL_UART_Receive_DMA
 .text.HAL_UART_IRQHandler
                0x000000000800522c      0x51c ./Drivers/STM32F4xx_HAL_Driver/Src/stm32f4xx_hal_uart.o
                0x000000000800522c                HAL_UART_IRQHandler
 .text.HAL_UART_TxHalfCpltCallback
                0x0000000008005748       0x14 ./Drivers/STM32F4xx_HAL_Driver/Src/stm32f4xx_hal_uart.o
                0x0000000008005748                HAL_UART_TxHalfCpltCallback
 .text.HAL_UART_RxHalfCpltCallback
                0x000000000800575c       0x14 ./Drivers/STM32F4xx_HAL_Driver/Src/stm32f4xx_hal_uart.o
                0x000000000800575c                HAL_UART_RxHalfCpltCallback
 .text.HAL_UART_ErrorCallback
                0x0000000008005770       0x14 ./Drivers/STM32F4xx_HAL_Driver/Src/stm32f4xx_hal_uart.o
                0x0000000008005770                HAL_UART_ErrorCallback
 .text.HAL_UARTEx_RxEventCallback
                0x0000000008005784       0x18 ./Drivers/STM32F4xx_HAL_Driver/Src/stm32f4xx_hal_uart.o
                0x0000000008005784                HAL_UARTEx_RxEventCallback
 .text.UART_DMATransmitCplt
                0x000000000800579c       0x9a ./Drivers/STM32F4xx_HAL_Driver/Src/stm32f4xx_hal_uart.o
 .text.UART_DMATxHalfCplt
                0x0000000008005836       0x1c ./Drivers/STM32F4xx_HAL_Driver/Src/stm32f4xx_hal_uart.o
 .text.UART_DMAReceiveCplt
                0x0000000008005852      0x126 ./Drivers/STM32F4xx_HAL_Driver/Src/stm32f4xx_hal_uart.o
 .text.UART_DMARxHalfCplt
                0x0000000008005978       0x36 ./Drivers/STM32F4xx_HAL_Driver/Src/stm32f4xx_hal_uart.o
 .text.UART_DMAError
                0x00000000080059ae       0x94 ./Drivers/STM32F4xx_HAL_Driver/Src/stm32f4xx_hal_uart.o
 *fill*         0x0000000008005a42        0x2 
 .text.UART_Start_Receive_DMA
                0x0000000008005a44      0x13c ./Drivers/STM32F4xx_HAL_Driver/Src/stm32f4xx_hal_uart.o
                0x0000000008005a44                UART_Start_Receive_DMA
 .text.UART_EndTxTransfer
                0x0000000008005b80       0x50 ./Drivers/STM32F4xx_HAL_Driver/Src/stm32f4xx_hal_uart.o
 .text.UART_EndRxTransfer
                0x0000000008005bd0       0xc6 ./Drivers/STM32F4xx_HAL_Driver/Src/stm32f4xx_hal_uart.o
 .text.UART_DMAAbortOnError
                0x0000000008005c96       0x28 ./Drivers/STM32F4xx_HAL_Driver/Src/stm32f4xx_hal_uart.o
 .text.UART_Transmit_IT
                0x0000000008005cbe       0xa0 ./Drivers/STM32F4xx_HAL_Driver/Src/stm32f4xx_hal_uart.o
 .text.UART_EndTransmit_IT
                0x0000000008005d5e       0x30 ./Drivers/STM32F4xx_HAL_Driver/Src/stm32f4xx_hal_uart.o
 .text.UART_Receive_IT
                0x0000000008005d8e      0x176 ./Drivers/STM32F4xx_HAL_Driver/Src/stm32f4xx_hal_uart.o
 .text.UART_SetConfig
                0x0000000008005f04      0x4e8 ./Drivers/STM32F4xx_HAL_Driver/Src/stm32f4xx_hal_uart.o
 .text.__cxa_pure_virtual
                0x00000000080063ec        0x6 /opt/st/stm32cubeide_1.10.0/plugins/com.st.stm32cube.ide.mcu.externaltools.gnu-tools-for-stm32.10.3-2021.10.linux64_1.0.0.202111181127/tools/bin/../lib/gcc/arm-none-eabi/10.3.1/../../../../arm-none-eabi/lib/thumb/v7e-m+fp/hard/libstdc++_nano.a(pure.o)
                0x00000000080063ec                __cxa_pure_virtual
 .text._ZN10__cxxabiv111__terminateEPFvvE
                0x00000000080063f2        0x8 /opt/st/stm32cubeide_1.10.0/plugins/com.st.stm32cube.ide.mcu.externaltools.gnu-tools-for-stm32.10.3-2021.10.linux64_1.0.0.202111181127/tools/bin/../lib/gcc/arm-none-eabi/10.3.1/../../../../arm-none-eabi/lib/thumb/v7e-m+fp/hard/libstdc++_nano.a(eh_terminate.o)
                0x00000000080063f2                __cxxabiv1::__terminate(void (*)())
 *fill*         0x00000000080063fa        0x2 
 .text._ZSt13get_terminatev
                0x00000000080063fc       0x10 /opt/st/stm32cubeide_1.10.0/plugins/com.st.stm32cube.ide.mcu.externaltools.gnu-tools-for-stm32.10.3-2021.10.linux64_1.0.0.202111181127/tools/bin/../lib/gcc/arm-none-eabi/10.3.1/../../../../arm-none-eabi/lib/thumb/v7e-m+fp/hard/libstdc++_nano.a(eh_terminate.o)
                0x00000000080063fc                std::get_terminate()
 .text._ZSt9terminatev
                0x000000000800640c        0xa /opt/st/stm32cubeide_1.10.0/plugins/com.st.stm32cube.ide.mcu.externaltools.gnu-tools-for-stm32.10.3-2021.10.linux64_1.0.0.202111181127/tools/bin/../lib/gcc/arm-none-eabi/10.3.1/../../../../arm-none-eabi/lib/thumb/v7e-m+fp/hard/libstdc++_nano.a(eh_terminate.o)
                0x000000000800640c                std::terminate()
 .text.abort    0x0000000008006416        0xe /opt/st/stm32cubeide_1.10.0/plugins/com.st.stm32cube.ide.mcu.externaltools.gnu-tools-for-stm32.10.3-2021.10.linux64_1.0.0.202111181127/tools/bin/../lib/gcc/arm-none-eabi/10.3.1/../../../../arm-none-eabi/lib/thumb/v7e-m+fp/hard/libc_nano.a(lib_a-abort.o)
                0x0000000008006416                abort
 .text.__errno  0x0000000008006424        0xc /opt/st/stm32cubeide_1.10.0/plugins/com.st.stm32cube.ide.mcu.externaltools.gnu-tools-for-stm32.10.3-2021.10.linux64_1.0.0.202111181127/tools/bin/../lib/gcc/arm-none-eabi/10.3.1/../../../../arm-none-eabi/lib/thumb/v7e-m+fp/hard/libc_nano.a(lib_a-errno.o)
                0x0000000008006424                __errno
 .text.__libc_init_array
                0x0000000008006430       0x48 /opt/st/stm32cubeide_1.10.0/plugins/com.st.stm32cube.ide.mcu.externaltools.gnu-tools-for-stm32.10.3-2021.10.linux64_1.0.0.202111181127/tools/bin/../lib/gcc/arm-none-eabi/10.3.1/../../../../arm-none-eabi/lib/thumb/v7e-m+fp/hard/libc_nano.a(lib_a-init.o)
                0x0000000008006430                __libc_init_array
 .text.memcpy   0x0000000008006478       0x1c /opt/st/stm32cubeide_1.10.0/plugins/com.st.stm32cube.ide.mcu.externaltools.gnu-tools-for-stm32.10.3-2021.10.linux64_1.0.0.202111181127/tools/bin/../lib/gcc/arm-none-eabi/10.3.1/../../../../arm-none-eabi/lib/thumb/v7e-m+fp/hard/libc_nano.a(lib_a-memcpy-stub.o)
                0x0000000008006478                memcpy
 .text.memset   0x0000000008006494       0x10 /opt/st/stm32cubeide_1.10.0/plugins/com.st.stm32cube.ide.mcu.externaltools.gnu-tools-for-stm32.10.3-2021.10.linux64_1.0.0.202111181127/tools/bin/../lib/gcc/arm-none-eabi/10.3.1/../../../../arm-none-eabi/lib/thumb/v7e-m+fp/hard/libc_nano.a(lib_a-memset.o)
                0x0000000008006494                memset
 .text.realloc  0x00000000080064a4       0x10 /opt/st/stm32cubeide_1.10.0/plugins/com.st.stm32cube.ide.mcu.externaltools.gnu-tools-for-stm32.10.3-2021.10.linux64_1.0.0.202111181127/tools/bin/../lib/gcc/arm-none-eabi/10.3.1/../../../../arm-none-eabi/lib/thumb/v7e-m+fp/hard/libc_nano.a(lib_a-realloc.o)
                0x00000000080064a4                realloc
 .text._raise_r
                0x00000000080064b4       0x50 /opt/st/stm32cubeide_1.10.0/plugins/com.st.stm32cube.ide.mcu.externaltools.gnu-tools-for-stm32.10.3-2021.10.linux64_1.0.0.202111181127/tools/bin/../lib/gcc/arm-none-eabi/10.3.1/../../../../arm-none-eabi/lib/thumb/v7e-m+fp/hard/libc_nano.a(lib_a-signal.o)
                0x00000000080064b4                _raise_r
 .text.raise    0x0000000008006504       0x10 /opt/st/stm32cubeide_1.10.0/plugins/com.st.stm32cube.ide.mcu.externaltools.gnu-tools-for-stm32.10.3-2021.10.linux64_1.0.0.202111181127/tools/bin/../lib/gcc/arm-none-eabi/10.3.1/../../../../arm-none-eabi/lib/thumb/v7e-m+fp/hard/libc_nano.a(lib_a-signal.o)
                0x0000000008006504                raise
 .text._kill_r  0x0000000008006514       0x24 /opt/st/stm32cubeide_1.10.0/plugins/com.st.stm32cube.ide.mcu.externaltools.gnu-tools-for-stm32.10.3-2021.10.linux64_1.0.0.202111181127/tools/bin/../lib/gcc/arm-none-eabi/10.3.1/../../../../arm-none-eabi/lib/thumb/v7e-m+fp/hard/libc_nano.a(lib_a-signalr.o)
                0x0000000008006514                _kill_r
 .text._getpid_r
                0x0000000008006538        0x4 /opt/st/stm32cubeide_1.10.0/plugins/com.st.stm32cube.ide.mcu.externaltools.gnu-tools-for-stm32.10.3-2021.10.linux64_1.0.0.202111181127/tools/bin/../lib/gcc/arm-none-eabi/10.3.1/../../../../arm-none-eabi/lib/thumb/v7e-m+fp/hard/libc_nano.a(lib_a-signalr.o)
                0x0000000008006538                _getpid_r
 .text.sbrk_aligned
                0x000000000800653c       0x40 /opt/st/stm32cubeide_1.10.0/plugins/com.st.stm32cube.ide.mcu.externaltools.gnu-tools-for-stm32.10.3-2021.10.linux64_1.0.0.202111181127/tools/bin/../lib/gcc/arm-none-eabi/10.3.1/../../../../arm-none-eabi/lib/thumb/v7e-m+fp/hard/libc_nano.a(lib_a-nano-mallocr.o)
 .text._malloc_r
                0x000000000800657c       0xe8 /opt/st/stm32cubeide_1.10.0/plugins/com.st.stm32cube.ide.mcu.externaltools.gnu-tools-for-stm32.10.3-2021.10.linux64_1.0.0.202111181127/tools/bin/../lib/gcc/arm-none-eabi/10.3.1/../../../../arm-none-eabi/lib/thumb/v7e-m+fp/hard/libc_nano.a(lib_a-nano-mallocr.o)
                0x000000000800657c                _malloc_r
 .text._realloc_r
                0x0000000008006664       0x5e /opt/st/stm32cubeide_1.10.0/plugins/com.st.stm32cube.ide.mcu.externaltools.gnu-tools-for-stm32.10.3-2021.10.linux64_1.0.0.202111181127/tools/bin/../lib/gcc/arm-none-eabi/10.3.1/../../../../arm-none-eabi/lib/thumb/v7e-m+fp/hard/libc_nano.a(lib_a-nano-reallocr.o)
                0x0000000008006664                _realloc_r
 *fill*         0x00000000080066c2        0x2 
 .text._sbrk_r  0x00000000080066c4       0x20 /opt/st/stm32cubeide_1.10.0/plugins/com.st.stm32cube.ide.mcu.externaltools.gnu-tools-for-stm32.10.3-2021.10.linux64_1.0.0.202111181127/tools/bin/../lib/gcc/arm-none-eabi/10.3.1/../../../../arm-none-eabi/lib/thumb/v7e-m+fp/hard/libc_nano.a(lib_a-sbrkr.o)
                0x00000000080066c4                _sbrk_r
 .text.__malloc_lock
                0x00000000080066e4        0xc /opt/st/stm32cubeide_1.10.0/plugins/com.st.stm32cube.ide.mcu.externaltools.gnu-tools-for-stm32.10.3-2021.10.linux64_1.0.0.202111181127/tools/bin/../lib/gcc/arm-none-eabi/10.3.1/../../../../arm-none-eabi/lib/thumb/v7e-m+fp/hard/libc_nano.a(lib_a-mlock.o)
                0x00000000080066e4                __malloc_lock
 .text.__malloc_unlock
                0x00000000080066f0        0xc /opt/st/stm32cubeide_1.10.0/plugins/com.st.stm32cube.ide.mcu.externaltools.gnu-tools-for-stm32.10.3-2021.10.linux64_1.0.0.202111181127/tools/bin/../lib/gcc/arm-none-eabi/10.3.1/../../../../arm-none-eabi/lib/thumb/v7e-m+fp/hard/libc_nano.a(lib_a-mlock.o)
                0x00000000080066f0                __malloc_unlock
 .text._free_r  0x00000000080066fc       0x98 /opt/st/stm32cubeide_1.10.0/plugins/com.st.stm32cube.ide.mcu.externaltools.gnu-tools-for-stm32.10.3-2021.10.linux64_1.0.0.202111181127/tools/bin/../lib/gcc/arm-none-eabi/10.3.1/../../../../arm-none-eabi/lib/thumb/v7e-m+fp/hard/libc_nano.a(lib_a-nano-freer.o)
                0x00000000080066fc                _free_r
 .text._malloc_usable_size_r
                0x0000000008006794       0x10 /opt/st/stm32cubeide_1.10.0/plugins/com.st.stm32cube.ide.mcu.externaltools.gnu-tools-for-stm32.10.3-2021.10.linux64_1.0.0.202111181127/tools/bin/../lib/gcc/arm-none-eabi/10.3.1/../../../../arm-none-eabi/lib/thumb/v7e-m+fp/hard/libc_nano.a(lib_a-nano-msizer.o)
                0x0000000008006794                _malloc_usable_size_r
 .text.__retarget_lock_acquire_recursive
                0x00000000080067a4        0x2 /opt/st/stm32cubeide_1.10.0/plugins/com.st.stm32cube.ide.mcu.externaltools.gnu-tools-for-stm32.10.3-2021.10.linux64_1.0.0.202111181127/tools/bin/../lib/gcc/arm-none-eabi/10.3.1/../../../../arm-none-eabi/lib/thumb/v7e-m+fp/hard/libc_nano.a(lib_a-lock.o)
                0x00000000080067a4                __retarget_lock_acquire_recursive
 .text.__retarget_lock_release_recursive
                0x00000000080067a6        0x2 /opt/st/stm32cubeide_1.10.0/plugins/com.st.stm32cube.ide.mcu.externaltools.gnu-tools-for-stm32.10.3-2021.10.linux64_1.0.0.202111181127/tools/bin/../lib/gcc/arm-none-eabi/10.3.1/../../../../arm-none-eabi/lib/thumb/v7e-m+fp/hard/libc_nano.a(lib_a-lock.o)
                0x00000000080067a6                __retarget_lock_release_recursive
 *(.glue_7)
 .glue_7        0x00000000080067a8        0x0 linker stubs
 *(.glue_7t)
 .glue_7t       0x00000000080067a8        0x0 linker stubs
 *(.eh_frame)
 .eh_frame      0x00000000080067a8        0x0 /opt/st/stm32cubeide_1.10.0/plugins/com.st.stm32cube.ide.mcu.externaltools.gnu-tools-for-stm32.10.3-2021.10.linux64_1.0.0.202111181127/tools/bin/../lib/gcc/arm-none-eabi/10.3.1/thumb/v7e-m+fp/hard/crtbegin.o
 *(.init)
 .init          0x00000000080067a8        0x4 /opt/st/stm32cubeide_1.10.0/plugins/com.st.stm32cube.ide.mcu.externaltools.gnu-tools-for-stm32.10.3-2021.10.linux64_1.0.0.202111181127/tools/bin/../lib/gcc/arm-none-eabi/10.3.1/thumb/v7e-m+fp/hard/crti.o
                0x00000000080067a8                _init
 .init          0x00000000080067ac        0x8 /opt/st/stm32cubeide_1.10.0/plugins/com.st.stm32cube.ide.mcu.externaltools.gnu-tools-for-stm32.10.3-2021.10.linux64_1.0.0.202111181127/tools/bin/../lib/gcc/arm-none-eabi/10.3.1/thumb/v7e-m+fp/hard/crtn.o
 *(.fini)
 .fini          0x00000000080067b4        0x4 /opt/st/stm32cubeide_1.10.0/plugins/com.st.stm32cube.ide.mcu.externaltools.gnu-tools-for-stm32.10.3-2021.10.linux64_1.0.0.202111181127/tools/bin/../lib/gcc/arm-none-eabi/10.3.1/thumb/v7e-m+fp/hard/crti.o
                0x00000000080067b4                _fini
 .fini          0x00000000080067b8        0x8 /opt/st/stm32cubeide_1.10.0/plugins/com.st.stm32cube.ide.mcu.externaltools.gnu-tools-for-stm32.10.3-2021.10.linux64_1.0.0.202111181127/tools/bin/../lib/gcc/arm-none-eabi/10.3.1/thumb/v7e-m+fp/hard/crtn.o
                0x00000000080067c0                . = ALIGN (0x4)
                0x00000000080067c0                _etext = .

.vfp11_veneer   0x00000000080067c0        0x0
 .vfp11_veneer  0x00000000080067c0        0x0 linker stubs

.v4_bx          0x00000000080067c0        0x0
 .v4_bx         0x00000000080067c0        0x0 linker stubs

.iplt           0x00000000080067c0        0x0
 .iplt          0x00000000080067c0        0x0 /opt/st/stm32cubeide_1.10.0/plugins/com.st.stm32cube.ide.mcu.externaltools.gnu-tools-for-stm32.10.3-2021.10.linux64_1.0.0.202111181127/tools/bin/../lib/gcc/arm-none-eabi/10.3.1/thumb/v7e-m+fp/hard/crtbegin.o

.rodata         0x00000000080067c0      0x2ec
                0x00000000080067c0                . = ALIGN (0x4)
 *(.rodata)
 .rodata        0x00000000080067c0      0x196 ./Core/Src/mainpp.o
 *(.rodata*)
 *fill*         0x0000000008006956        0x2 
 .rodata._ZN14rosserial_msgsL12REQUESTPARAME
                0x0000000008006958       0x1c ./Core/Src/mainpp.o
 .rodata._ZTVN3ros10SubscriberIN8std_msgs4BoolEvEE
                0x0000000008006974       0x18 ./Core/Src/mainpp.o
                0x0000000008006974                vtable for ros::Subscriber<std_msgs::Bool, void>
 .rodata._ZTVN3ros10SubscriberIN8std_msgs5UInt8EvEE
                0x000000000800698c       0x18 ./Core/Src/mainpp.o
                0x000000000800698c                vtable for ros::Subscriber<std_msgs::UInt8, void>
 .rodata._ZTVN3ros11NodeHandle_I13STM32HardwareLi25ELi25ELi512ELi512EEE
                0x00000000080069a4       0x14 ./Core/Src/mainpp.o
                0x00000000080069a4                vtable for ros::NodeHandle_<STM32Hardware, 25, 25, 512, 512>
 .rodata._ZTVN8std_msgs4BoolE
                0x00000000080069b8       0x18 ./Core/Src/mainpp.o
                0x00000000080069b8                vtable for std_msgs::Bool
 .rodata._ZTVN8std_msgs5UInt8E
                0x00000000080069d0       0x18 ./Core/Src/mainpp.o
                0x00000000080069d0                vtable for std_msgs::UInt8
 .rodata._ZTVN3ros11Subscriber_E
                0x00000000080069e8       0x18 ./Core/Src/mainpp.o
                0x00000000080069e8                vtable for ros::Subscriber_
 .rodata._ZTVN3ros15NodeHandleBase_E
                0x0000000008006a00       0x14 ./Core/Src/mainpp.o
                0x0000000008006a00                vtable for ros::NodeHandleBase_
 .rodata._ZTVN14rosserial_msgs20RequestParamResponseE
                0x0000000008006a14       0x18 ./Core/Src/mainpp.o
                0x0000000008006a14                vtable for rosserial_msgs::RequestParamResponse
 .rodata._ZTVN14rosserial_msgs3LogE
                0x0000000008006a2c       0x18 ./Core/Src/mainpp.o
                0x0000000008006a2c                vtable for rosserial_msgs::Log
 .rodata._ZTVN14rosserial_msgs9TopicInfoE
                0x0000000008006a44       0x18 ./Core/Src/mainpp.o
                0x0000000008006a44                vtable for rosserial_msgs::TopicInfo
 .rodata._ZTVN8std_msgs4TimeE
                0x0000000008006a5c       0x18 ./Core/Src/mainpp.o
                0x0000000008006a5c                vtable for std_msgs::Time
 .rodata._ZTVN3ros3MsgE
                0x0000000008006a74       0x18 ./Core/Src/mainpp.o
                0x0000000008006a74                vtable for ros::Msg
 .rodata.AHBPrescTable
                0x0000000008006a8c       0x10 ./Core/Src/system_stm32f4xx.o
                0x0000000008006a8c                AHBPrescTable
 .rodata.APBPrescTable
                0x0000000008006a9c        0x8 ./Core/Src/system_stm32f4xx.o
                0x0000000008006a9c                APBPrescTable
 .rodata.flagBitshiftOffset.0
                0x0000000008006aa4        0x8 ./Drivers/STM32F4xx_HAL_Driver/Src/stm32f4xx_hal_dma.o
                0x0000000008006aac                . = ALIGN (0x4)

.ARM.extab      0x0000000008006aac        0x0
                0x0000000008006aac                . = ALIGN (0x4)
 *(.ARM.extab* .gnu.linkonce.armextab.*)
                0x0000000008006aac                . = ALIGN (0x4)

.ARM            0x0000000008006aac        0x8
                0x0000000008006aac                . = ALIGN (0x4)
                0x0000000008006aac                __exidx_start = .
 *(.ARM.exidx*)
 .ARM.exidx     0x0000000008006aac        0x8 /opt/st/stm32cubeide_1.10.0/plugins/com.st.stm32cube.ide.mcu.externaltools.gnu-tools-for-stm32.10.3-2021.10.linux64_1.0.0.202111181127/tools/bin/../lib/gcc/arm-none-eabi/10.3.1/thumb/v7e-m+fp/hard/libgcc.a(_udivmoddi4.o)
                0x0000000008006ab4                __exidx_end = .
                0x0000000008006ab4                . = ALIGN (0x4)

.rel.dyn        0x0000000008006ab4        0x0
 .rel.iplt      0x0000000008006ab4        0x0 /opt/st/stm32cubeide_1.10.0/plugins/com.st.stm32cube.ide.mcu.externaltools.gnu-tools-for-stm32.10.3-2021.10.linux64_1.0.0.202111181127/tools/bin/../lib/gcc/arm-none-eabi/10.3.1/thumb/v7e-m+fp/hard/crtbegin.o

.preinit_array  0x0000000008006ab4        0x0
                0x0000000008006ab4                . = ALIGN (0x4)
                0x0000000008006ab4                PROVIDE (__preinit_array_start = .)
 *(.preinit_array*)
                0x0000000008006ab4                PROVIDE (__preinit_array_end = .)
                0x0000000008006ab4                . = ALIGN (0x4)

.init_array     0x0000000008006ab4        0x8
                0x0000000008006ab4                . = ALIGN (0x4)
                0x0000000008006ab4                PROVIDE (__init_array_start = .)
 *(SORT_BY_NAME(.init_array.*))
 *(.init_array*)
 .init_array    0x0000000008006ab4        0x4 /opt/st/stm32cubeide_1.10.0/plugins/com.st.stm32cube.ide.mcu.externaltools.gnu-tools-for-stm32.10.3-2021.10.linux64_1.0.0.202111181127/tools/bin/../lib/gcc/arm-none-eabi/10.3.1/thumb/v7e-m+fp/hard/crtbegin.o
 .init_array    0x0000000008006ab8        0x4 ./Core/Src/mainpp.o
                0x0000000008006abc                PROVIDE (__init_array_end = .)
                0x0000000008006abc                . = ALIGN (0x4)

.fini_array     0x0000000008006abc        0x4
                0x0000000008006abc                . = ALIGN (0x4)
                [!provide]                        PROVIDE (__fini_array_start = .)
 *(SORT_BY_NAME(.fini_array.*))
 *(.fini_array*)
 .fini_array    0x0000000008006abc        0x4 /opt/st/stm32cubeide_1.10.0/plugins/com.st.stm32cube.ide.mcu.externaltools.gnu-tools-for-stm32.10.3-2021.10.linux64_1.0.0.202111181127/tools/bin/../lib/gcc/arm-none-eabi/10.3.1/thumb/v7e-m+fp/hard/crtbegin.o
                [!provide]                        PROVIDE (__fini_array_end = .)
                0x0000000008006ac0                . = ALIGN (0x4)
                0x0000000008006ac0                _sidata = LOADADDR (.data)

.data           0x0000000020000000       0x74 load address 0x0000000008006ac0
                0x0000000020000000                . = ALIGN (0x4)
                0x0000000020000000                _sdata = .
 *(.data)
 *(.data*)
 .data.SystemCoreClock
                0x0000000020000000        0x4 ./Core/Src/system_stm32f4xx.o
                0x0000000020000000                SystemCoreClock
 .data.uwTickPrio
                0x0000000020000004        0x4 ./Drivers/STM32F4xx_HAL_Driver/Src/stm32f4xx_hal.o
                0x0000000020000004                uwTickPrio
 .data.uwTickFreq
                0x0000000020000008        0x1 ./Drivers/STM32F4xx_HAL_Driver/Src/stm32f4xx_hal.o
                0x0000000020000008                uwTickFreq
 *fill*         0x0000000020000009        0x3 
 .data._ZN10__cxxabiv119__terminate_handlerE
                0x000000002000000c        0x4 /opt/st/stm32cubeide_1.10.0/plugins/com.st.stm32cube.ide.mcu.externaltools.gnu-tools-for-stm32.10.3-2021.10.linux64_1.0.0.202111181127/tools/bin/../lib/gcc/arm-none-eabi/10.3.1/../../../../arm-none-eabi/lib/thumb/v7e-m+fp/hard/libstdc++_nano.a(eh_term_handler.o)
                0x000000002000000c                __cxxabiv1::__terminate_handler
 .data._impure_ptr
                0x0000000020000010        0x4 /opt/st/stm32cubeide_1.10.0/plugins/com.st.stm32cube.ide.mcu.externaltools.gnu-tools-for-stm32.10.3-2021.10.linux64_1.0.0.202111181127/tools/bin/../lib/gcc/arm-none-eabi/10.3.1/../../../../arm-none-eabi/lib/thumb/v7e-m+fp/hard/libc_nano.a(lib_a-impure.o)
                0x0000000020000010                _impure_ptr
 .data.impure_data
                0x0000000020000014       0x60 /opt/st/stm32cubeide_1.10.0/plugins/com.st.stm32cube.ide.mcu.externaltools.gnu-tools-for-stm32.10.3-2021.10.linux64_1.0.0.202111181127/tools/bin/../lib/gcc/arm-none-eabi/10.3.1/../../../../arm-none-eabi/lib/thumb/v7e-m+fp/hard/libc_nano.a(lib_a-impure.o)
 *(.RamFunc)
 *(.RamFunc*)
                0x0000000020000074                . = ALIGN (0x4)
                0x0000000020000074                _edata = .

.igot.plt       0x0000000020000074        0x0 load address 0x0000000008006b34
 .igot.plt      0x0000000020000074        0x0 /opt/st/stm32cubeide_1.10.0/plugins/com.st.stm32cube.ide.mcu.externaltools.gnu-tools-for-stm32.10.3-2021.10.linux64_1.0.0.202111181127/tools/bin/../lib/gcc/arm-none-eabi/10.3.1/thumb/v7e-m+fp/hard/crtbegin.o
                0x0000000020000074                . = ALIGN (0x4)

.bss            0x0000000020000074      0xb30 load address 0x0000000008006b34
                0x0000000020000074                _sbss = .
                0x0000000020000074                __bss_start__ = _sbss
 *(.bss)
 .bss           0x0000000020000074       0x1c /opt/st/stm32cubeide_1.10.0/plugins/com.st.stm32cube.ide.mcu.externaltools.gnu-tools-for-stm32.10.3-2021.10.linux64_1.0.0.202111181127/tools/bin/../lib/gcc/arm-none-eabi/10.3.1/thumb/v7e-m+fp/hard/crtbegin.o
 *(.bss*)
 .bss.htim2     0x0000000020000090       0x48 ./Core/Src/main.o
                0x0000000020000090                htim2
 .bss.huart2    0x00000000200000d8       0x44 ./Core/Src/main.o
                0x00000000200000d8                huart2
 .bss.hdma_usart2_rx
                0x000000002000011c       0x60 ./Core/Src/main.o
                0x000000002000011c                hdma_usart2_rx
 .bss.hdma_usart2_tx
                0x000000002000017c       0x60 ./Core/Src/main.o
                0x000000002000017c                hdma_usart2_tx
 .bss._ZZN13STM32Hardware5flushEvE5mutex
                0x00000000200001dc        0x1 ./Core/Src/mainpp.o
                0x00000000200001dc                STM32Hardware::flush()::mutex
 *fill*         0x00000000200001dd        0x3 
 .bss.nh        0x00000000200001e0      0x93c ./Core/Src/mainpp.o
                0x00000000200001e0                nh
 .bss.pwm_l_sub
                0x0000000020000b1c       0x1c ./Core/Src/mainpp.o
                0x0000000020000b1c                pwm_l_sub
 .bss.pwm_r_sub
                0x0000000020000b38       0x1c ./Core/Src/mainpp.o
                0x0000000020000b38                pwm_r_sub
 .bss.dir_l_sub
                0x0000000020000b54       0x1c ./Core/Src/mainpp.o
                0x0000000020000b54                dir_l_sub
 .bss.dir_r_sub
                0x0000000020000b70       0x1c ./Core/Src/mainpp.o
                0x0000000020000b70                dir_r_sub
 .bss.__sbrk_heap_end
                0x0000000020000b8c        0x4 ./Core/Src/sysmem.o
 .bss.uwTick    0x0000000020000b90        0x4 ./Drivers/STM32F4xx_HAL_Driver/Src/stm32f4xx_hal.o
                0x0000000020000b90                uwTick
 .bss.__malloc_free_list
                0x0000000020000b94        0x4 /opt/st/stm32cubeide_1.10.0/plugins/com.st.stm32cube.ide.mcu.externaltools.gnu-tools-for-stm32.10.3-2021.10.linux64_1.0.0.202111181127/tools/bin/../lib/gcc/arm-none-eabi/10.3.1/../../../../arm-none-eabi/lib/thumb/v7e-m+fp/hard/libc_nano.a(lib_a-nano-mallocr.o)
                0x0000000020000b94                __malloc_free_list
 .bss.__malloc_sbrk_start
                0x0000000020000b98        0x4 /opt/st/stm32cubeide_1.10.0/plugins/com.st.stm32cube.ide.mcu.externaltools.gnu-tools-for-stm32.10.3-2021.10.linux64_1.0.0.202111181127/tools/bin/../lib/gcc/arm-none-eabi/10.3.1/../../../../arm-none-eabi/lib/thumb/v7e-m+fp/hard/libc_nano.a(lib_a-nano-mallocr.o)
                0x0000000020000b98                __malloc_sbrk_start
 .bss.errno     0x0000000020000b9c        0x4 /opt/st/stm32cubeide_1.10.0/plugins/com.st.stm32cube.ide.mcu.externaltools.gnu-tools-for-stm32.10.3-2021.10.linux64_1.0.0.202111181127/tools/bin/../lib/gcc/arm-none-eabi/10.3.1/../../../../arm-none-eabi/lib/thumb/v7e-m+fp/hard/libc_nano.a(lib_a-reent.o)
                0x0000000020000b9c                errno
 .bss.__lock___malloc_recursive_mutex
                0x0000000020000ba0        0x1 /opt/st/stm32cubeide_1.10.0/plugins/com.st.stm32cube.ide.mcu.externaltools.gnu-tools-for-stm32.10.3-2021.10.linux64_1.0.0.202111181127/tools/bin/../lib/gcc/arm-none-eabi/10.3.1/../../../../arm-none-eabi/lib/thumb/v7e-m+fp/hard/libc_nano.a(lib_a-lock.o)
                0x0000000020000ba0                __lock___malloc_recursive_mutex
 *(COMMON)
                0x0000000020000ba4                . = ALIGN (0x4)
 *fill*         0x0000000020000ba1        0x3 
                0x0000000020000ba4                _ebss = .
                0x0000000020000ba4                __bss_end__ = _ebss

._user_heap_stack
                0x0000000020000ba4      0x604 load address 0x0000000008006b34
                0x0000000020000ba8                . = ALIGN (0x8)
 *fill*         0x0000000020000ba4        0x4 
                [!provide]                        PROVIDE (end = .)
                0x0000000020000ba8                PROVIDE (_end = .)
                0x0000000020000da8                . = (. + _Min_Heap_Size)
 *fill*         0x0000000020000ba8      0x200 
                0x00000000200011a8                . = (. + _Min_Stack_Size)
 *fill*         0x0000000020000da8      0x400 
                0x00000000200011a8                . = ALIGN (0x8)

/DISCARD/
 libc.a(*)
 libm.a(*)
 libgcc.a(*)

.ARM.attributes
                0x0000000000000000       0x30
 *(.ARM.attributes)
 .ARM.attributes
                0x0000000000000000       0x1e /opt/st/stm32cubeide_1.10.0/plugins/com.st.stm32cube.ide.mcu.externaltools.gnu-tools-for-stm32.10.3-2021.10.linux64_1.0.0.202111181127/tools/bin/../lib/gcc/arm-none-eabi/10.3.1/thumb/v7e-m+fp/hard/crti.o
 .ARM.attributes
                0x000000000000001e       0x34 /opt/st/stm32cubeide_1.10.0/plugins/com.st.stm32cube.ide.mcu.externaltools.gnu-tools-for-stm32.10.3-2021.10.linux64_1.0.0.202111181127/tools/bin/../lib/gcc/arm-none-eabi/10.3.1/thumb/v7e-m+fp/hard/crtbegin.o
 .ARM.attributes
                0x0000000000000052       0x34 ./Core/Inc/time.o
 .ARM.attributes
                0x0000000000000086       0x34 ./Core/Src/main.o
 .ARM.attributes
                0x00000000000000ba       0x34 ./Core/Src/mainpp.o
 .ARM.attributes
                0x00000000000000ee       0x34 ./Core/Src/stm32f4xx_hal_msp.o
 .ARM.attributes
                0x0000000000000122       0x34 ./Core/Src/stm32f4xx_it.o
 .ARM.attributes
                0x0000000000000156       0x34 ./Core/Src/syscalls.o
 .ARM.attributes
                0x000000000000018a       0x34 ./Core/Src/sysmem.o
 .ARM.attributes
                0x00000000000001be       0x34 ./Core/Src/system_stm32f4xx.o
 .ARM.attributes
                0x00000000000001f2       0x21 ./Core/Startup/startup_stm32f401retx.o
 .ARM.attributes
                0x0000000000000213       0x34 ./Drivers/STM32F4xx_HAL_Driver/Src/stm32f4xx_hal.o
 .ARM.attributes
                0x0000000000000247       0x34 ./Drivers/STM32F4xx_HAL_Driver/Src/stm32f4xx_hal_cortex.o
 .ARM.attributes
                0x000000000000027b       0x34 ./Drivers/STM32F4xx_HAL_Driver/Src/stm32f4xx_hal_dma.o
 .ARM.attributes
                0x00000000000002af       0x34 ./Drivers/STM32F4xx_HAL_Driver/Src/stm32f4xx_hal_gpio.o
 .ARM.attributes
                0x00000000000002e3       0x34 ./Drivers/STM32F4xx_HAL_Driver/Src/stm32f4xx_hal_rcc.o
 .ARM.attributes
                0x0000000000000317       0x34 ./Drivers/STM32F4xx_HAL_Driver/Src/stm32f4xx_hal_tim.o
 .ARM.attributes
                0x000000000000034b       0x34 ./Drivers/STM32F4xx_HAL_Driver/Src/stm32f4xx_hal_tim_ex.o
 .ARM.attributes
                0x000000000000037f       0x34 ./Drivers/STM32F4xx_HAL_Driver/Src/stm32f4xx_hal_uart.o
 .ARM.attributes
                0x00000000000003b3       0x34 /opt/st/stm32cubeide_1.10.0/plugins/com.st.stm32cube.ide.mcu.externaltools.gnu-tools-for-stm32.10.3-2021.10.linux64_1.0.0.202111181127/tools/bin/../lib/gcc/arm-none-eabi/10.3.1/../../../../arm-none-eabi/lib/thumb/v7e-m+fp/hard/libstdc++_nano.a(pure.o)
 .ARM.attributes
                0x00000000000003e7       0x34 /opt/st/stm32cubeide_1.10.0/plugins/com.st.stm32cube.ide.mcu.externaltools.gnu-tools-for-stm32.10.3-2021.10.linux64_1.0.0.202111181127/tools/bin/../lib/gcc/arm-none-eabi/10.3.1/../../../../arm-none-eabi/lib/thumb/v7e-m+fp/hard/libstdc++_nano.a(eh_terminate.o)
 .ARM.attributes
                0x000000000000041b       0x34 /opt/st/stm32cubeide_1.10.0/plugins/com.st.stm32cube.ide.mcu.externaltools.gnu-tools-for-stm32.10.3-2021.10.linux64_1.0.0.202111181127/tools/bin/../lib/gcc/arm-none-eabi/10.3.1/../../../../arm-none-eabi/lib/thumb/v7e-m+fp/hard/libstdc++_nano.a(eh_term_handler.o)
 .ARM.attributes
                0x000000000000044f       0x34 /opt/st/stm32cubeide_1.10.0/plugins/com.st.stm32cube.ide.mcu.externaltools.gnu-tools-for-stm32.10.3-2021.10.linux64_1.0.0.202111181127/tools/bin/../lib/gcc/arm-none-eabi/10.3.1/../../../../arm-none-eabi/lib/thumb/v7e-m+fp/hard/libc_nano.a(lib_a-abort.o)
 .ARM.attributes
                0x0000000000000483       0x34 /opt/st/stm32cubeide_1.10.0/plugins/com.st.stm32cube.ide.mcu.externaltools.gnu-tools-for-stm32.10.3-2021.10.linux64_1.0.0.202111181127/tools/bin/../lib/gcc/arm-none-eabi/10.3.1/../../../../arm-none-eabi/lib/thumb/v7e-m+fp/hard/libc_nano.a(lib_a-errno.o)
 .ARM.attributes
                0x00000000000004b7       0x34 /opt/st/stm32cubeide_1.10.0/plugins/com.st.stm32cube.ide.mcu.externaltools.gnu-tools-for-stm32.10.3-2021.10.linux64_1.0.0.202111181127/tools/bin/../lib/gcc/arm-none-eabi/10.3.1/../../../../arm-none-eabi/lib/thumb/v7e-m+fp/hard/libc_nano.a(lib_a-impure.o)
 .ARM.attributes
                0x00000000000004eb       0x34 /opt/st/stm32cubeide_1.10.0/plugins/com.st.stm32cube.ide.mcu.externaltools.gnu-tools-for-stm32.10.3-2021.10.linux64_1.0.0.202111181127/tools/bin/../lib/gcc/arm-none-eabi/10.3.1/../../../../arm-none-eabi/lib/thumb/v7e-m+fp/hard/libc_nano.a(lib_a-init.o)
 .ARM.attributes
                0x000000000000051f       0x34 /opt/st/stm32cubeide_1.10.0/plugins/com.st.stm32cube.ide.mcu.externaltools.gnu-tools-for-stm32.10.3-2021.10.linux64_1.0.0.202111181127/tools/bin/../lib/gcc/arm-none-eabi/10.3.1/../../../../arm-none-eabi/lib/thumb/v7e-m+fp/hard/libc_nano.a(lib_a-memcpy-stub.o)
 .ARM.attributes
                0x0000000000000553       0x34 /opt/st/stm32cubeide_1.10.0/plugins/com.st.stm32cube.ide.mcu.externaltools.gnu-tools-for-stm32.10.3-2021.10.linux64_1.0.0.202111181127/tools/bin/../lib/gcc/arm-none-eabi/10.3.1/../../../../arm-none-eabi/lib/thumb/v7e-m+fp/hard/libc_nano.a(lib_a-memset.o)
 .ARM.attributes
                0x0000000000000587       0x34 /opt/st/stm32cubeide_1.10.0/plugins/com.st.stm32cube.ide.mcu.externaltools.gnu-tools-for-stm32.10.3-2021.10.linux64_1.0.0.202111181127/tools/bin/../lib/gcc/arm-none-eabi/10.3.1/../../../../arm-none-eabi/lib/thumb/v7e-m+fp/hard/libc_nano.a(lib_a-realloc.o)
 .ARM.attributes
                0x00000000000005bb       0x34 /opt/st/stm32cubeide_1.10.0/plugins/com.st.stm32cube.ide.mcu.externaltools.gnu-tools-for-stm32.10.3-2021.10.linux64_1.0.0.202111181127/tools/bin/../lib/gcc/arm-none-eabi/10.3.1/../../../../arm-none-eabi/lib/thumb/v7e-m+fp/hard/libc_nano.a(lib_a-signal.o)
 .ARM.attributes
                0x00000000000005ef       0x34 /opt/st/stm32cubeide_1.10.0/plugins/com.st.stm32cube.ide.mcu.externaltools.gnu-tools-for-stm32.10.3-2021.10.linux64_1.0.0.202111181127/tools/bin/../lib/gcc/arm-none-eabi/10.3.1/../../../../arm-none-eabi/lib/thumb/v7e-m+fp/hard/libc_nano.a(lib_a-signalr.o)
 .ARM.attributes
                0x0000000000000623       0x17 /opt/st/stm32cubeide_1.10.0/plugins/com.st.stm32cube.ide.mcu.externaltools.gnu-tools-for-stm32.10.3-2021.10.linux64_1.0.0.202111181127/tools/bin/../lib/gcc/arm-none-eabi/10.3.1/../../../../arm-none-eabi/lib/thumb/v7e-m+fp/hard/libc_nano.a(lib_a-strlen.o)
 .ARM.attributes
                0x000000000000063a       0x34 /opt/st/stm32cubeide_1.10.0/plugins/com.st.stm32cube.ide.mcu.externaltools.gnu-tools-for-stm32.10.3-2021.10.linux64_1.0.0.202111181127/tools/bin/../lib/gcc/arm-none-eabi/10.3.1/../../../../arm-none-eabi/lib/thumb/v7e-m+fp/hard/libc_nano.a(lib_a-nano-mallocr.o)
 .ARM.attributes
                0x000000000000066e       0x34 /opt/st/stm32cubeide_1.10.0/plugins/com.st.stm32cube.ide.mcu.externaltools.gnu-tools-for-stm32.10.3-2021.10.linux64_1.0.0.202111181127/tools/bin/../lib/gcc/arm-none-eabi/10.3.1/../../../../arm-none-eabi/lib/thumb/v7e-m+fp/hard/libc_nano.a(lib_a-nano-reallocr.o)
 .ARM.attributes
                0x00000000000006a2       0x34 /opt/st/stm32cubeide_1.10.0/plugins/com.st.stm32cube.ide.mcu.externaltools.gnu-tools-for-stm32.10.3-2021.10.linux64_1.0.0.202111181127/tools/bin/../lib/gcc/arm-none-eabi/10.3.1/../../../../arm-none-eabi/lib/thumb/v7e-m+fp/hard/libc_nano.a(lib_a-reent.o)
 .ARM.attributes
                0x00000000000006d6       0x34 /opt/st/stm32cubeide_1.10.0/plugins/com.st.stm32cube.ide.mcu.externaltools.gnu-tools-for-stm32.10.3-2021.10.linux64_1.0.0.202111181127/tools/bin/../lib/gcc/arm-none-eabi/10.3.1/../../../../arm-none-eabi/lib/thumb/v7e-m+fp/hard/libc_nano.a(lib_a-sbrkr.o)
 .ARM.attributes
                0x000000000000070a       0x34 /opt/st/stm32cubeide_1.10.0/plugins/com.st.stm32cube.ide.mcu.externaltools.gnu-tools-for-stm32.10.3-2021.10.linux64_1.0.0.202111181127/tools/bin/../lib/gcc/arm-none-eabi/10.3.1/../../../../arm-none-eabi/lib/thumb/v7e-m+fp/hard/libc_nano.a(lib_a-mlock.o)
 .ARM.attributes
                0x000000000000073e       0x34 /opt/st/stm32cubeide_1.10.0/plugins/com.st.stm32cube.ide.mcu.externaltools.gnu-tools-for-stm32.10.3-2021.10.linux64_1.0.0.202111181127/tools/bin/../lib/gcc/arm-none-eabi/10.3.1/../../../../arm-none-eabi/lib/thumb/v7e-m+fp/hard/libc_nano.a(lib_a-nano-freer.o)
 .ARM.attributes
                0x0000000000000772       0x34 /opt/st/stm32cubeide_1.10.0/plugins/com.st.stm32cube.ide.mcu.externaltools.gnu-tools-for-stm32.10.3-2021.10.linux64_1.0.0.202111181127/tools/bin/../lib/gcc/arm-none-eabi/10.3.1/../../../../arm-none-eabi/lib/thumb/v7e-m+fp/hard/libc_nano.a(lib_a-nano-msizer.o)
 .ARM.attributes
                0x00000000000007a6       0x34 /opt/st/stm32cubeide_1.10.0/plugins/com.st.stm32cube.ide.mcu.externaltools.gnu-tools-for-stm32.10.3-2021.10.linux64_1.0.0.202111181127/tools/bin/../lib/gcc/arm-none-eabi/10.3.1/../../../../arm-none-eabi/lib/thumb/v7e-m+fp/hard/libc_nano.a(lib_a-lock.o)
 .ARM.attributes
                0x00000000000007da       0x1e /opt/st/stm32cubeide_1.10.0/plugins/com.st.stm32cube.ide.mcu.externaltools.gnu-tools-for-stm32.10.3-2021.10.linux64_1.0.0.202111181127/tools/bin/../lib/gcc/arm-none-eabi/10.3.1/thumb/v7e-m+fp/hard/libgcc.a(_aeabi_uldivmod.o)
 .ARM.attributes
                0x00000000000007f8       0x34 /opt/st/stm32cubeide_1.10.0/plugins/com.st.stm32cube.ide.mcu.externaltools.gnu-tools-for-stm32.10.3-2021.10.linux64_1.0.0.202111181127/tools/bin/../lib/gcc/arm-none-eabi/10.3.1/thumb/v7e-m+fp/hard/libgcc.a(_udivmoddi4.o)
 .ARM.attributes
                0x000000000000082c       0x1e /opt/st/stm32cubeide_1.10.0/plugins/com.st.stm32cube.ide.mcu.externaltools.gnu-tools-for-stm32.10.3-2021.10.linux64_1.0.0.202111181127/tools/bin/../lib/gcc/arm-none-eabi/10.3.1/thumb/v7e-m+fp/hard/libgcc.a(_dvmd_tls.o)
 .ARM.attributes
                0x000000000000084a       0x1e /opt/st/stm32cubeide_1.10.0/plugins/com.st.stm32cube.ide.mcu.externaltools.gnu-tools-for-stm32.10.3-2021.10.linux64_1.0.0.202111181127/tools/bin/../lib/gcc/arm-none-eabi/10.3.1/thumb/v7e-m+fp/hard/crtn.o
OUTPUT(ros_serial_twist_pwm.elf elf32-littlearm)
LOAD linker stubs
LOAD /opt/st/stm32cubeide_1.10.0/plugins/com.st.stm32cube.ide.mcu.externaltools.gnu-tools-for-stm32.10.3-2021.10.linux64_1.0.0.202111181127/tools/bin/../lib/gcc/arm-none-eabi/10.3.1/../../../../arm-none-eabi/lib/thumb/v7e-m+fp/hard/libc.a
LOAD /opt/st/stm32cubeide_1.10.0/plugins/com.st.stm32cube.ide.mcu.externaltools.gnu-tools-for-stm32.10.3-2021.10.linux64_1.0.0.202111181127/tools/bin/../lib/gcc/arm-none-eabi/10.3.1/../../../../arm-none-eabi/lib/thumb/v7e-m+fp/hard/libm.a
LOAD /opt/st/stm32cubeide_1.10.0/plugins/com.st.stm32cube.ide.mcu.externaltools.gnu-tools-for-stm32.10.3-2021.10.linux64_1.0.0.202111181127/tools/bin/../lib/gcc/arm-none-eabi/10.3.1/thumb/v7e-m+fp/hard/libgcc.a

.debug_info     0x0000000000000000    0x15c14
 .debug_info    0x0000000000000000     0x1b15 ./Core/Inc/time.o
 .debug_info    0x0000000000001b15     0x13f5 ./Core/Src/main.o
 .debug_info    0x0000000000002f0a     0x6470 ./Core/Src/mainpp.o
 .debug_info    0x000000000000937a      0xffe ./Core/Src/stm32f4xx_hal_msp.o
 .debug_info    0x000000000000a378      0x6ac ./Core/Src/stm32f4xx_it.o
 .debug_info    0x000000000000aa24      0x6e0 ./Core/Src/syscalls.o
 .debug_info    0x000000000000b104      0x171 ./Core/Src/sysmem.o
 .debug_info    0x000000000000b275      0x54f ./Core/Src/system_stm32f4xx.o
 .debug_info    0x000000000000b7c4       0x22 ./Core/Startup/startup_stm32f401retx.o
 .debug_info    0x000000000000b7e6      0x906 ./Drivers/STM32F4xx_HAL_Driver/Src/stm32f4xx_hal.o
 .debug_info    0x000000000000c0ec      0xd85 ./Drivers/STM32F4xx_HAL_Driver/Src/stm32f4xx_hal_cortex.o
 .debug_info    0x000000000000ce71      0x947 ./Drivers/STM32F4xx_HAL_Driver/Src/stm32f4xx_hal_dma.o
 .debug_info    0x000000000000d7b8      0x78e ./Drivers/STM32F4xx_HAL_Driver/Src/stm32f4xx_hal_gpio.o
 .debug_info    0x000000000000df46      0x98c ./Drivers/STM32F4xx_HAL_Driver/Src/stm32f4xx_hal_rcc.o
 .debug_info    0x000000000000e8d2     0x2bb6 ./Drivers/STM32F4xx_HAL_Driver/Src/stm32f4xx_hal_tim.o
 .debug_info    0x0000000000011488     0x15d8 ./Drivers/STM32F4xx_HAL_Driver/Src/stm32f4xx_hal_tim_ex.o
 .debug_info    0x0000000000012a60     0x31b4 ./Drivers/STM32F4xx_HAL_Driver/Src/stm32f4xx_hal_uart.o

.debug_abbrev   0x0000000000000000     0x296d
 .debug_abbrev  0x0000000000000000      0x26e ./Core/Inc/time.o
 .debug_abbrev  0x000000000000026e      0x2c6 ./Core/Src/main.o
 .debug_abbrev  0x0000000000000534      0x941 ./Core/Src/mainpp.o
 .debug_abbrev  0x0000000000000e75      0x225 ./Core/Src/stm32f4xx_hal_msp.o
 .debug_abbrev  0x000000000000109a      0x177 ./Core/Src/stm32f4xx_it.o
 .debug_abbrev  0x0000000000001211      0x1b3 ./Core/Src/syscalls.o
 .debug_abbrev  0x00000000000013c4       0xbb ./Core/Src/sysmem.o
 .debug_abbrev  0x000000000000147f      0x116 ./Core/Src/system_stm32f4xx.o
 .debug_abbrev  0x0000000000001595       0x12 ./Core/Startup/startup_stm32f401retx.o
 .debug_abbrev  0x00000000000015a7      0x23e ./Drivers/STM32F4xx_HAL_Driver/Src/stm32f4xx_hal.o
 .debug_abbrev  0x00000000000017e5      0x316 ./Drivers/STM32F4xx_HAL_Driver/Src/stm32f4xx_hal_cortex.o
 .debug_abbrev  0x0000000000001afb      0x21b ./Drivers/STM32F4xx_HAL_Driver/Src/stm32f4xx_hal_dma.o
 .debug_abbrev  0x0000000000001d16      0x1c4 ./Drivers/STM32F4xx_HAL_Driver/Src/stm32f4xx_hal_gpio.o
 .debug_abbrev  0x0000000000001eda      0x2aa ./Drivers/STM32F4xx_HAL_Driver/Src/stm32f4xx_hal_rcc.o
 .debug_abbrev  0x0000000000002184      0x26e ./Drivers/STM32F4xx_HAL_Driver/Src/stm32f4xx_hal_tim.o
 .debug_abbrev  0x00000000000023f2      0x276 ./Drivers/STM32F4xx_HAL_Driver/Src/stm32f4xx_hal_tim_ex.o
 .debug_abbrev  0x0000000000002668      0x305 ./Drivers/STM32F4xx_HAL_Driver/Src/stm32f4xx_hal_uart.o

.debug_aranges  0x0000000000000000      0xfa0
 .debug_aranges
                0x0000000000000000       0x38 ./Core/Inc/time.o
 .debug_aranges
                0x0000000000000038       0x50 ./Core/Src/main.o
 .debug_aranges
                0x0000000000000088      0x290 ./Core/Src/mainpp.o
 .debug_aranges
                0x0000000000000318       0x48 ./Core/Src/stm32f4xx_hal_msp.o
 .debug_aranges
                0x0000000000000360       0x78 ./Core/Src/stm32f4xx_it.o
 .debug_aranges
                0x00000000000003d8       0xa8 ./Core/Src/syscalls.o
 .debug_aranges
                0x0000000000000480       0x20 ./Core/Src/sysmem.o
 .debug_aranges
                0x00000000000004a0       0x28 ./Core/Src/system_stm32f4xx.o
 .debug_aranges
                0x00000000000004c8       0x28 ./Core/Startup/startup_stm32f401retx.o
 .debug_aranges
                0x00000000000004f0       0xf0 ./Drivers/STM32F4xx_HAL_Driver/Src/stm32f4xx_hal.o
 .debug_aranges
                0x00000000000005e0      0x118 ./Drivers/STM32F4xx_HAL_Driver/Src/stm32f4xx_hal_cortex.o
 .debug_aranges
                0x00000000000006f8       0x90 ./Drivers/STM32F4xx_HAL_Driver/Src/stm32f4xx_hal_dma.o
 .debug_aranges
                0x0000000000000788       0x58 ./Drivers/STM32F4xx_HAL_Driver/Src/stm32f4xx_hal_gpio.o
 .debug_aranges
                0x00000000000007e0       0x88 ./Drivers/STM32F4xx_HAL_Driver/Src/stm32f4xx_hal_rcc.o
 .debug_aranges
                0x0000000000000868      0x3d0 ./Drivers/STM32F4xx_HAL_Driver/Src/stm32f4xx_hal_tim.o
 .debug_aranges
                0x0000000000000c38      0x168 ./Drivers/STM32F4xx_HAL_Driver/Src/stm32f4xx_hal_tim_ex.o
 .debug_aranges
                0x0000000000000da0      0x200 ./Drivers/STM32F4xx_HAL_Driver/Src/stm32f4xx_hal_uart.o

.debug_ranges   0x0000000000000000      0xee0
 .debug_ranges  0x0000000000000000       0x28 ./Core/Inc/time.o
 .debug_ranges  0x0000000000000028       0x40 ./Core/Src/main.o
 .debug_ranges  0x0000000000000068      0x298 ./Core/Src/mainpp.o
 .debug_ranges  0x0000000000000300       0x38 ./Core/Src/stm32f4xx_hal_msp.o
 .debug_ranges  0x0000000000000338       0x68 ./Core/Src/stm32f4xx_it.o
 .debug_ranges  0x00000000000003a0       0x98 ./Core/Src/syscalls.o
 .debug_ranges  0x0000000000000438       0x10 ./Core/Src/sysmem.o
 .debug_ranges  0x0000000000000448       0x18 ./Core/Src/system_stm32f4xx.o
 .debug_ranges  0x0000000000000460       0x20 ./Core/Startup/startup_stm32f401retx.o
 .debug_ranges  0x0000000000000480       0xe0 ./Drivers/STM32F4xx_HAL_Driver/Src/stm32f4xx_hal.o
 .debug_ranges  0x0000000000000560      0x108 ./Drivers/STM32F4xx_HAL_Driver/Src/stm32f4xx_hal_cortex.o
 .debug_ranges  0x0000000000000668       0x80 ./Drivers/STM32F4xx_HAL_Driver/Src/stm32f4xx_hal_dma.o
 .debug_ranges  0x00000000000006e8       0x48 ./Drivers/STM32F4xx_HAL_Driver/Src/stm32f4xx_hal_gpio.o
 .debug_ranges  0x0000000000000730       0x78 ./Drivers/STM32F4xx_HAL_Driver/Src/stm32f4xx_hal_rcc.o
 .debug_ranges  0x00000000000007a8      0x3c0 ./Drivers/STM32F4xx_HAL_Driver/Src/stm32f4xx_hal_tim.o
 .debug_ranges  0x0000000000000b68      0x158 ./Drivers/STM32F4xx_HAL_Driver/Src/stm32f4xx_hal_tim_ex.o
 .debug_ranges  0x0000000000000cc0      0x220 ./Drivers/STM32F4xx_HAL_Driver/Src/stm32f4xx_hal_uart.o

.debug_macro    0x0000000000000000    0x181c7
 .debug_macro   0x0000000000000000      0x1c1 ./Core/Inc/time.o
 .debug_macro   0x00000000000001c1      0x1dd ./Core/Src/main.o
 .debug_macro   0x000000000000039e      0xa78 ./Core/Src/main.o
 .debug_macro   0x0000000000000e16      0x29b ./Core/Src/main.o
 .debug_macro   0x00000000000010b1       0x2e ./Core/Src/main.o
 .debug_macro   0x00000000000010df       0x28 ./Core/Src/main.o
 .debug_macro   0x0000000000001107       0x8e ./Core/Src/main.o
 .debug_macro   0x0000000000001195       0x51 ./Core/Src/main.o
 .debug_macro   0x00000000000011e6       0x1c ./Core/Src/main.o
 .debug_macro   0x0000000000001202       0x22 ./Core/Src/main.o
 .debug_macro   0x0000000000001224       0xd9 ./Core/Src/main.o
 .debug_macro   0x00000000000012fd     0x102d ./Core/Src/main.o
 .debug_macro   0x000000000000232a      0x11f ./Core/Src/main.o
 .debug_macro   0x0000000000002449     0xb86c ./Core/Src/main.o
 .debug_macro   0x000000000000dcb5       0x6d ./Core/Src/main.o
 .debug_macro   0x000000000000dd22     0x367e ./Core/Src/main.o
 .debug_macro   0x00000000000113a0      0x174 ./Core/Src/main.o
 .debug_macro   0x0000000000011514       0x5c ./Core/Src/main.o
 .debug_macro   0x0000000000011570      0x416 ./Core/Src/main.o
 .debug_macro   0x0000000000011986      0x9fe ./Core/Src/main.o
 .debug_macro   0x0000000000012384      0x115 ./Core/Src/main.o
 .debug_macro   0x0000000000012499       0xf8 ./Core/Src/main.o
 .debug_macro   0x0000000000012591       0xa5 ./Core/Src/main.o
 .debug_macro   0x0000000000012636      0x15f ./Core/Src/main.o
 .debug_macro   0x0000000000012795      0x287 ./Core/Src/main.o
 .debug_macro   0x0000000000012a1c       0x5f ./Core/Src/main.o
 .debug_macro   0x0000000000012a7b      0x236 ./Core/Src/main.o
 .debug_macro   0x0000000000012cb1      0x132 ./Core/Src/main.o
 .debug_macro   0x0000000000012de3      0x264 ./Core/Src/main.o
 .debug_macro   0x0000000000013047       0x2e ./Core/Src/main.o
 .debug_macro   0x0000000000013075      0x11a ./Core/Src/main.o
 .debug_macro   0x000000000001318f       0x85 ./Core/Src/main.o
 .debug_macro   0x0000000000013214       0x89 ./Core/Src/main.o
 .debug_macro   0x000000000001329d      0x8e6 ./Core/Src/main.o
 .debug_macro   0x0000000000013b83       0x47 ./Core/Src/main.o
 .debug_macro   0x0000000000013bca      0x295 ./Core/Src/main.o
 .debug_macro   0x0000000000013e5f      0x126 ./Core/Src/main.o
 .debug_macro   0x0000000000013f85       0x4c ./Core/Src/main.o
 .debug_macro   0x0000000000013fd1      0x427 ./Core/Src/mainpp.o
 .debug_macro   0x00000000000143f8     0x102d ./Core/Src/mainpp.o
 .debug_macro   0x0000000000015425       0x52 ./Core/Src/mainpp.o
 .debug_macro   0x0000000000015477       0x10 ./Core/Src/mainpp.o
 .debug_macro   0x0000000000015487       0x20 ./Core/Src/mainpp.o
 .debug_macro   0x00000000000154a7       0x10 ./Core/Src/mainpp.o
 .debug_macro   0x00000000000154b7       0x1c ./Core/Src/mainpp.o
 .debug_macro   0x00000000000154d3       0xde ./Core/Src/mainpp.o
 .debug_macro   0x00000000000155b1      0x3cd ./Core/Src/mainpp.o
 .debug_macro   0x000000000001597e       0x10 ./Core/Src/mainpp.o
 .debug_macro   0x000000000001598e      0x1dd ./Core/Src/stm32f4xx_hal_msp.o
 .debug_macro   0x0000000000015b6b      0x1e7 ./Core/Src/stm32f4xx_it.o
 .debug_macro   0x0000000000015d52      0x24c ./Core/Src/syscalls.o
 .debug_macro   0x0000000000015f9e       0x34 ./Core/Src/syscalls.o
 .debug_macro   0x0000000000015fd2      0x341 ./Core/Src/syscalls.o
 .debug_macro   0x0000000000016313       0x43 ./Core/Src/syscalls.o
 .debug_macro   0x0000000000016356       0x1c ./Core/Src/syscalls.o
 .debug_macro   0x0000000000016372       0x10 ./Core/Src/syscalls.o
 .debug_macro   0x0000000000016382       0x35 ./Core/Src/syscalls.o
 .debug_macro   0x00000000000163b7       0x10 ./Core/Src/syscalls.o
 .debug_macro   0x00000000000163c7       0x10 ./Core/Src/syscalls.o
 .debug_macro   0x00000000000163d7       0x10 ./Core/Src/syscalls.o
 .debug_macro   0x00000000000163e7       0x1c ./Core/Src/syscalls.o
 .debug_macro   0x0000000000016403       0x52 ./Core/Src/syscalls.o
 .debug_macro   0x0000000000016455       0x22 ./Core/Src/syscalls.o
 .debug_macro   0x0000000000016477       0x10 ./Core/Src/syscalls.o
 .debug_macro   0x0000000000016487       0x52 ./Core/Src/syscalls.o
 .debug_macro   0x00000000000164d9       0xd5 ./Core/Src/syscalls.o
 .debug_macro   0x00000000000165ae       0x1c ./Core/Src/syscalls.o
 .debug_macro   0x00000000000165ca       0x3d ./Core/Src/syscalls.o
 .debug_macro   0x0000000000016607       0x35 ./Core/Src/syscalls.o
 .debug_macro   0x000000000001663c      0x12c ./Core/Src/syscalls.o
 .debug_macro   0x0000000000016768       0x10 ./Core/Src/syscalls.o
 .debug_macro   0x0000000000016778      0x241 ./Core/Src/syscalls.o
 .debug_macro   0x00000000000169b9       0x1c ./Core/Src/syscalls.o
 .debug_macro   0x00000000000169d5       0x10 ./Core/Src/syscalls.o
 .debug_macro   0x00000000000169e5       0x10 ./Core/Src/syscalls.o
 .debug_macro   0x00000000000169f5       0x16 ./Core/Src/syscalls.o
 .debug_macro   0x0000000000016a0b      0x145 ./Core/Src/syscalls.o
 .debug_macro   0x0000000000016b50      0x189 ./Core/Src/syscalls.o
 .debug_macro   0x0000000000016cd9       0x16 ./Core/Src/syscalls.o
 .debug_macro   0x0000000000016cef       0xce ./Core/Src/syscalls.o
 .debug_macro   0x0000000000016dbd       0xff ./Core/Src/sysmem.o
 .debug_macro   0x0000000000016ebc      0x23b ./Core/Src/sysmem.o
 .debug_macro   0x00000000000170f7      0x1ce ./Core/Src/system_stm32f4xx.o
 .debug_macro   0x00000000000172c5      0x22e ./Drivers/STM32F4xx_HAL_Driver/Src/stm32f4xx_hal.o
 .debug_macro   0x00000000000174f3      0x1ce ./Drivers/STM32F4xx_HAL_Driver/Src/stm32f4xx_hal_cortex.o
 .debug_macro   0x00000000000176c1      0x1d4 ./Drivers/STM32F4xx_HAL_Driver/Src/stm32f4xx_hal_dma.o
 .debug_macro   0x0000000000017895      0x1d4 ./Drivers/STM32F4xx_HAL_Driver/Src/stm32f4xx_hal_gpio.o