04:13:34 **** Build of configuration Debug for project crawler_feedback_controller ****
make -j8 all 
arm-none-eabi-g++ -o "crawler_feedback_controller.elf" @"objects.list"   -mcpu=cortex-m4 -T"/home/adachi/STM32CubeIDE/workspace_1.10.0/crawler_feedback_controller/STM32F401RETX_FLASH.ld" --specs=nosys.specs -Wl,-Map="crawler_feedback_controller.map" -Wl,--gc-sections -static --specs=nano.specs -mfpu=fpv4-sp-d16 -mfloat-abi=hard -mthumb -Wl,--start-group -lc -lm -lstdc++ -lsupc++ -Wl,--end-group
Finished building target: crawler_feedback_controller.elf
 
arm-none-eabi-size   crawler_feedback_controller.elf 
arm-none-eabi-objdump -h -S  crawler_feedback_controller.elf  > "crawler_feedback_controller.list"
   text	   data	    bss	    dec	    hex	filename
  27844	    128	   4420	  32392	   7e88	crawler_feedback_controller.elf
Finished building: default.size.stdout
 
Finished building: crawler_feedback_controller.list
 
04:13:55 **** Incremental Build of configuration Debug for project crawler_feedback_controller ****
make -j8 all 
arm-none-eabi-size   crawler_feedback_controller.elf 
   text	   data	    bss	    dec	    hex	filename
  27844	    128	   4420	  32392	   7e88	crawler_feedback_controller.elf
Finished building: default.size.stdout
 
04:14:48 **** Build of configuration Debug for project ros_serial_twist_pwm ****
make -j8 all 
arm-none-eabi-size   ros_serial_twist_pwm.elf 
   text	   data	    bss	    dec	    hex	filename
  27844	    128	   4420	  32392	   7e88	ros_serial_twist_pwm.elf
Finished building: default.size.stdout
 
