05:39:06 **** Build of configuration Debug for project ros_serial_pwm ****
make -j8 all 
arm-none-eabi-g++ "../Core/Src/mainpp.cpp" -mcpu=cortex-m4 -std=gnu++14 -g3 -DDEBUG -DUSE_HAL_DRIVER -DSTM32F401xE -c -I../Core/Inc -I../Drivers/STM32F4xx_HAL_Driver/Inc -I../Drivers/STM32F4xx_HAL_Driver/Inc/Legacy -I../Drivers/CMSIS/Device/ST/STM32F4xx/Include -I../Drivers/CMSIS/Include -O0 -ffunction-sections -fdata-sections -fno-exceptions -fno-rtti -fno-use-cxa-atexit -Wall -fstack-usage -MMD -MP -MF"Core/Src/mainpp.d" -MT"Core/Src/mainpp.o" --specs=nano.specs -mfpu=fpv4-sp-d16 -mfloat-abi=hard -mthumb -o "Core/Src/mainpp.o"
In file included from ../Core/Inc/ros.h:39,
                 from ../Core/Src/mainpp.cpp:15:
../Core/Inc/STM32Hardware.h: In member function 'void STM32Hardware::write(uint8_t*, int)':
../Core/Inc/STM32Hardware.h:112:22: warning: comparison of integer expressions of different signedness: 'int' and 'long unsigned int' [-Wsign-compare]
  112 |       int n_tail = n <= tbuflen - twind ? n : tbuflen - twind;
      |                    ~~^~~~~~~~~~~~~~~~~~
../Core/Src/mainpp.cpp: In function 'void led1_cb(const std_msgs::UInt8&)':
../Core/Src/mainpp.cpp:66:16: warning: unused variable 'duty2' [-Wunused-variable]
   66 |  unsigned char duty2 = msg.data;
      |                ^~~~~
../Core/Src/mainpp.cpp: In function 'void led2_cb(const std_msgs::UInt8&)':
../Core/Src/mainpp.cpp:70:16: warning: unused variable 'duty3' [-Wunused-variable]
   70 |  unsigned char duty3 = msg.data;
      |                ^~~~~
../Core/Src/mainpp.cpp: In function 'void led3_cb(const std_msgs::UInt8&)':
../Core/Src/mainpp.cpp:74:16: warning: unused variable 'duty4' [-Wunused-variable]
   74 |  unsigned char duty4 = msg.data;
      |                ^~~~~
arm-none-eabi-g++ -o "ros_serial_pwm.elf" @"objects.list"   -mcpu=cortex-m4 -T"/home/adachi/STM32CubeIDE/workspace_1.10.0/ros_serial_pwm/STM32F401RETX_FLASH.ld" --specs=nosys.specs -Wl,-Map="ros_serial_pwm.map" -Wl,--gc-sections -static --specs=nano.specs -mfpu=fpv4-sp-d16 -mfloat-abi=hard -mthumb -Wl,--start-group -lc -lm -lstdc++ -lsupc++ -Wl,--end-group
Finished building target: ros_serial_pwm.elf
 
arm-none-eabi-size   ros_serial_pwm.elf 
arm-none-eabi-objdump -h -S  ros_serial_pwm.elf  > "ros_serial_pwm.list"
   text	   data	    bss	    dec	    hex	filename
  26604	    128	   4404	  31136	   79a0	ros_serial_pwm.elf
Finished building: default.size.stdout
 
Finished building: ros_serial_pwm.list
 

05:39:07 Build Finished. 0 errors, 4 warnings. (took 622ms)

